Archive member included to satisfy reference by file (symbol)

/usr/lib/gcc/arm-none-eabi/10.3.1/thumb/v6-m/nofp/libgcc.a(_dvmd_tls.o)
                              CMakeFiles/test.dir/home/franklin/Git/770/capstone-project-team_05/project/compsys/pico-sdk/src/rp2_common/pico_divider/divider.S.obj (__aeabi_idiv0)
/usr/lib/gcc/arm-none-eabi/10.3.1/../../../arm-none-eabi/lib/thumb/v6-m/nofp/libc.a(lib_a-atexit.o)
                              /usr/lib/gcc/arm-none-eabi/10.3.1/../../../arm-none-eabi/lib/thumb/v6-m/nofp/crt0.o (atexit)
/usr/lib/gcc/arm-none-eabi/10.3.1/../../../arm-none-eabi/lib/thumb/v6-m/nofp/libc.a(lib_a-atoi.o)
                              CMakeFiles/test.dir/home/franklin/Git/770/capstone-project-team_05/project/compsys/pico-sdk/lib/lwip/src/core/netif.c.obj (atoi)
/usr/lib/gcc/arm-none-eabi/10.3.1/../../../arm-none-eabi/lib/thumb/v6-m/nofp/libc.a(lib_a-calloc.o)
                              CMakeFiles/test.dir/home/franklin/Git/770/capstone-project-team_05/project/compsys/pico-sdk/src/rp2_common/pico_malloc/pico_malloc.c.obj (calloc)
/usr/lib/gcc/arm-none-eabi/10.3.1/../../../arm-none-eabi/lib/thumb/v6-m/nofp/libc.a(lib_a-callocr.o)
                              /usr/lib/gcc/arm-none-eabi/10.3.1/../../../arm-none-eabi/lib/thumb/v6-m/nofp/libc.a(lib_a-calloc.o) (_calloc_r)
/usr/lib/gcc/arm-none-eabi/10.3.1/../../../arm-none-eabi/lib/thumb/v6-m/nofp/libc.a(lib_a-ctype_.o)
                              CMakeFiles/test.dir/home/franklin/Git/770/capstone-project-team_05/project/compsys/pico-sdk/lib/lwip/src/core/dns.c.obj (_ctype_)
/usr/lib/gcc/arm-none-eabi/10.3.1/../../../arm-none-eabi/lib/thumb/v6-m/nofp/libc.a(lib_a-fini.o)
                              /usr/lib/gcc/arm-none-eabi/10.3.1/../../../arm-none-eabi/lib/thumb/v6-m/nofp/crt0.o (__libc_fini_array)
/usr/lib/gcc/arm-none-eabi/10.3.1/../../../arm-none-eabi/lib/thumb/v6-m/nofp/libc.a(lib_a-impure.o)
                              /usr/lib/gcc/arm-none-eabi/10.3.1/../../../arm-none-eabi/lib/thumb/v6-m/nofp/libc.a(lib_a-calloc.o) (_impure_ptr)
/usr/lib/gcc/arm-none-eabi/10.3.1/../../../arm-none-eabi/lib/thumb/v6-m/nofp/libc.a(lib_a-init.o)
                              /usr/lib/gcc/arm-none-eabi/10.3.1/../../../arm-none-eabi/lib/thumb/v6-m/nofp/crt0.o (__libc_init_array)
/usr/lib/gcc/arm-none-eabi/10.3.1/../../../arm-none-eabi/lib/thumb/v6-m/nofp/libc.a(lib_a-malloc.o)
                              CMakeFiles/test.dir/home/franklin/Git/770/capstone-project-team_05/project/compsys/pico-sdk/src/rp2_common/pico_malloc/pico_malloc.c.obj (malloc)
/usr/lib/gcc/arm-none-eabi/10.3.1/../../../arm-none-eabi/lib/thumb/v6-m/nofp/libc.a(lib_a-mallocr.o)
                              /usr/lib/gcc/arm-none-eabi/10.3.1/../../../arm-none-eabi/lib/thumb/v6-m/nofp/libc.a(lib_a-callocr.o) (_malloc_r)
/usr/lib/gcc/arm-none-eabi/10.3.1/../../../arm-none-eabi/lib/thumb/v6-m/nofp/libc.a(lib_a-memcmp.o)
                              CMakeFiles/test.dir/home/franklin/Git/770/capstone-project-team_05/project/compsys/pico-sdk/lib/lwip/src/netif/ethernet.c.obj (memcmp)
/usr/lib/gcc/arm-none-eabi/10.3.1/../../../arm-none-eabi/lib/thumb/v6-m/nofp/libc.a(lib_a-memmove.o)
                              CMakeFiles/test.dir/home/franklin/Git/770/capstone-project-team_05/project/compsys/pico-sdk/lib/lwip/src/core/def.c.obj (memmove)
/usr/lib/gcc/arm-none-eabi/10.3.1/../../../arm-none-eabi/lib/thumb/v6-m/nofp/libc.a(lib_a-mlock.o)
                              /usr/lib/gcc/arm-none-eabi/10.3.1/../../../arm-none-eabi/lib/thumb/v6-m/nofp/libc.a(lib_a-mallocr.o) (__malloc_lock)
/usr/lib/gcc/arm-none-eabi/10.3.1/../../../arm-none-eabi/lib/thumb/v6-m/nofp/libc.a(lib_a-realloc.o)
                              CMakeFiles/test.dir/home/franklin/Git/770/capstone-project-team_05/project/compsys/pico-sdk/src/rp2_common/pico_malloc/pico_malloc.c.obj (realloc)
/usr/lib/gcc/arm-none-eabi/10.3.1/../../../arm-none-eabi/lib/thumb/v6-m/nofp/libc.a(lib_a-reallocr.o)
                              /usr/lib/gcc/arm-none-eabi/10.3.1/../../../arm-none-eabi/lib/thumb/v6-m/nofp/libc.a(lib_a-realloc.o) (_realloc_r)
/usr/lib/gcc/arm-none-eabi/10.3.1/../../../arm-none-eabi/lib/thumb/v6-m/nofp/libc.a(lib_a-sbrkr.o)
                              /usr/lib/gcc/arm-none-eabi/10.3.1/../../../arm-none-eabi/lib/thumb/v6-m/nofp/libc.a(lib_a-mallocr.o) (_sbrk_r)
/usr/lib/gcc/arm-none-eabi/10.3.1/../../../arm-none-eabi/lib/thumb/v6-m/nofp/libc.a(lib_a-strlen-stub.o)
                              CMakeFiles/test.dir/home/franklin/Git/770/capstone-project-team_05/project/compsys/pico-sdk/lib/lwip/src/core/def.c.obj (strlen)
/usr/lib/gcc/arm-none-eabi/10.3.1/../../../arm-none-eabi/lib/thumb/v6-m/nofp/libc.a(lib_a-strncmp.o)
                              CMakeFiles/test.dir/home/franklin/Git/770/capstone-project-team_05/project/compsys/pico-sdk/lib/lwip/src/core/def.c.obj (strncmp)
/usr/lib/gcc/arm-none-eabi/10.3.1/../../../arm-none-eabi/lib/thumb/v6-m/nofp/libc.a(lib_a-strtol.o)
[...]
Memory Configuration

Name             Origin             Length             Attributes
FLASH            0x0000000010000000 0x0000000000200000 xr
RAM              0x0000000020000000 0x0000000000040000 xrw
SCRATCH_X        0x0000000020040000 0x0000000000001000 xrw
SCRATCH_Y        0x0000000020041000 0x0000000000001000 xrw
*default*        0x0000000000000000 0xffffffffffffffff

Linker script and memory map

LOAD /usr/lib/gcc/arm-none-eabi/10.3.1/thumb/v6-m/nofp/crti.o
LOAD /usr/lib/gcc/arm-none-eabi/10.3.1/thumb/v6-m/nofp/crtbegin.o
LOAD /usr/lib/gcc/arm-none-eabi/10.3.1/../../../arm-none-eabi/lib/thumb/v6-m/nofp/crt0.o

.flash_begin    0x0000000010000000        0x0
                0x0000000010000000                __flash_binary_start = .

.boot2          0x0000000010000000      0x100
                0x0000000010000000                __boot2_start__ = .
 *(.boot2)
 .boot2         0x0000000010000000      0x100 /tmp/ccnZ2jei.o
                0x0000000010000100                __boot2_end__ = .
                0x0000000000000001                ASSERT (((__boot2_end__ - __boot2_start__) == 0x100), ERROR: Pico second stage bootloader must be 256 bytes in size)

.text           0x0000000010000100    0x175a8
                0x0000000010000100                __logical_binary_start = .
 *(.vectors)
 .vectors       0x0000000010000100       0xd4 CMakeFiles/test.dir/home/franklin/Git/770/capstone-project-team_05/project/compsys/pico-sdk/src/rp2_common/pico_standard_link/crt0.S.obj
                0x0000000010000100                __vectors
                0x0000000010000100                __VECTOR_TABLE
                0x00000000100001c0                isr_invalid
                0x00000000100001c0                __default_isrs_start
                0x00000000100001c2                isr_nmi
                0x00000000100001c4                isr_hardfault
                0x00000000100001c6                isr_svcall
                0x00000000100001c8                isr_pendsv
                0x00000000100001ca                isr_systick
                0x00000000100001cc                isr_irq30
                0x00000000100001cc                __unhandled_user_irq
                0x00000000100001cc                isr_irq13
                0x00000000100001cc                isr_irq27
                0x00000000100001cc                isr_irq31
                0x00000000100001cc                isr_irq5
                0x00000000100001cc                isr_irq11
                0x00000000100001cc                isr_irq23
                0x00000000100001cc                isr_irq18
                0x00000000100001cc                isr_irq28
                0x00000000100001cc                isr_irq19
                0x00000000100001cc                isr_irq0
                0x00000000100001cc                isr_irq6
                0x00000000100001cc                isr_irq22
                0x00000000100001cc                isr_irq17
                0x00000000100001cc                isr_irq14
                0x00000000100001cc                isr_irq2
                0x00000000100001cc                isr_irq10
                0x00000000100001cc                isr_irq8
                0x00000000100001cc                isr_irq24
                0x00000000100001cc                isr_irq1
                0x00000000100001cc                isr_irq7
                0x00000000100001cc                isr_irq21
                0x00000000100001cc                isr_irq20
                0x00000000100001cc                isr_irq15
                0x00000000100001cc                isr_irq25
                0x00000000100001cc                isr_irq4
                0x00000000100001cc                isr_irq16
                0x00000000100001cc                isr_irq29
                0x00000000100001cc                isr_irq26
                0x00000000100001cc                __default_isrs_end
                0x00000000100001cc                isr_irq3
                0x00000000100001cc                isr_irq12
                0x00000000100001cc                isr_irq9
                0x00000000100001d2                unhandled_user_irq_num_in_r0
 *(.binary_info_header)
 .binary_info_header
                0x00000000100001d4       0x14 CMakeFiles/test.dir/home/franklin/Git/770/capstone-project-team_05/project/compsys/pico-sdk/src/rp2_common/pico_standard_link/crt0.S.obj
                0x00000000100001e8                __binary_info_header_end = .
 *(.reset)
 .reset         0x00000000100001e8       0xa0 CMakeFiles/test.dir/home/franklin/Git/770/capstone-project-team_05/project/compsys/pico-sdk/src/rp2_common/pico_standard_link/crt0.S.obj
                0x00000000100001e8                _entry_point
 .reset         0x0000000010000288       0x30 CMakeFiles/test.dir/home/franklin/Git/770/capstone-project-team_05/project/compsys/pico-sdk/src/rp2_common/pico_standard_link/binary_info.c.obj
 *(.init)
 .init          0x00000000100002b8        0x4 /usr/lib/gcc/arm-none-eabi/10.3.1/thumb/v6-m/nofp/crti.o
                0x00000000100002b8                _init
 *(EXCLUDE_FILE(*libm.a: *libc.a:*lib_a-mem*.o *libgcc.a:) .text*)
 .text          0x00000000100002bc       0x98 /usr/lib/gcc/arm-none-eabi/10.3.1/thumb/v6-m/nofp/crtbegin.o
 .text.init_gpio
                0x0000000010000354       0x38 CMakeFiles/test.dir/src/main.c.obj
                0x0000000010000354                init_gpio
 .text.startup.main
                0x000000001000038c       0xf0 CMakeFiles/test.dir/src/main.c.obj
                0x000000001000038c                main
 .text.init_adc
                0x000000001000047c       0x38 CMakeFiles/test.dir/src/adc.c.obj
                0x000000001000047c                init_adc
 .text.tare_adc
                0x00000000100004b4       0x8c CMakeFiles/test.dir/src/adc.c.obj
                0x00000000100004b4                tare_adc
 .text.get_adc_average
                0x0000000010000540       0xa8 CMakeFiles/test.dir/src/adc.c.obj
                0x0000000010000540                get_adc_average
 .text.clear_adc_ave_arr
                0x00000000100005e8       0x20 CMakeFiles/test.dir/src/adc.c.obj
                0x00000000100005e8                clear_adc_ave_arr
 .text.get_adc_mean_reading
                0x0000000010000608       0x30 CMakeFiles/test.dir/src/adc.c.obj
                0x0000000010000608                get_adc_mean_reading
 .text.is_uniform_data
                0x0000000010000638       0x5c CMakeFiles/test.dir/src/adc.c.obj
                0x0000000010000638                is_uniform_data
 .text.translate_adc_reading
                0x0000000010000694       0x64 CMakeFiles/test.dir/src/adc.c.obj
                0x0000000010000694                translate_adc_reading
 .text.take_adc_reading
                0x00000000100006f8       0x2c CMakeFiles/test.dir/src/adc.c.obj
                0x00000000100006f8                take_adc_reading
 .text.wifi_connect
                0x0000000010000724       0x7c CMakeFiles/test.dir/src/wifi.c.obj
                0x0000000010000724                wifi_connect
 .text.lwip_timeout_reached
                0x00000000100007a0        0x8 CMakeFiles/test.dir/home/franklin/Git/770/capstone-project-team_05/project/compsys/pico-sdk/src/rp2_common/pico_lwip/lwip_nosys.c.obj
 .text.update_next_timeout
                0x00000000100007a8       0x6c CMakeFiles/test.dir/home/franklin/Git/770/capstone-project-team_05/project/compsys/pico-sdk/src/rp2_common/pico_lwip/lwip_nosys.c.obj
 .text.lwip_nosys_init
                0x0000000010000814       0x30 CMakeFiles/test.dir/home/franklin/Git/770/capstone-project-team_05/project/compsys/pico-sdk/src/rp2_common/pico_lwip/lwip_nosys.c.obj
                0x0000000010000814                lwip_nosys_init
 .text.lwip_nosys_deinit
                0x0000000010000844       0x20 CMakeFiles/test.dir/home/franklin/Git/770/capstone-project-team_05/project/compsys/pico-sdk/src/rp2_common/pico_lwip/lwip_nosys.c.obj
                0x0000000010000844                lwip_nosys_deinit
 .text.sys_arch_protect
                0x0000000010000864        0x4 CMakeFiles/test.dir/home/franklin/Git/770/capstone-project-team_05/project/compsys/pico-sdk/src/rp2_common/pico_lwip/lwip_nosys.c.obj
                0x0000000010000864                sys_arch_protect
 .text.sys_arch_unprotect
                0x0000000010000868        0x4 CMakeFiles/test.dir/home/franklin/Git/770/capstone-project-team_05/project/compsys/pico-sdk/src/rp2_common/pico_lwip/lwip_nosys.c.obj
                0x0000000010000868                sys_arch_unprotect
 .text.sys_now  0x000000001000086c       0x20 CMakeFiles/test.dir/home/franklin/Git/770/capstone-project-team_05/project/compsys/pico-sdk/src/rp2_common/pico_lwip/lwip_nosys.c.obj
                0x000000001000086c                sys_now
 .text.async_context_base_add_at_time_worker
                0x000000001000088c       0x28 CMakeFiles/test.dir/home/franklin/Git/770/capstone-project-team_05/project/compsys/pico-sdk/src/rp2_common/pico_async_context/async_context_base.c.obj
                0x000000001000088c                async_context_base_add_at_time_worker
 .text.async_context_base_remove_at_time_worker
                0x00000000100008b4       0x28 CMakeFiles/test.dir/home/franklin/Git/770/capstone-project-team_05/project/compsys/pico-sdk/src/rp2_common/pico_async_context/async_context_base.c.obj
                0x00000000100008b4                async_context_base_remove_at_time_worker
 .text.async_context_base_add_when_pending_worker
                0x00000000100008dc       0x24 CMakeFiles/test.dir/home/franklin/Git/770/capstone-project-team_05/project/compsys/pico-sdk/src/rp2_common/pico_async_context/async_context_base.c.obj
                0x00000000100008dc                async_context_base_add_when_pending_worker
 .text.async_context_base_remove_when_pending_worker
                0x0000000010000900       0x28 CMakeFiles/test.dir/home/franklin/Git/770/capstone-project-team_05/project/compsys/pico-sdk/src/rp2_common/pico_async_context/async_context_base.c.obj
                0x0000000010000900                async_context_base_remove_when_pending_worker
 .text.async_context_base_execute_once
                0x0000000010000928       0xe8 CMakeFiles/test.dir/home/franklin/Git/770/capstone-project-team_05/project/compsys/pico-sdk/src/rp2_common/pico_async_context/async_context_base.c.obj
                0x0000000010000928                async_context_base_execute_once
 .text.running_on_fpga
                0x0000000010000a10       0x10 CMakeFiles/test.dir/home/franklin/Git/770/capstone-project-team_05/project/compsys/pico-sdk/src/rp2_common/pico_platform/platform.c.obj
                0x0000000010000a10                running_on_fpga
 .text.splitmix64
                0x0000000010000a20       0x5c CMakeFiles/test.dir/home/franklin/Git/770/capstone-project-team_05/project/compsys/pico-sdk/src/rp2_common/pico_rand/rand.c.obj
 .text.xoroshiro128ss
                0x0000000010000a7c       0x90 CMakeFiles/test.dir/home/franklin/Git/770/capstone-project-team_05/project/compsys/pico-sdk/src/rp2_common/pico_rand/rand.c.obj
 .text.get_rand_64
                0x0000000010000b0c      0x484 CMakeFiles/test.dir/home/franklin/Git/770/capstone-project-team_05/project/compsys/pico-sdk/src/rp2_common/pico_rand/rand.c.obj
                0x0000000010000b0c                get_rand_64
 .text.get_rand_32
                0x0000000010000f90        0x8 CMakeFiles/test.dir/home/franklin/Git/770/capstone-project-team_05/project/compsys/pico-sdk/src/rp2_common/pico_rand/rand.c.obj
                0x0000000010000f90                get_rand_32
 .text.startup._retrieve_unique_id_on_boot
                0x0000000010000f98       0x10 CMakeFiles/test.dir/home/franklin/Git/770/capstone-project-team_05/project/compsys/pico-sdk/src/rp2_common/pico_unique_id/unique_id.c.obj
 .text.pico_get_unique_board_id
                0x0000000010000fa8       0x10 CMakeFiles/test.dir/home/franklin/Git/770/capstone-project-team_05/project/compsys/pico-sdk/src/rp2_common/pico_unique_id/unique_id.c.obj
                0x0000000010000fa8                pico_get_unique_board_id
 .text.pico_get_unique_board_id_string
                0x0000000010000fb8      0x1a8 CMakeFiles/test.dir/home/franklin/Git/770/capstone-project-team_05/project/compsys/pico-sdk/src/rp2_common/pico_unique_id/unique_id.c.obj
                0x0000000010000fb8                pico_get_unique_board_id_string
 .text.flash_get_unique_id
                0x0000000010001160       0x40 CMakeFiles/test.dir/home/franklin/Git/770/capstone-project-team_05/project/compsys/pico-sdk/src/rp2_common/hardware_flash/flash.c.obj
                0x0000000010001160                flash_get_unique_id
 .text.hw_claim_lock
                0x00000000100011a0       0x18 CMakeFiles/test.dir/home/franklin/Git/770/capstone-project-team_05/project/compsys/pico-sdk/src/rp2_common/hardware_claim/claim.c.obj
                0x00000000100011a0                hw_claim_lock
 .text.hw_claim_unlock
                0x00000000100011b8       0x14 CMakeFiles/test.dir/home/franklin/Git/770/capstone-project-team_05/project/compsys/pico-sdk/src/rp2_common/hardware_claim/claim.c.obj
                0x00000000100011b8                hw_claim_unlock
 .text.hw_claim_or_assert
                0x00000000100011cc       0x44 CMakeFiles/test.dir/home/franklin/Git/770/capstone-project-team_05/project/compsys/pico-sdk/src/rp2_common/hardware_claim/claim.c.obj
                0x00000000100011cc                hw_claim_or_assert
 .text.hw_claim_unused_from_range
                0x0000000010001210       0x9c CMakeFiles/test.dir/home/franklin/Git/770/capstone-project-team_05/project/compsys/pico-sdk/src/rp2_common/hardware_claim/claim.c.obj
                0x0000000010001210                hw_claim_unused_from_range
 .text.hw_claim_clear
                0x00000000100012ac       0x38 CMakeFiles/test.dir/home/franklin/Git/770/capstone-project-team_05/project/compsys/pico-sdk/src/rp2_common/hardware_claim/claim.c.obj
                0x00000000100012ac                hw_claim_clear
 .text.spin_locks_reset
                0x00000000100012e4       0x1c CMakeFiles/test.dir/home/franklin/Git/770/capstone-project-team_05/project/compsys/pico-sdk/src/rp2_common/hardware_sync/sync.c.obj
                0x00000000100012e4                spin_locks_reset
 .text.next_striped_spin_lock_num
                0x0000000010001300       0x18 CMakeFiles/test.dir/home/franklin/Git/770/capstone-project-team_05/project/compsys/pico-sdk/src/rp2_common/hardware_sync/sync.c.obj
                0x0000000010001300                next_striped_spin_lock_num
 .text.spin_lock_claim_unused
                0x0000000010001318       0x20 CMakeFiles/test.dir/home/franklin/Git/770/capstone-project-team_05/project/compsys/pico-sdk/src/rp2_common/hardware_sync/sync.c.obj
                0x0000000010001318                spin_lock_claim_unused
 .text.rom_func_lookup
                0x0000000010001338       0x10 CMakeFiles/test.dir/home/franklin/Git/770/capstone-project-team_05/project/compsys/pico-sdk/src/rp2_common/pico_bootrom/bootrom.c.obj
                0x0000000010001338                rom_func_lookup
 .text.rom_data_lookup
                0x0000000010001348       0x10 CMakeFiles/test.dir/home/franklin/Git/770/capstone-project-team_05/project/compsys/pico-sdk/src/rp2_common/pico_bootrom/bootrom.c.obj
                0x0000000010001348                rom_data_lookup
 .text.rom_funcs_lookup
                0x0000000010001358       0x44 CMakeFiles/test.dir/home/franklin/Git/770/capstone-project-team_05/project/compsys/pico-sdk/src/rp2_common/pico_bootrom/bootrom.c.obj
                0x0000000010001358                rom_funcs_lookup
 .text.clocks_init
                0x000000001000139c      0x2d0 CMakeFiles/test.dir/home/franklin/Git/770/capstone-project-team_05/project/compsys/pico-sdk/src/rp2_common/hardware_clocks/clocks.c.obj
                0x000000001000139c                clocks_init
 .text.clock_get_hz
                0x000000001000166c        0xc CMakeFiles/test.dir/home/franklin/Git/770/capstone-project-team_05/project/compsys/pico-sdk/src/rp2_common/hardware_clocks/clocks.c.obj
                0x000000001000166c                clock_get_hz
 .text.gpio_set_function
                0x0000000010001678       0x30 CMakeFiles/test.dir/home/franklin/Git/770/capstone-project-team_05/project/compsys/pico-sdk/src/rp2_common/hardware_gpio/gpio.c.obj
                0x0000000010001678                gpio_set_function
 .text.gpio_set_pulls
                0x00000000100016a8       0x30 CMakeFiles/test.dir/home/franklin/Git/770/capstone-project-team_05/project/compsys/pico-sdk/src/rp2_common/hardware_gpio/gpio.c.obj
                0x00000000100016a8                gpio_set_pulls
 .text.gpio_set_input_hysteresis_enabled
                0x00000000100016d8       0x28 CMakeFiles/test.dir/home/franklin/Git/770/capstone-project-team_05/project/compsys/pico-sdk/src/rp2_common/hardware_gpio/gpio.c.obj
                0x00000000100016d8                gpio_set_input_hysteresis_enabled
 .text.gpio_set_irq_enabled
                0x0000000010001700       0x54 CMakeFiles/test.dir/home/franklin/Git/770/capstone-project-team_05/project/compsys/pico-sdk/src/rp2_common/hardware_gpio/gpio.c.obj
                0x0000000010001700                gpio_set_irq_enabled
 .text.gpio_add_raw_irq_handler_with_order_priority_masked
                0x0000000010001754       0x44 CMakeFiles/test.dir/home/franklin/Git/770/capstone-project-team_05/project/compsys/pico-sdk/src/rp2_common/hardware_gpio/gpio.c.obj
                0x0000000010001754                gpio_add_raw_irq_handler_with_order_priority_masked
 .text.gpio_remove_raw_irq_handler_masked
                0x0000000010001798       0x20 CMakeFiles/test.dir/home/franklin/Git/770/capstone-project-team_05/project/compsys/pico-sdk/src/rp2_common/hardware_gpio/gpio.c.obj
                0x0000000010001798                gpio_remove_raw_irq_handler_masked
 .text.gpio_set_input_enabled
                0x00000000100017b8       0x28 CMakeFiles/test.dir/home/franklin/Git/770/capstone-project-team_05/project/compsys/pico-sdk/src/rp2_common/hardware_gpio/gpio.c.obj
                0x00000000100017b8                gpio_set_input_enabled
 .text.gpio_init
                0x00000000100017e0       0x3c CMakeFiles/test.dir/home/franklin/Git/770/capstone-project-team_05/project/compsys/pico-sdk/src/rp2_common/hardware_gpio/gpio.c.obj
                0x00000000100017e0                gpio_init
 .text.irq_set_enabled
                0x000000001000181c       0x24 CMakeFiles/test.dir/home/franklin/Git/770/capstone-project-team_05/project/compsys/pico-sdk/src/rp2_common/hardware_irq/irq.c.obj
                0x000000001000181c                irq_set_enabled
 .text.irq_set_pending
                0x0000000010001840       0x10 CMakeFiles/test.dir/home/franklin/Git/770/capstone-project-team_05/project/compsys/pico-sdk/src/rp2_common/hardware_irq/irq.c.obj
                0x0000000010001840                irq_set_pending
 .text.irq_has_shared_handler
                0x0000000010001850       0x2c CMakeFiles/test.dir/home/franklin/Git/770/capstone-project-team_05/project/compsys/pico-sdk/src/rp2_common/hardware_irq/irq.c.obj
                0x0000000010001850                irq_has_shared_handler
 .text.irq_get_vtable_handler
                0x000000001000187c       0x10 CMakeFiles/test.dir/home/franklin/Git/770/capstone-project-team_05/project/compsys/pico-sdk/src/rp2_common/hardware_irq/irq.c.obj
                0x000000001000187c                irq_get_vtable_handler
 .text.irq_set_exclusive_handler
                0x000000001000188c       0x54 CMakeFiles/test.dir/home/franklin/Git/770/capstone-project-team_05/project/compsys/pico-sdk/src/rp2_common/hardware_irq/irq.c.obj
                0x000000001000188c                irq_set_exclusive_handler
 .text.irq_add_shared_handler
                0x00000000100018e0      0x1e8 CMakeFiles/test.dir/home/franklin/Git/770/capstone-project-team_05/project/compsys/pico-sdk/src/rp2_common/hardware_irq/irq.c.obj
                0x00000000100018e0                irq_add_shared_handler
 .text.irq_remove_handler
                0x0000000010001ac8      0x1b0 CMakeFiles/test.dir/home/franklin/Git/770/capstone-project-team_05/project/compsys/pico-sdk/src/rp2_common/hardware_irq/irq.c.obj
                0x0000000010001ac8                irq_remove_handler
 .text.irq_set_priority
                0x0000000010001c78       0x28 CMakeFiles/test.dir/home/franklin/Git/770/capstone-project-team_05/project/compsys/pico-sdk/src/rp2_common/hardware_irq/irq.c.obj
                0x0000000010001c78                irq_set_priority
 .text.irq_add_tail_to_free_list
                0x0000000010001ca0       0xb4 CMakeFiles/test.dir/home/franklin/Git/770/capstone-project-team_05/project/compsys/pico-sdk/src/rp2_common/hardware_irq/irq.c.obj
                0x0000000010001ca0                irq_add_tail_to_free_list
 .text.irq_init_priorities
                0x0000000010001d54       0x24 CMakeFiles/test.dir/home/franklin/Git/770/capstone-project-team_05/project/compsys/pico-sdk/src/rp2_common/hardware_irq/irq.c.obj
                0x0000000010001d54                irq_init_priorities
 .text.user_irq_unclaim
                0x0000000010001d78       0x14 CMakeFiles/test.dir/home/franklin/Git/770/capstone-project-team_05/project/compsys/pico-sdk/src/rp2_common/hardware_irq/irq.c.obj
                0x0000000010001d78                user_irq_unclaim
 .text.user_irq_claim_unused
                0x0000000010001d8c       0x28 CMakeFiles/test.dir/home/franklin/Git/770/capstone-project-team_05/project/compsys/pico-sdk/src/rp2_common/hardware_irq/irq.c.obj
                0x0000000010001d8c                user_irq_claim_unused
 .text.sem_init
                0x0000000010001db4       0x20 CMakeFiles/test.dir/home/franklin/Git/770/capstone-project-team_05/project/compsys/pico-sdk/src/common/pico_sync/sem.c.obj
                0x0000000010001db4                sem_init
 .text.lock_init
                0x0000000010001dd4       0x10 CMakeFiles/test.dir/home/franklin/Git/770/capstone-project-team_05/project/compsys/pico-sdk/src/common/pico_sync/lock_core.c.obj
                0x0000000010001dd4                lock_init
 .text.mutex_init
                0x0000000010001de4       0x1c CMakeFiles/test.dir/home/franklin/Git/770/capstone-project-team_05/project/compsys/pico-sdk/src/common/pico_sync/mutex.c.obj
                0x0000000010001de4                mutex_init
 .text.recursive_mutex_init
                0x0000000010001e00       0x1c CMakeFiles/test.dir/home/franklin/Git/770/capstone-project-team_05/project/compsys/pico-sdk/src/common/pico_sync/mutex.c.obj
                0x0000000010001e00                recursive_mutex_init
 .text.critical_section_init
                0x0000000010001e1c       0x20 CMakeFiles/test.dir/home/franklin/Git/770/capstone-project-team_05/project/compsys/pico-sdk/src/common/pico_sync/critical_section.c.obj
                0x0000000010001e1c                critical_section_init
 .text.critical_section_init_with_lock_num
                0x0000000010001e3c       0x14 CMakeFiles/test.dir/home/franklin/Git/770/capstone-project-team_05/project/compsys/pico-sdk/src/common/pico_sync/critical_section.c.obj
                0x0000000010001e3c                critical_section_init_with_lock_num
 .text.timer_pool_entry_comparator
                0x0000000010001e50       0x34 CMakeFiles/test.dir/home/franklin/Git/770/capstone-project-team_05/project/compsys/pico-sdk/src/common/pico_time/time.c.obj
                0x0000000010001e50                timer_pool_entry_comparator
 .text.sleep_until_callback
                0x0000000010001e84       0x30 CMakeFiles/test.dir/home/franklin/Git/770/capstone-project-team_05/project/compsys/pico-sdk/src/common/pico_time/time.c.obj
 .text.add_alarm_under_lock.isra.0
                0x0000000010001eb4      0x100 CMakeFiles/test.dir/home/franklin/Git/770/capstone-project-team_05/project/compsys/pico-sdk/src/common/pico_time/time.c.obj
 .text.alarm_pool_alarm_callback
                0x0000000010001fb4      0x1bc CMakeFiles/test.dir/home/franklin/Git/770/capstone-project-team_05/project/compsys/pico-sdk/src/common/pico_time/time.c.obj
 .text.alarm_pool_init_default
                0x0000000010002170       0x6c CMakeFiles/test.dir/home/franklin/Git/770/capstone-project-team_05/project/compsys/pico-sdk/src/common/pico_time/time.c.obj
                0x0000000010002170                alarm_pool_init_default
 .text.alarm_pool_get_default
                0x00000000100021dc        0x8 CMakeFiles/test.dir/home/franklin/Git/770/capstone-project-team_05/project/compsys/pico-sdk/src/common/pico_time/time.c.obj
                0x00000000100021dc                alarm_pool_get_default
 .text.alarm_pool_add_alarm_at
                0x00000000100021e4      0x178 CMakeFiles/test.dir/home/franklin/Git/770/capstone-project-team_05/project/compsys/pico-sdk/src/common/pico_time/time.c.obj
                0x00000000100021e4                alarm_pool_add_alarm_at
 .text.alarm_pool_cancel_alarm
                0x000000001000235c       0x78 CMakeFiles/test.dir/home/franklin/Git/770/capstone-project-team_05/project/compsys/pico-sdk/src/common/pico_time/time.c.obj
                0x000000001000235c                alarm_pool_cancel_alarm
 .text.alarm_pool_core_num
                0x00000000100023d4        0x4 CMakeFiles/test.dir/home/franklin/Git/770/capstone-project-team_05/project/compsys/pico-sdk/src/common/pico_time/time.c.obj
                0x00000000100023d4                alarm_pool_core_num
 .text.sleep_until
                0x00000000100023d8       0xc4 CMakeFiles/test.dir/home/franklin/Git/770/capstone-project-team_05/project/compsys/pico-sdk/src/common/pico_time/time.c.obj
                0x00000000100023d8                sleep_until
 .text.sleep_ms
                0x000000001000249c       0x34 CMakeFiles/test.dir/home/franklin/Git/770/capstone-project-team_05/project/compsys/pico-sdk/src/common/pico_time/time.c.obj
                0x000000001000249c                sleep_ms
 .text.best_effort_wfe_or_timeout
                0x00000000100024d0       0xd4 CMakeFiles/test.dir/home/franklin/Git/770/capstone-project-team_05/project/compsys/pico-sdk/src/common/pico_time/time.c.obj
                0x00000000100024d0                best_effort_wfe_or_timeout
 .text.hardware_alarm_irq_handler
                0x00000000100025a4       0xbc CMakeFiles/test.dir/home/franklin/Git/770/capstone-project-team_05/project/compsys/pico-sdk/src/rp2_common/hardware_timer/timer.c.obj
 .text.hardware_alarm_claim
                0x0000000010002660       0x18 CMakeFiles/test.dir/home/franklin/Git/770/capstone-project-team_05/project/compsys/pico-sdk/src/rp2_common/hardware_timer/timer.c.obj
                0x0000000010002660                hardware_alarm_claim
 .text.time_us_64
                0x0000000010002678       0x14 CMakeFiles/test.dir/home/franklin/Git/770/capstone-project-team_05/project/compsys/pico-sdk/src/rp2_common/hardware_timer/timer.c.obj
                0x0000000010002678                time_us_64
 .text.busy_wait_until
                0x000000001000268c       0x20 CMakeFiles/test.dir/home/franklin/Git/770/capstone-project-team_05/project/compsys/pico-sdk/src/rp2_common/hardware_timer/timer.c.obj
                0x000000001000268c                busy_wait_until
 .text.hardware_alarm_set_callback
                0x00000000100026ac       0x8c CMakeFiles/test.dir/home/franklin/Git/770/capstone-project-team_05/project/compsys/pico-sdk/src/rp2_common/hardware_timer/timer.c.obj
                0x00000000100026ac                hardware_alarm_set_callback
 .text.hardware_alarm_set_target
                0x0000000010002738       0xd4 CMakeFiles/test.dir/home/franklin/Git/770/capstone-project-team_05/project/compsys/pico-sdk/src/rp2_common/hardware_timer/timer.c.obj
                0x0000000010002738                hardware_alarm_set_target
 .text.hardware_alarm_cancel
                0x000000001000280c       0x3c CMakeFiles/test.dir/home/franklin/Git/770/capstone-project-team_05/project/compsys/pico-sdk/src/rp2_common/hardware_timer/timer.c.obj
                0x000000001000280c                hardware_alarm_cancel
 .text.ph_merge_nodes
                0x0000000010002848       0x68 CMakeFiles/test.dir/home/franklin/Git/770/capstone-project-team_05/project/compsys/pico-sdk/src/common/pico_util/pheap.c.obj
 .text.ph_post_alloc_init
                0x00000000100028b0       0x3c CMakeFiles/test.dir/home/franklin/Git/770/capstone-project-team_05/project/compsys/pico-sdk/src/common/pico_util/pheap.c.obj
                0x00000000100028b0                ph_post_alloc_init
 .text.ph_merge_two_pass
                0x00000000100028ec       0x90 CMakeFiles/test.dir/home/franklin/Git/770/capstone-project-team_05/project/compsys/pico-sdk/src/common/pico_util/pheap.c.obj
                0x00000000100028ec                ph_merge_two_pass
 .text.ph_remove_any_head
                0x000000001000297c      0x100 CMakeFiles/test.dir/home/franklin/Git/770/capstone-project-team_05/project/compsys/pico-sdk/src/common/pico_util/pheap.c.obj
 .text.ph_remove_head
                0x0000000010002a7c      0x104 CMakeFiles/test.dir/home/franklin/Git/770/capstone-project-team_05/project/compsys/pico-sdk/src/common/pico_util/pheap.c.obj
                0x0000000010002a7c                ph_remove_head
 .text.ph_remove_and_free_node
                0x0000000010002b80       0x7c CMakeFiles/test.dir/home/franklin/Git/770/capstone-project-team_05/project/compsys/pico-sdk/src/common/pico_util/pheap.c.obj
                0x0000000010002b80                ph_remove_and_free_node
 .text.pll_init
                0x0000000010002bfc       0xa0 CMakeFiles/test.dir/home/franklin/Git/770/capstone-project-team_05/project/compsys/pico-sdk/src/rp2_common/hardware_pll/pll.c.obj
                0x0000000010002bfc                pll_init
 .text.watchdog_start_tick
                0x0000000010002c9c       0x10 CMakeFiles/test.dir/home/franklin/Git/770/capstone-project-team_05/project/compsys/pico-sdk/src/rp2_common/hardware_watchdog/watchdog.c.obj
                0x0000000010002c9c                watchdog_start_tick
 .text.watchdog_reboot
                0x0000000010002cac       0x98 CMakeFiles/test.dir/home/franklin/Git/770/capstone-project-team_05/project/compsys/pico-sdk/src/rp2_common/hardware_watchdog/watchdog.c.obj
                0x0000000010002cac                watchdog_reboot
 .text.xosc_init
                0x0000000010002d44       0x28 CMakeFiles/test.dir/home/franklin/Git/770/capstone-project-team_05/project/compsys/pico-sdk/src/rp2_common/hardware_xosc/xosc.c.obj
                0x0000000010002d44                xosc_init
 .text.lwip_init
                0x0000000010002d6c       0x24 CMakeFiles/test.dir/home/franklin/Git/770/capstone-project-team_05/project/compsys/pico-sdk/lib/lwip/src/core/init.c.obj
                0x0000000010002d6c                lwip_init
 .text.lwip_htons
                0x0000000010002d90        0x8 CMakeFiles/test.dir/home/franklin/Git/770/capstone-project-team_05/project/compsys/pico-sdk/lib/lwip/src/core/def.c.obj
                0x0000000010002d90                lwip_htons
 .text.lwip_htonl
                0x0000000010002d98        0x4 CMakeFiles/test.dir/home/franklin/Git/770/capstone-project-team_05/project/compsys/pico-sdk/lib/lwip/src/core/def.c.obj
                0x0000000010002d98                lwip_htonl
 .text.dns_call_found
                0x0000000010002d9c      0x134 CMakeFiles/test.dir/home/franklin/Git/770/capstone-project-team_05/project/compsys/pico-sdk/lib/lwip/src/core/dns.c.obj
 .text.dns_send.isra.0
                0x0000000010002ed0      0x168 CMakeFiles/test.dir/home/franklin/Git/770/capstone-project-team_05/project/compsys/pico-sdk/lib/lwip/src/core/dns.c.obj
 .text.dns_init
                0x0000000010003038        0x4 CMakeFiles/test.dir/home/franklin/Git/770/capstone-project-team_05/project/compsys/pico-sdk/lib/lwip/src/core/dns.c.obj
                0x0000000010003038                dns_init
 .text.dns_setserver
                0x000000001000303c       0x2c CMakeFiles/test.dir/home/franklin/Git/770/capstone-project-team_05/project/compsys/pico-sdk/lib/lwip/src/core/dns.c.obj
                0x000000001000303c                dns_setserver
 .text.dns_tmr  0x0000000010003068      0x138 CMakeFiles/test.dir/home/franklin/Git/770/capstone-project-team_05/project/compsys/pico-sdk/lib/lwip/src/core/dns.c.obj
                0x0000000010003068                dns_tmr
 .text.lwip_standard_chksum
                0x00000000100031a0       0xd8 CMakeFiles/test.dir/home/franklin/Git/770/capstone-project-team_05/project/compsys/pico-sdk/lib/lwip/src/core/inet_chksum.c.obj
                0x00000000100031a0                lwip_standard_chksum
 .text.inet_chksum_pseudo
                0x0000000010003278       0xb4 CMakeFiles/test.dir/home/franklin/Git/770/capstone-project-team_05/project/compsys/pico-sdk/lib/lwip/src/core/inet_chksum.c.obj
                0x0000000010003278                inet_chksum_pseudo
 .text.ip_chksum_pseudo
                0x000000001000332c       0x10 CMakeFiles/test.dir/home/franklin/Git/770/capstone-project-team_05/project/compsys/pico-sdk/lib/lwip/src/core/inet_chksum.c.obj
                0x000000001000332c                ip_chksum_pseudo
 .text.inet_chksum
                0x000000001000333c        0xc CMakeFiles/test.dir/home/franklin/Git/770/capstone-project-team_05/project/compsys/pico-sdk/lib/lwip/src/core/inet_chksum.c.obj
                0x000000001000333c                inet_chksum
 .text.inet_chksum_pbuf
                0x0000000010003348       0x6c CMakeFiles/test.dir/home/franklin/Git/770/capstone-project-team_05/project/compsys/pico-sdk/lib/lwip/src/core/inet_chksum.c.obj
                0x0000000010003348                inet_chksum_pbuf
 .text.mem_init
                0x00000000100033b4       0x40 CMakeFiles/test.dir/home/franklin/Git/770/capstone-project-team_05/project/compsys/pico-sdk/lib/lwip/src/core/mem.c.obj
                0x00000000100033b4                mem_init
 .text.mem_free
                0x00000000100033f4      0x11c CMakeFiles/test.dir/home/franklin/Git/770/capstone-project-team_05/project/compsys/pico-sdk/lib/lwip/src/core/mem.c.obj
                0x00000000100033f4                mem_free
 .text.mem_trim
                0x0000000010003510      0x110 CMakeFiles/test.dir/home/franklin/Git/770/capstone-project-team_05/project/compsys/pico-sdk/lib/lwip/src/core/mem.c.obj
                0x0000000010003510                mem_trim
 .text.mem_malloc
                0x0000000010003620      0x120 CMakeFiles/test.dir/home/franklin/Git/770/capstone-project-team_05/project/compsys/pico-sdk/lib/lwip/src/core/mem.c.obj
                0x0000000010003620                mem_malloc
 .text.memp_init
                0x0000000010003740       0x6c CMakeFiles/test.dir/home/franklin/Git/770/capstone-project-team_05/project/compsys/pico-sdk/lib/lwip/src/core/memp.c.obj
                0x0000000010003740                memp_init
 .text.memp_malloc
                0x00000000100037ac       0x3c CMakeFiles/test.dir/home/franklin/Git/770/capstone-project-team_05/project/compsys/pico-sdk/lib/lwip/src/core/memp.c.obj
                0x00000000100037ac                memp_malloc
 .text.memp_free
                0x00000000100037e8       0x38 CMakeFiles/test.dir/home/franklin/Git/770/capstone-project-team_05/project/compsys/pico-sdk/lib/lwip/src/core/memp.c.obj
                0x00000000100037e8                memp_free
 .text.netif_null_output_ip4
                0x0000000010003820        0x8 CMakeFiles/test.dir/home/franklin/Git/770/capstone-project-team_05/project/compsys/pico-sdk/lib/lwip/src/core/netif.c.obj
 .text.netif_do_set_ipaddr.isra.0
                0x0000000010003828       0x70 CMakeFiles/test.dir/home/franklin/Git/770/capstone-project-team_05/project/compsys/pico-sdk/lib/lwip/src/core/netif.c.obj
 .text.netif_init
                0x0000000010003898        0x4 CMakeFiles/test.dir/home/franklin/Git/770/capstone-project-team_05/project/compsys/pico-sdk/lib/lwip/src/core/netif.c.obj
                0x0000000010003898                netif_init
 .text.netif_add
                0x000000001000389c      0x144 CMakeFiles/test.dir/home/franklin/Git/770/capstone-project-team_05/project/compsys/pico-sdk/lib/lwip/src/core/netif.c.obj
                0x000000001000389c                netif_add
 .text.netif_set_addr
                0x00000000100039e0       0xb8 CMakeFiles/test.dir/home/franklin/Git/770/capstone-project-team_05/project/compsys/pico-sdk/lib/lwip/src/core/netif.c.obj
                0x00000000100039e0                netif_set_addr
 .text.netif_remove
                0x0000000010003a98       0x94 CMakeFiles/test.dir/home/franklin/Git/770/capstone-project-team_05/project/compsys/pico-sdk/lib/lwip/src/core/netif.c.obj
                0x0000000010003a98                netif_remove
 .text.netif_set_default
                0x0000000010003b2c        0xc CMakeFiles/test.dir/home/franklin/Git/770/capstone-project-team_05/project/compsys/pico-sdk/lib/lwip/src/core/netif.c.obj
                0x0000000010003b2c                netif_set_default
 .text.netif_set_up
                0x0000000010003b38       0x40 CMakeFiles/test.dir/home/franklin/Git/770/capstone-project-team_05/project/compsys/pico-sdk/lib/lwip/src/core/netif.c.obj
                0x0000000010003b38                netif_set_up
 .text.netif_set_link_up
                0x0000000010003b78       0x44 CMakeFiles/test.dir/home/franklin/Git/770/capstone-project-team_05/project/compsys/pico-sdk/lib/lwip/src/core/netif.c.obj
                0x0000000010003b78                netif_set_link_up
 .text.netif_set_link_down
                0x0000000010003bbc       0x20 CMakeFiles/test.dir/home/franklin/Git/770/capstone-project-team_05/project/compsys/pico-sdk/lib/lwip/src/core/netif.c.obj
                0x0000000010003bbc                netif_set_link_down
 .text.netif_get_by_index
                0x0000000010003bdc       0x2c CMakeFiles/test.dir/home/franklin/Git/770/capstone-project-team_05/project/compsys/pico-sdk/lib/lwip/src/core/netif.c.obj
                0x0000000010003bdc                netif_get_by_index
 .text.pbuf_free.part.0
                0x0000000010003c08       0x7c CMakeFiles/test.dir/home/franklin/Git/770/capstone-project-team_05/project/compsys/pico-sdk/lib/lwip/src/core/pbuf.c.obj
 .text.pbuf_free_ooseq
                0x0000000010003c84       0x34 CMakeFiles/test.dir/home/franklin/Git/770/capstone-project-team_05/project/compsys/pico-sdk/lib/lwip/src/core/pbuf.c.obj
                0x0000000010003c84                pbuf_free_ooseq
 .text.pbuf_alloc
                0x0000000010003cb8      0x130 CMakeFiles/test.dir/home/franklin/Git/770/capstone-project-team_05/project/compsys/pico-sdk/lib/lwip/src/core/pbuf.c.obj
                0x0000000010003cb8                pbuf_alloc
 .text.pbuf_realloc
                0x0000000010003de8       0x88 CMakeFiles/test.dir/home/franklin/Git/770/capstone-project-team_05/project/compsys/pico-sdk/lib/lwip/src/core/pbuf.c.obj
                0x0000000010003de8                pbuf_realloc
 .text.pbuf_add_header
                0x0000000010003e70       0x54 CMakeFiles/test.dir/home/franklin/Git/770/capstone-project-team_05/project/compsys/pico-sdk/lib/lwip/src/core/pbuf.c.obj
                0x0000000010003e70                pbuf_add_header
 .text.pbuf_remove_header
                0x0000000010003ec4       0x44 CMakeFiles/test.dir/home/franklin/Git/770/capstone-project-team_05/project/compsys/pico-sdk/lib/lwip/src/core/pbuf.c.obj
                0x0000000010003ec4                pbuf_remove_header
 .text.pbuf_header_force
                0x0000000010003f08       0x74 CMakeFiles/test.dir/home/franklin/Git/770/capstone-project-team_05/project/compsys/pico-sdk/lib/lwip/src/core/pbuf.c.obj
                0x0000000010003f08                pbuf_header_force
 .text.pbuf_free
                0x0000000010003f7c       0x18 CMakeFiles/test.dir/home/franklin/Git/770/capstone-project-team_05/project/compsys/pico-sdk/lib/lwip/src/core/pbuf.c.obj
                0x0000000010003f7c                pbuf_free
 .text.pbuf_clen
                0x0000000010003f94       0x14 CMakeFiles/test.dir/home/franklin/Git/770/capstone-project-team_05/project/compsys/pico-sdk/lib/lwip/src/core/pbuf.c.obj
                0x0000000010003f94                pbuf_clen
 .text.pbuf_ref
                0x0000000010003fa8       0x28 CMakeFiles/test.dir/home/franklin/Git/770/capstone-project-team_05/project/compsys/pico-sdk/lib/lwip/src/core/pbuf.c.obj
                0x0000000010003fa8                pbuf_ref
 .text.pbuf_cat
                0x0000000010003fd0       0x3c CMakeFiles/test.dir/home/franklin/Git/770/capstone-project-team_05/project/compsys/pico-sdk/lib/lwip/src/core/pbuf.c.obj
                0x0000000010003fd0                pbuf_cat
 .text.pbuf_chain
                0x000000001000400c       0x64 CMakeFiles/test.dir/home/franklin/Git/770/capstone-project-team_05/project/compsys/pico-sdk/lib/lwip/src/core/pbuf.c.obj
                0x000000001000400c                pbuf_chain
 .text.pbuf_copy_partial_pbuf
                0x0000000010004070      0x13c CMakeFiles/test.dir/home/franklin/Git/770/capstone-project-team_05/project/compsys/pico-sdk/lib/lwip/src/core/pbuf.c.obj
                0x0000000010004070                pbuf_copy_partial_pbuf
 .text.pbuf_copy
                0x00000000100041ac       0x18 CMakeFiles/test.dir/home/franklin/Git/770/capstone-project-team_05/project/compsys/pico-sdk/lib/lwip/src/core/pbuf.c.obj
                0x00000000100041ac                pbuf_copy
 .text.pbuf_copy_partial
                0x00000000100041c4       0x70 CMakeFiles/test.dir/home/franklin/Git/770/capstone-project-team_05/project/compsys/pico-sdk/lib/lwip/src/core/pbuf.c.obj
                0x00000000100041c4                pbuf_copy_partial
 .text.pbuf_take
                0x0000000010004234       0x78 CMakeFiles/test.dir/home/franklin/Git/770/capstone-project-team_05/project/compsys/pico-sdk/lib/lwip/src/core/pbuf.c.obj
                0x0000000010004234                pbuf_take
 .text.pbuf_take_at
                0x00000000100042ac       0xc0 CMakeFiles/test.dir/home/franklin/Git/770/capstone-project-team_05/project/compsys/pico-sdk/lib/lwip/src/core/pbuf.c.obj
                0x00000000100042ac                pbuf_take_at
 .text.pbuf_clone
                0x000000001000436c       0x30 CMakeFiles/test.dir/home/franklin/Git/770/capstone-project-team_05/project/compsys/pico-sdk/lib/lwip/src/core/pbuf.c.obj
                0x000000001000436c                pbuf_clone
 .text.pbuf_put_at
                0x000000001000439c       0x1c CMakeFiles/test.dir/home/franklin/Git/770/capstone-project-team_05/project/compsys/pico-sdk/lib/lwip/src/core/pbuf.c.obj
                0x000000001000439c                pbuf_put_at
 .text.raw_input
                0x00000000100043b8       0xf0 CMakeFiles/test.dir/home/franklin/Git/770/capstone-project-team_05/project/compsys/pico-sdk/lib/lwip/src/core/raw.c.obj
                0x00000000100043b8                raw_input
 .text.raw_netif_ip_addr_changed
                0x00000000100044a8       0x40 CMakeFiles/test.dir/home/franklin/Git/770/capstone-project-team_05/project/compsys/pico-sdk/lib/lwip/src/core/raw.c.obj
                0x00000000100044a8                raw_netif_ip_addr_changed
 .text.stats_init
                0x00000000100044e8        0x4 CMakeFiles/test.dir/home/franklin/Git/770/capstone-project-team_05/project/compsys/pico-sdk/lib/lwip/src/core/stats.c.obj
                0x00000000100044e8                stats_init
 .text.tcp_close_shutdown_fin
                0x00000000100044ec       0x58 CMakeFiles/test.dir/home/franklin/Git/770/capstone-project-team_05/project/compsys/pico-sdk/lib/lwip/src/core/tcp.c.obj
 .text.tcp_pcb_purge.part.0
                0x0000000010004544       0xc4 CMakeFiles/test.dir/home/franklin/Git/770/capstone-project-team_05/project/compsys/pico-sdk/lib/lwip/src/core/tcp.c.obj
 .text.tcp_init
                0x0000000010004608       0x20 CMakeFiles/test.dir/home/franklin/Git/770/capstone-project-team_05/project/compsys/pico-sdk/lib/lwip/src/core/tcp.c.obj
                0x0000000010004608                tcp_init
 .text.tcp_free
                0x0000000010004628       0x1c CMakeFiles/test.dir/home/franklin/Git/770/capstone-project-team_05/project/compsys/pico-sdk/lib/lwip/src/core/tcp.c.obj
                0x0000000010004628                tcp_free
 .text.tcp_update_rcv_ann_wnd
                0x0000000010004644       0x60 CMakeFiles/test.dir/home/franklin/Git/770/capstone-project-team_05/project/compsys/pico-sdk/lib/lwip/src/core/tcp.c.obj
                0x0000000010004644                tcp_update_rcv_ann_wnd
 .text.tcp_recved
                0x00000000100046a4       0x98 CMakeFiles/test.dir/home/franklin/Git/770/capstone-project-team_05/project/compsys/pico-sdk/lib/lwip/src/core/tcp.c.obj
                0x00000000100046a4                tcp_recved
 .text.tcp_slowtmr
                0x000000001000473c      0x4dc CMakeFiles/test.dir/home/franklin/Git/770/capstone-project-team_05/project/compsys/pico-sdk/lib/lwip/src/core/tcp.c.obj
                0x000000001000473c                tcp_slowtmr
 .text.tcp_segs_free
                0x0000000010004c18       0x38 CMakeFiles/test.dir/home/franklin/Git/770/capstone-project-team_05/project/compsys/pico-sdk/lib/lwip/src/core/tcp.c.obj
                0x0000000010004c18                tcp_segs_free
 .text.tcp_seg_free
                0x0000000010004c50       0x1c CMakeFiles/test.dir/home/franklin/Git/770/capstone-project-team_05/project/compsys/pico-sdk/lib/lwip/src/core/tcp.c.obj
                0x0000000010004c50                tcp_seg_free
 .text.tcp_seg_copy
                0x0000000010004c6c       0x2c CMakeFiles/test.dir/home/franklin/Git/770/capstone-project-team_05/project/compsys/pico-sdk/lib/lwip/src/core/tcp.c.obj
                0x0000000010004c6c                tcp_seg_copy
 .text.tcp_pcb_purge
                0x0000000010004c98       0x18 CMakeFiles/test.dir/home/franklin/Git/770/capstone-project-team_05/project/compsys/pico-sdk/lib/lwip/src/core/tcp.c.obj
                0x0000000010004c98                tcp_pcb_purge
 .text.tcp_pcb_remove
                0x0000000010004cb0       0xc8 CMakeFiles/test.dir/home/franklin/Git/770/capstone-project-team_05/project/compsys/pico-sdk/lib/lwip/src/core/tcp.c.obj
                0x0000000010004cb0                tcp_pcb_remove
 .text.tcp_abandon
                0x0000000010004d78      0x1ac CMakeFiles/test.dir/home/franklin/Git/770/capstone-project-team_05/project/compsys/pico-sdk/lib/lwip/src/core/tcp.c.obj
                0x0000000010004d78                tcp_abandon
 .text.tcp_abort
                0x0000000010004f24        0xc CMakeFiles/test.dir/home/franklin/Git/770/capstone-project-team_05/project/compsys/pico-sdk/lib/lwip/src/core/tcp.c.obj
                0x0000000010004f24                tcp_abort
 .text.tcp_alloc
                0x0000000010004f30      0x1cc CMakeFiles/test.dir/home/franklin/Git/770/capstone-project-team_05/project/compsys/pico-sdk/lib/lwip/src/core/tcp.c.obj
                0x0000000010004f30                tcp_alloc
 .text.tcp_close_shutdown
                0x00000000100050fc      0x18c CMakeFiles/test.dir/home/franklin/Git/770/capstone-project-team_05/project/compsys/pico-sdk/lib/lwip/src/core/tcp.c.obj
 .text.tcp_recv_null
                0x0000000010005288       0xd4 CMakeFiles/test.dir/home/franklin/Git/770/capstone-project-team_05/project/compsys/pico-sdk/lib/lwip/src/core/tcp.c.obj
                0x0000000010005288                tcp_recv_null
 .text.tcp_process_refused_data
                0x000000001000535c       0x78 CMakeFiles/test.dir/home/franklin/Git/770/capstone-project-team_05/project/compsys/pico-sdk/lib/lwip/src/core/tcp.c.obj
                0x000000001000535c                tcp_process_refused_data
 .text.tcp_fasttmr
                0x00000000100053d4       0x98 CMakeFiles/test.dir/home/franklin/Git/770/capstone-project-team_05/project/compsys/pico-sdk/lib/lwip/src/core/tcp.c.obj
                0x00000000100053d4                tcp_fasttmr
 .text.tcp_tmr  0x000000001000546c       0x20 CMakeFiles/test.dir/home/franklin/Git/770/capstone-project-team_05/project/compsys/pico-sdk/lib/lwip/src/core/tcp.c.obj
                0x000000001000546c                tcp_tmr
 .text.tcp_next_iss
                0x000000001000548c       0x28 CMakeFiles/test.dir/home/franklin/Git/770/capstone-project-team_05/project/compsys/pico-sdk/lib/lwip/src/core/tcp.c.obj
                0x000000001000548c                tcp_next_iss
 .text.tcp_eff_send_mss_netif
                0x00000000100054b4       0x38 CMakeFiles/test.dir/home/franklin/Git/770/capstone-project-team_05/project/compsys/pico-sdk/lib/lwip/src/core/tcp.c.obj
                0x00000000100054b4                tcp_eff_send_mss_netif
 .text.tcp_netif_ip_addr_changed
                0x00000000100054ec       0x9c CMakeFiles/test.dir/home/franklin/Git/770/capstone-project-team_05/project/compsys/pico-sdk/lib/lwip/src/core/tcp.c.obj
                0x00000000100054ec                tcp_netif_ip_addr_changed
 .text.tcp_free_ooseq
                0x0000000010005588       0x40 CMakeFiles/test.dir/home/franklin/Git/770/capstone-project-team_05/project/compsys/pico-sdk/lib/lwip/src/core/tcp.c.obj
                0x0000000010005588                tcp_free_ooseq
 .text.tcp_parseopt
                0x00000000100055c8      0x190 CMakeFiles/test.dir/home/franklin/Git/770/capstone-project-team_05/project/compsys/pico-sdk/lib/lwip/src/core/tcp_in.c.obj
 .text.tcp_oos_insert_segment
                0x0000000010005758       0xe0 CMakeFiles/test.dir/home/franklin/Git/770/capstone-project-team_05/project/compsys/pico-sdk/lib/lwip/src/core/tcp_in.c.obj
 .text.tcp_free_acked_segments.constprop.0
                0x0000000010005838       0xdc CMakeFiles/test.dir/home/franklin/Git/770/capstone-project-team_05/project/compsys/pico-sdk/lib/lwip/src/core/tcp_in.c.obj
 .text.tcp_receive
                0x0000000010005914      0xa4c CMakeFiles/test.dir/home/franklin/Git/770/capstone-project-team_05/project/compsys/pico-sdk/lib/lwip/src/core/tcp_in.c.obj
 .text.tcp_input
                0x0000000010006360      0xda4 CMakeFiles/test.dir/home/franklin/Git/770/capstone-project-team_05/project/compsys/pico-sdk/lib/lwip/src/core/tcp_in.c.obj
                0x0000000010006360                tcp_input
 .text.tcp_trigger_input_pcb_close
                0x0000000010007104       0x10 CMakeFiles/test.dir/home/franklin/Git/770/capstone-project-team_05/project/compsys/pico-sdk/lib/lwip/src/core/tcp_in.c.obj
                0x0000000010007104                tcp_trigger_input_pcb_close
 .text.tcp_create_segment
                0x0000000010007114       0xf8 CMakeFiles/test.dir/home/franklin/Git/770/capstone-project-team_05/project/compsys/pico-sdk/lib/lwip/src/core/tcp_out.c.obj
 .text.tcp_output_control_segment
                0x000000001000720c       0xc0 CMakeFiles/test.dir/home/franklin/Git/770/capstone-project-team_05/project/compsys/pico-sdk/lib/lwip/src/core/tcp_out.c.obj
 .text.tcp_output_alloc_header.constprop.0
                0x00000000100072cc       0xcc CMakeFiles/test.dir/home/franklin/Git/770/capstone-project-team_05/project/compsys/pico-sdk/lib/lwip/src/core/tcp_out.c.obj
 .text.tcp_split_unsent_seg
                0x0000000010007398      0x1c4 CMakeFiles/test.dir/home/franklin/Git/770/capstone-project-team_05/project/compsys/pico-sdk/lib/lwip/src/core/tcp_out.c.obj
                0x0000000010007398                tcp_split_unsent_seg
 .text.tcp_send_fin
                0x000000001000755c      0x12c CMakeFiles/test.dir/home/franklin/Git/770/capstone-project-team_05/project/compsys/pico-sdk/lib/lwip/src/core/tcp_out.c.obj
                0x000000001000755c                tcp_send_fin
 .text.tcp_enqueue_flags
                0x0000000010007688      0x124 CMakeFiles/test.dir/home/franklin/Git/770/capstone-project-team_05/project/compsys/pico-sdk/lib/lwip/src/core/tcp_out.c.obj
                0x0000000010007688                tcp_enqueue_flags
 .text.tcp_rexmit_rto_prepare
                0x00000000100077ac       0x9c CMakeFiles/test.dir/home/franklin/Git/770/capstone-project-team_05/project/compsys/pico-sdk/lib/lwip/src/core/tcp_out.c.obj
                0x00000000100077ac                tcp_rexmit_rto_prepare
 .text.tcp_rexmit
                0x0000000010007848       0x9c CMakeFiles/test.dir/home/franklin/Git/770/capstone-project-team_05/project/compsys/pico-sdk/lib/lwip/src/core/tcp_out.c.obj
                0x0000000010007848                tcp_rexmit
 .text.tcp_rexmit_fast
                0x00000000100078e4       0x64 CMakeFiles/test.dir/home/franklin/Git/770/capstone-project-team_05/project/compsys/pico-sdk/lib/lwip/src/core/tcp_out.c.obj
                0x00000000100078e4                tcp_rexmit_fast
 .text.tcp_rst  0x0000000010007948       0xe8 CMakeFiles/test.dir/home/franklin/Git/770/capstone-project-team_05/project/compsys/pico-sdk/lib/lwip/src/core/tcp_out.c.obj
                0x0000000010007948                tcp_rst
 .text.tcp_rst_netif
                0x0000000010007a30      0x130 CMakeFiles/test.dir/home/franklin/Git/770/capstone-project-team_05/project/compsys/pico-sdk/lib/lwip/src/core/tcp_out.c.obj
                0x0000000010007a30                tcp_rst_netif
 .text.tcp_send_empty_ack
                0x0000000010007b60       0x54 CMakeFiles/test.dir/home/franklin/Git/770/capstone-project-team_05/project/compsys/pico-sdk/lib/lwip/src/core/tcp_out.c.obj
                0x0000000010007b60                tcp_send_empty_ack
 .text.tcp_output
                0x0000000010007bb4      0x46c CMakeFiles/test.dir/home/franklin/Git/770/capstone-project-team_05/project/compsys/pico-sdk/lib/lwip/src/core/tcp_out.c.obj
                0x0000000010007bb4                tcp_output
 .text.tcp_rexmit_rto_commit
                0x0000000010008020       0x24 CMakeFiles/test.dir/home/franklin/Git/770/capstone-project-team_05/project/compsys/pico-sdk/lib/lwip/src/core/tcp_out.c.obj
                0x0000000010008020                tcp_rexmit_rto_commit
 .text.tcp_rexmit_rto
                0x0000000010008044       0xa4 CMakeFiles/test.dir/home/franklin/Git/770/capstone-project-team_05/project/compsys/pico-sdk/lib/lwip/src/core/tcp_out.c.obj
                0x0000000010008044                tcp_rexmit_rto
 .text.tcp_keepalive
                0x00000000100080e8       0xe0 CMakeFiles/test.dir/home/franklin/Git/770/capstone-project-team_05/project/compsys/pico-sdk/lib/lwip/src/core/tcp_out.c.obj
                0x00000000100080e8                tcp_keepalive
 .text.tcp_zero_window_probe
                0x00000000100081c8      0x108 CMakeFiles/test.dir/home/franklin/Git/770/capstone-project-team_05/project/compsys/pico-sdk/lib/lwip/src/core/tcp_out.c.obj
                0x00000000100081c8                tcp_zero_window_probe
 .text.sys_timeout_abs
                0x00000000100082d0       0x48 CMakeFiles/test.dir/home/franklin/Git/770/capstone-project-team_05/project/compsys/pico-sdk/lib/lwip/src/core/timeouts.c.obj
 .text.lwip_cyclic_timer
                0x0000000010008318       0x38 CMakeFiles/test.dir/home/franklin/Git/770/capstone-project-team_05/project/compsys/pico-sdk/lib/lwip/src/core/timeouts.c.obj
 .text.tcpip_tcp_timer
                0x0000000010008350       0x3c CMakeFiles/test.dir/home/franklin/Git/770/capstone-project-team_05/project/compsys/pico-sdk/lib/lwip/src/core/timeouts.c.obj
 .text.tcp_timer_needed
                0x000000001000838c       0x40 CMakeFiles/test.dir/home/franklin/Git/770/capstone-project-team_05/project/compsys/pico-sdk/lib/lwip/src/core/timeouts.c.obj
                0x000000001000838c                tcp_timer_needed
 .text.sys_timeouts_init
                0x00000000100083cc       0x90 CMakeFiles/test.dir/home/franklin/Git/770/capstone-project-team_05/project/compsys/pico-sdk/lib/lwip/src/core/timeouts.c.obj
                0x00000000100083cc                sys_timeouts_init
 .text.sys_check_timeouts
                0x000000001000845c       0x68 CMakeFiles/test.dir/home/franklin/Git/770/capstone-project-team_05/project/compsys/pico-sdk/lib/lwip/src/core/timeouts.c.obj
                0x000000001000845c                sys_check_timeouts
 .text.sys_timeouts_sleeptime
                0x00000000100084c4       0x28 CMakeFiles/test.dir/home/franklin/Git/770/capstone-project-team_05/project/compsys/pico-sdk/lib/lwip/src/core/timeouts.c.obj
                0x00000000100084c4                sys_timeouts_sleeptime
 .text.udp_init
                0x00000000100084ec       0x20 CMakeFiles/test.dir/home/franklin/Git/770/capstone-project-team_05/project/compsys/pico-sdk/lib/lwip/src/core/udp.c.obj
                0x00000000100084ec                udp_init
 .text.udp_input
                0x000000001000850c      0x24c CMakeFiles/test.dir/home/franklin/Git/770/capstone-project-team_05/project/compsys/pico-sdk/lib/lwip/src/core/udp.c.obj
                0x000000001000850c                udp_input
 .text.udp_bind
                0x0000000010008758      0x10c CMakeFiles/test.dir/home/franklin/Git/770/capstone-project-team_05/project/compsys/pico-sdk/lib/lwip/src/core/udp.c.obj
                0x0000000010008758                udp_bind
 .text.udp_sendto_if_src
                0x0000000010008864      0x130 CMakeFiles/test.dir/home/franklin/Git/770/capstone-project-team_05/project/compsys/pico-sdk/lib/lwip/src/core/udp.c.obj
                0x0000000010008864                udp_sendto_if_src
 .text.udp_sendto_if
                0x0000000010008994       0x48 CMakeFiles/test.dir/home/franklin/Git/770/capstone-project-team_05/project/compsys/pico-sdk/lib/lwip/src/core/udp.c.obj
                0x0000000010008994                udp_sendto_if
 .text.udp_sendto
                0x00000000100089dc       0x7c CMakeFiles/test.dir/home/franklin/Git/770/capstone-project-team_05/project/compsys/pico-sdk/lib/lwip/src/core/udp.c.obj
                0x00000000100089dc                udp_sendto
 .text.udp_connect
                0x0000000010008a58       0x64 CMakeFiles/test.dir/home/franklin/Git/770/capstone-project-team_05/project/compsys/pico-sdk/lib/lwip/src/core/udp.c.obj
                0x0000000010008a58                udp_connect
 .text.udp_recv
                0x0000000010008abc        0xc CMakeFiles/test.dir/home/franklin/Git/770/capstone-project-team_05/project/compsys/pico-sdk/lib/lwip/src/core/udp.c.obj
                0x0000000010008abc                udp_recv
 .text.udp_remove
                0x0000000010008ac8       0x3c CMakeFiles/test.dir/home/franklin/Git/770/capstone-project-team_05/project/compsys/pico-sdk/lib/lwip/src/core/udp.c.obj
                0x0000000010008ac8                udp_remove
 .text.udp_new  0x0000000010008b04       0x1c CMakeFiles/test.dir/home/franklin/Git/770/capstone-project-team_05/project/compsys/pico-sdk/lib/lwip/src/core/udp.c.obj
                0x0000000010008b04                udp_new
 .text.udp_netif_ip_addr_changed
                0x0000000010008b20       0x40 CMakeFiles/test.dir/home/franklin/Git/770/capstone-project-team_05/project/compsys/pico-sdk/lib/lwip/src/core/udp.c.obj
                0x0000000010008b20                udp_netif_ip_addr_changed
 .text.dhcp_create_msg
                0x0000000010008b60      0x16c CMakeFiles/test.dir/home/franklin/Git/770/capstone-project-team_05/project/compsys/pico-sdk/lib/lwip/src/core/ipv4/dhcp.c.obj
 .text.dhcp_inc_pcb_refcount
                0x0000000010008ccc       0x6c CMakeFiles/test.dir/home/franklin/Git/770/capstone-project-team_05/project/compsys/pico-sdk/lib/lwip/src/core/ipv4/dhcp.c.obj
 .text.dhcp_bind
                0x0000000010008d38      0x140 CMakeFiles/test.dir/home/franklin/Git/770/capstone-project-team_05/project/compsys/pico-sdk/lib/lwip/src/core/ipv4/dhcp.c.obj
 .text.dhcp_option_hostname.isra.0
                0x0000000010008e78       0x8c CMakeFiles/test.dir/home/franklin/Git/770/capstone-project-team_05/project/compsys/pico-sdk/lib/lwip/src/core/ipv4/dhcp.c.obj
 .text.dhcp_handle_ack.isra.0
                0x0000000010008f04       0xcc CMakeFiles/test.dir/home/franklin/Git/770/capstone-project-team_05/project/compsys/pico-sdk/lib/lwip/src/core/ipv4/dhcp.c.obj
 .text.dhcp_reboot.isra.0
                0x0000000010008fd0      0x1e4 CMakeFiles/test.dir/home/franklin/Git/770/capstone-project-team_05/project/compsys/pico-sdk/lib/lwip/src/core/ipv4/dhcp.c.obj
 .text.dhcp_discover
                0x00000000100091b4      0x198 CMakeFiles/test.dir/home/franklin/Git/770/capstone-project-team_05/project/compsys/pico-sdk/lib/lwip/src/core/ipv4/dhcp.c.obj
 .text.dhcp_select.isra.0
                0x000000001000934c      0x268 CMakeFiles/test.dir/home/franklin/Git/770/capstone-project-team_05/project/compsys/pico-sdk/lib/lwip/src/core/ipv4/dhcp.c.obj
 .text.dhcp_recv
                0x00000000100095b4      0x494 CMakeFiles/test.dir/home/franklin/Git/770/capstone-project-team_05/project/compsys/pico-sdk/lib/lwip/src/core/ipv4/dhcp.c.obj
 .text.dhcp_set_struct
                0x0000000010009a48       0x44 CMakeFiles/test.dir/home/franklin/Git/770/capstone-project-team_05/project/compsys/pico-sdk/lib/lwip/src/core/ipv4/dhcp.c.obj
                0x0000000010009a48                dhcp_set_struct
 .text.dhcp_network_changed_link_up
                0x0000000010009a8c       0x40 CMakeFiles/test.dir/home/franklin/Git/770/capstone-project-team_05/project/compsys/pico-sdk/lib/lwip/src/core/ipv4/dhcp.c.obj
                0x0000000010009a8c                dhcp_network_changed_link_up
 .text.dhcp_renew
                0x0000000010009acc      0x1b8 CMakeFiles/test.dir/home/franklin/Git/770/capstone-project-team_05/project/compsys/pico-sdk/lib/lwip/src/core/ipv4/dhcp.c.obj
                0x0000000010009acc                dhcp_renew
 .text.dhcp_release_and_stop
                0x0000000010009c84      0x180 CMakeFiles/test.dir/home/franklin/Git/770/capstone-project-team_05/project/compsys/pico-sdk/lib/lwip/src/core/ipv4/dhcp.c.obj
                0x0000000010009c84                dhcp_release_and_stop
 .text.dhcp_start
                0x0000000010009e04       0xb0 CMakeFiles/test.dir/home/franklin/Git/770/capstone-project-team_05/project/compsys/pico-sdk/lib/lwip/src/core/ipv4/dhcp.c.obj
                0x0000000010009e04                dhcp_start
 .text.dhcp_coarse_tmr
                0x0000000010009eb4      0x238 CMakeFiles/test.dir/home/franklin/Git/770/capstone-project-team_05/project/compsys/pico-sdk/lib/lwip/src/core/ipv4/dhcp.c.obj
                0x0000000010009eb4                dhcp_coarse_tmr
 .text.dhcp_fine_tmr
                0x000000001000a0ec       0x78 CMakeFiles/test.dir/home/franklin/Git/770/capstone-project-team_05/project/compsys/pico-sdk/lib/lwip/src/core/ipv4/dhcp.c.obj
                0x000000001000a0ec                dhcp_fine_tmr
 .text.dhcp_stop
                0x000000001000a164      0x180 CMakeFiles/test.dir/home/franklin/Git/770/capstone-project-team_05/project/compsys/pico-sdk/lib/lwip/src/core/ipv4/dhcp.c.obj
                0x000000001000a164                dhcp_stop
 .text.etharp_find_entry
                0x000000001000a2e4     0x1fbc CMakeFiles/test.dir/home/franklin/Git/770/capstone-project-team_05/project/compsys/pico-sdk/lib/lwip/src/core/ipv4/etharp.c.obj
 .text.etharp_raw
                0x000000001000c2a0       0xec CMakeFiles/test.dir/home/franklin/Git/770/capstone-project-team_05/project/compsys/pico-sdk/lib/lwip/src/core/ipv4/etharp.c.obj
 .text.etharp_output_to_arp_index
                0x000000001000c38c       0xe4 CMakeFiles/test.dir/home/franklin/Git/770/capstone-project-team_05/project/compsys/pico-sdk/lib/lwip/src/core/ipv4/etharp.c.obj
 .text.etharp_tmr
                0x000000001000c470       0x94 CMakeFiles/test.dir/home/franklin/Git/770/capstone-project-team_05/project/compsys/pico-sdk/lib/lwip/src/core/ipv4/etharp.c.obj
                0x000000001000c470                etharp_tmr
 .text.etharp_cleanup_netif
                0x000000001000c504      0x188 CMakeFiles/test.dir/home/franklin/Git/770/capstone-project-team_05/project/compsys/pico-sdk/lib/lwip/src/core/ipv4/etharp.c.obj
                0x000000001000c504                etharp_cleanup_netif
 .text.etharp_input
                0x000000001000c68c      0x1b0 CMakeFiles/test.dir/home/franklin/Git/770/capstone-project-team_05/project/compsys/pico-sdk/lib/lwip/src/core/ipv4/etharp.c.obj
                0x000000001000c68c                etharp_input
 .text.etharp_query
                0x000000001000c83c      0x1c0 CMakeFiles/test.dir/home/franklin/Git/770/capstone-project-team_05/project/compsys/pico-sdk/lib/lwip/src/core/ipv4/etharp.c.obj
                0x000000001000c83c                etharp_query
 .text.etharp_output
                0x000000001000c9fc      0x24c CMakeFiles/test.dir/home/franklin/Git/770/capstone-project-team_05/project/compsys/pico-sdk/lib/lwip/src/core/ipv4/etharp.c.obj
                0x000000001000c9fc                etharp_output
 .text.etharp_request
                0x000000001000cc48       0x2c CMakeFiles/test.dir/home/franklin/Git/770/capstone-project-team_05/project/compsys/pico-sdk/lib/lwip/src/core/ipv4/etharp.c.obj
                0x000000001000cc48                etharp_request
 .text.icmp_input
                0x000000001000cc74      0x1e8 CMakeFiles/test.dir/home/franklin/Git/770/capstone-project-team_05/project/compsys/pico-sdk/lib/lwip/src/core/ipv4/icmp.c.obj
                0x000000001000cc74                icmp_input
 .text.icmp_dest_unreach
                0x000000001000ce5c       0xd0 CMakeFiles/test.dir/home/franklin/Git/770/capstone-project-team_05/project/compsys/pico-sdk/lib/lwip/src/core/ipv4/icmp.c.obj
                0x000000001000ce5c                icmp_dest_unreach
 .text.icmp_time_exceeded
                0x000000001000cf2c       0xd0 CMakeFiles/test.dir/home/franklin/Git/770/capstone-project-team_05/project/compsys/pico-sdk/lib/lwip/src/core/ipv4/icmp.c.obj
                0x000000001000cf2c                icmp_time_exceeded
 .text.ip_reass_free_complete_datagram
                0x000000001000cffc      0x114 CMakeFiles/test.dir/home/franklin/Git/770/capstone-project-team_05/project/compsys/pico-sdk/lib/lwip/src/core/ipv4/ip4_frag.c.obj
 .text.ip_reass_remove_oldest_datagram
                0x000000001000d110       0xd8 CMakeFiles/test.dir/home/franklin/Git/770/capstone-project-team_05/project/compsys/pico-sdk/lib/lwip/src/core/ipv4/ip4_frag.c.obj
 .text.ip_reass_tmr
                0x000000001000d1e8       0x38 CMakeFiles/test.dir/home/franklin/Git/770/capstone-project-team_05/project/compsys/pico-sdk/lib/lwip/src/core/ipv4/ip4_frag.c.obj
                0x000000001000d1e8                ip_reass_tmr
 .text.ip4_reass
                0x000000001000d220      0x534 CMakeFiles/test.dir/home/franklin/Git/770/capstone-project-team_05/project/compsys/pico-sdk/lib/lwip/src/core/ipv4/ip4_frag.c.obj
                0x000000001000d220                ip4_reass
 .text.ip4_frag
                0x000000001000d754      0x17c CMakeFiles/test.dir/home/franklin/Git/770/capstone-project-team_05/project/compsys/pico-sdk/lib/lwip/src/core/ipv4/ip4_frag.c.obj
                0x000000001000d754                ip4_frag
 .text.ip4_route
                0x000000001000d8d0       0x7c CMakeFiles/test.dir/home/franklin/Git/770/capstone-project-team_05/project/compsys/pico-sdk/lib/lwip/src/core/ipv4/ip4.c.obj
                0x000000001000d8d0                ip4_route
 .text.ip4_input
                0x000000001000d94c      0x2cc CMakeFiles/test.dir/home/franklin/Git/770/capstone-project-team_05/project/compsys/pico-sdk/lib/lwip/src/core/ipv4/ip4.c.obj
                0x000000001000d94c                ip4_input
 .text.ip4_output_if
                0x000000001000dc18      0x190 CMakeFiles/test.dir/home/franklin/Git/770/capstone-project-team_05/project/compsys/pico-sdk/lib/lwip/src/core/ipv4/ip4.c.obj
                0x000000001000dc18                ip4_output_if
 .text.ip4_output_if_src
                0x000000001000dda8      0x17c CMakeFiles/test.dir/home/franklin/Git/770/capstone-project-team_05/project/compsys/pico-sdk/lib/lwip/src/core/ipv4/ip4.c.obj
                0x000000001000dda8                ip4_output_if_src
 .text.ip4_addr_isbroadcast_u32
                0x000000001000df24       0x3c CMakeFiles/test.dir/home/franklin/Git/770/capstone-project-team_05/project/compsys/pico-sdk/lib/lwip/src/core/ipv4/ip4_addr.c.obj
                0x000000001000df24                ip4_addr_isbroadcast_u32
 .text.ethernet_input
                0x000000001000df60       0xd0 CMakeFiles/test.dir/home/franklin/Git/770/capstone-project-team_05/project/compsys/pico-sdk/lib/lwip/src/netif/ethernet.c.obj
                0x000000001000df60                ethernet_input
 .text.ethernet_output
                0x000000001000e030       0x6c CMakeFiles/test.dir/home/franklin/Git/770/capstone-project-team_05/project/compsys/pico-sdk/lib/lwip/src/netif/ethernet.c.obj
                0x000000001000e030                ethernet_output
 .text.cyw43_arch_wifi_connect_bssid_until.part.0
                0x000000001000e09c       0xd8 CMakeFiles/test.dir/home/franklin/Git/770/capstone-project-team_05/project/compsys/pico-sdk/src/rp2_common/pico_cyw43_arch/cyw43_arch.c.obj
 .text.cyw43_arch_set_async_context
                0x000000001000e174        0xc CMakeFiles/test.dir/home/franklin/Git/770/capstone-project-team_05/project/compsys/pico-sdk/src/rp2_common/pico_cyw43_arch/cyw43_arch.c.obj
                0x000000001000e174                cyw43_arch_set_async_context
 .text.cyw43_arch_enable_sta_mode
                0x000000001000e180       0x1c CMakeFiles/test.dir/home/franklin/Git/770/capstone-project-team_05/project/compsys/pico-sdk/src/rp2_common/pico_cyw43_arch/cyw43_arch.c.obj
                0x000000001000e180                cyw43_arch_enable_sta_mode
 .text.cyw43_arch_wifi_connect_timeout_ms
                0x000000001000e19c       0x9c CMakeFiles/test.dir/home/franklin/Git/770/capstone-project-team_05/project/compsys/pico-sdk/src/rp2_common/pico_cyw43_arch/cyw43_arch.c.obj
                0x000000001000e19c                cyw43_arch_wifi_connect_timeout_ms
 .text.cyw43_arch_init_with_country
                0x000000001000e238       0x10 CMakeFiles/test.dir/home/franklin/Git/770/capstone-project-team_05/project/compsys/pico-sdk/src/rp2_common/pico_cyw43_arch/cyw43_arch.c.obj
                0x000000001000e238                cyw43_arch_init_with_country
 .text.cyw43_arch_gpio_put
                0x000000001000e248       0x14 CMakeFiles/test.dir/home/franklin/Git/770/capstone-project-team_05/project/compsys/pico-sdk/src/rp2_common/pico_cyw43_arch/cyw43_arch.c.obj
                0x000000001000e248                cyw43_arch_gpio_put
 .text.cyw43_arch_async_context
                0x000000001000e25c        0xc CMakeFiles/test.dir/home/franklin/Git/770/capstone-project-team_05/project/compsys/pico-sdk/src/rp2_common/pico_cyw43_arch/cyw43_arch.c.obj
                0x000000001000e25c                cyw43_arch_async_context
 .text.cyw43_arch_init
                0x000000001000e268       0x80 CMakeFiles/test.dir/home/franklin/Git/770/capstone-project-team_05/project/compsys/pico-sdk/src/rp2_common/pico_cyw43_arch/cyw43_arch_threadsafe_background.c.obj
                0x000000001000e268                cyw43_arch_init
 .text.ns_delay.constprop.0
                0x000000001000e2e8       0x20 CMakeFiles/test.dir/home/franklin/Git/770/capstone-project-team_05/project/compsys/pico-sdk/src/rp2_common/pico_cyw43_driver/cyw43_bus_pio_spi.c.obj
 .text.cyw43_spi_deinit
                0x000000001000e308       0x7c CMakeFiles/test.dir/home/franklin/Git/770/capstone-project-team_05/project/compsys/pico-sdk/src/rp2_common/pico_cyw43_driver/cyw43_bus_pio_spi.c.obj
                0x000000001000e308                cyw43_spi_deinit
 .text.cyw43_spi_init
                0x000000001000e384      0x154 CMakeFiles/test.dir/home/franklin/Git/770/capstone-project-team_05/project/compsys/pico-sdk/src/rp2_common/pico_cyw43_driver/cyw43_bus_pio_spi.c.obj
                0x000000001000e384                cyw43_spi_init
 .text.cyw43_spi_transfer
                0x000000001000e4d8      0x430 CMakeFiles/test.dir/home/franklin/Git/770/capstone-project-team_05/project/compsys/pico-sdk/src/rp2_common/pico_cyw43_driver/cyw43_bus_pio_spi.c.obj
                0x000000001000e4d8                cyw43_spi_transfer
 .text.cyw43_spi_gpio_setup
                0x000000001000e908       0x3c CMakeFiles/test.dir/home/franklin/Git/770/capstone-project-team_05/project/compsys/pico-sdk/src/rp2_common/pico_cyw43_driver/cyw43_bus_pio_spi.c.obj
                0x000000001000e908                cyw43_spi_gpio_setup
 .text.cyw43_spi_reset
                0x000000001000e944       0x28 CMakeFiles/test.dir/home/franklin/Git/770/capstone-project-team_05/project/compsys/pico-sdk/src/rp2_common/pico_cyw43_driver/cyw43_bus_pio_spi.c.obj
                0x000000001000e944                cyw43_spi_reset
 .text.read_reg_u32_swap
                0x000000001000e96c       0x3c CMakeFiles/test.dir/home/franklin/Git/770/capstone-project-team_05/project/compsys/pico-sdk/src/rp2_common/pico_cyw43_driver/cyw43_bus_pio_spi.c.obj
                0x000000001000e96c                read_reg_u32_swap
 .text.cyw43_read_reg_u32
                0x000000001000e9a8       0x6c CMakeFiles/test.dir/home/franklin/Git/770/capstone-project-team_05/project/compsys/pico-sdk/src/rp2_common/pico_cyw43_driver/cyw43_bus_pio_spi.c.obj
                0x000000001000e9a8                cyw43_read_reg_u32
 .text.cyw43_read_reg_u16
                0x000000001000ea14       0x6c CMakeFiles/test.dir/home/franklin/Git/770/capstone-project-team_05/project/compsys/pico-sdk/src/rp2_common/pico_cyw43_driver/cyw43_bus_pio_spi.c.obj
                0x000000001000ea14                cyw43_read_reg_u16
 .text.cyw43_read_reg_u8
                0x000000001000ea80       0x6c CMakeFiles/test.dir/home/franklin/Git/770/capstone-project-team_05/project/compsys/pico-sdk/src/rp2_common/pico_cyw43_driver/cyw43_bus_pio_spi.c.obj
                0x000000001000ea80                cyw43_read_reg_u8
 .text.write_reg_u32_swap
                0x000000001000eaec      0x1e0 CMakeFiles/test.dir/home/franklin/Git/770/capstone-project-team_05/project/compsys/pico-sdk/src/rp2_common/pico_cyw43_driver/cyw43_bus_pio_spi.c.obj
                0x000000001000eaec                write_reg_u32_swap
 .text.cyw43_write_reg_u32
                0x000000001000eccc      0x200 CMakeFiles/test.dir/home/franklin/Git/770/capstone-project-team_05/project/compsys/pico-sdk/src/rp2_common/pico_cyw43_driver/cyw43_bus_pio_spi.c.obj
                0x000000001000eccc                cyw43_write_reg_u32
 .text.cyw43_write_reg_u16
                0x000000001000eecc      0x200 CMakeFiles/test.dir/home/franklin/Git/770/capstone-project-team_05/project/compsys/pico-sdk/src/rp2_common/pico_cyw43_driver/cyw43_bus_pio_spi.c.obj
                0x000000001000eecc                cyw43_write_reg_u16
 .text.cyw43_write_reg_u8
                0x000000001000f0cc      0x200 CMakeFiles/test.dir/home/franklin/Git/770/capstone-project-team_05/project/compsys/pico-sdk/src/rp2_common/pico_cyw43_driver/cyw43_bus_pio_spi.c.obj
                0x000000001000f0cc                cyw43_write_reg_u8
 .text.cyw43_read_bytes
                0x000000001000f2cc       0x78 CMakeFiles/test.dir/home/franklin/Git/770/capstone-project-team_05/project/compsys/pico-sdk/src/rp2_common/pico_cyw43_driver/cyw43_bus_pio_spi.c.obj
                0x000000001000f2cc                cyw43_read_bytes
 .text.cyw43_write_bytes
                0x000000001000f344       0xec CMakeFiles/test.dir/home/franklin/Git/770/capstone-project-team_05/project/compsys/pico-sdk/src/rp2_common/pico_cyw43_driver/cyw43_bus_pio_spi.c.obj
                0x000000001000f344                cyw43_write_bytes
 .text.cyw43_set_backplane_window
                0x000000001000f430       0x64 CMakeFiles/test.dir/home/franklin/Git/770/capstone-project-team_05/project/compsys/pico-sdk/lib/cyw43-driver/src/cyw43_ll.c.obj
 .text.cyw43_ll_parse_async_event
                0x000000001000f494      0x13c CMakeFiles/test.dir/home/franklin/Git/770/capstone-project-team_05/project/compsys/pico-sdk/lib/cyw43-driver/src/cyw43_ll.c.obj
 .text.cyw43_kso_set
                0x000000001000f5d0       0xa0 CMakeFiles/test.dir/home/franklin/Git/770/capstone-project-team_05/project/compsys/pico-sdk/lib/cyw43-driver/src/cyw43_ll.c.obj
 .text.cyw43_ll_sdpcm_poll_device
                0x000000001000f670      0x238 CMakeFiles/test.dir/home/franklin/Git/770/capstone-project-team_05/project/compsys/pico-sdk/lib/cyw43-driver/src/cyw43_ll.c.obj
 .text.cyw43_sdpcm_send_common
                0x000000001000f8a8       0xf0 CMakeFiles/test.dir/home/franklin/Git/770/capstone-project-team_05/project/compsys/pico-sdk/lib/cyw43-driver/src/cyw43_ll.c.obj
 .text.cyw43_do_ioctl
                0x000000001000f998      0x110 CMakeFiles/test.dir/home/franklin/Git/770/capstone-project-team_05/project/compsys/pico-sdk/lib/cyw43-driver/src/cyw43_ll.c.obj
 .text.cyw43_do_ioctl.constprop.0
                0x000000001000faa8      0x108 CMakeFiles/test.dir/home/franklin/Git/770/capstone-project-team_05/project/compsys/pico-sdk/lib/cyw43-driver/src/cyw43_ll.c.obj
 .text.cyw43_read_backplane.constprop.0
                0x000000001000fbb0       0xdc CMakeFiles/test.dir/home/franklin/Git/770/capstone-project-team_05/project/compsys/pico-sdk/lib/cyw43-driver/src/cyw43_ll.c.obj
 .text.reset_device_core.constprop.0
                0x000000001000fc8c      0x3f0 CMakeFiles/test.dir/home/franklin/Git/770/capstone-project-team_05/project/compsys/pico-sdk/lib/cyw43-driver/src/cyw43_ll.c.obj
 .text.cyw43_ll_init
                0x000000001001007c       0x1c CMakeFiles/test.dir/home/franklin/Git/770/capstone-project-team_05/project/compsys/pico-sdk/lib/cyw43-driver/src/cyw43_ll.c.obj
                0x000000001001007c                cyw43_ll_init
 .text.cyw43_ll_deinit
                0x0000000010010098        0x8 CMakeFiles/test.dir/home/franklin/Git/770/capstone-project-team_05/project/compsys/pico-sdk/lib/cyw43-driver/src/cyw43_ll.c.obj
                0x0000000010010098                cyw43_ll_deinit
 .text.cyw43_ll_send_ethernet
                0x00000000100100a0       0x60 CMakeFiles/test.dir/home/franklin/Git/770/capstone-project-team_05/project/compsys/pico-sdk/lib/cyw43-driver/src/cyw43_ll.c.obj
                0x00000000100100a0                cyw43_ll_send_ethernet
 .text.cyw43_ll_process_packets
                0x0000000010010100       0x54 CMakeFiles/test.dir/home/franklin/Git/770/capstone-project-team_05/project/compsys/pico-sdk/lib/cyw43-driver/src/cyw43_ll.c.obj
                0x0000000010010100                cyw43_ll_process_packets
 .text.cyw43_ll_ioctl
                0x0000000010010154       0x20 CMakeFiles/test.dir/home/franklin/Git/770/capstone-project-team_05/project/compsys/pico-sdk/lib/cyw43-driver/src/cyw43_ll.c.obj
                0x0000000010010154                cyw43_ll_ioctl
 .text.cyw43_ll_bus_sleep
                0x0000000010010174       0x34 CMakeFiles/test.dir/home/franklin/Git/770/capstone-project-team_05/project/compsys/pico-sdk/lib/cyw43-driver/src/cyw43_ll.c.obj
                0x0000000010010174                cyw43_ll_bus_sleep
 .text.cyw43_ll_bus_init
                0x00000000100101a8      0xbf0 CMakeFiles/test.dir/home/franklin/Git/770/capstone-project-team_05/project/compsys/pico-sdk/lib/cyw43-driver/src/cyw43_ll.c.obj
                0x00000000100101a8                cyw43_ll_bus_init
 .text.cyw43_ll_wifi_on
                0x0000000010010d98      0x240 CMakeFiles/test.dir/home/franklin/Git/770/capstone-project-team_05/project/compsys/pico-sdk/lib/cyw43-driver/src/cyw43_ll.c.obj
                0x0000000010010d98                cyw43_ll_wifi_on
 .text.cyw43_ll_wifi_get_mac
                0x0000000010010fd8       0x44 CMakeFiles/test.dir/home/franklin/Git/770/capstone-project-team_05/project/compsys/pico-sdk/lib/cyw43-driver/src/cyw43_ll.c.obj
                0x0000000010010fd8                cyw43_ll_wifi_get_mac
 .text.cyw43_ll_wifi_pm
                0x000000001001101c      0x194 CMakeFiles/test.dir/home/franklin/Git/770/capstone-project-team_05/project/compsys/pico-sdk/lib/cyw43-driver/src/cyw43_ll.c.obj
                0x000000001001101c                cyw43_ll_wifi_pm
 .text.cyw43_ll_wifi_join
                0x00000000100111b0      0x310 CMakeFiles/test.dir/home/franklin/Git/770/capstone-project-team_05/project/compsys/pico-sdk/lib/cyw43-driver/src/cyw43_ll.c.obj
                0x00000000100111b0                cyw43_ll_wifi_join
 .text.cyw43_ll_wifi_set_wpa_auth
                0x00000000100114c0       0x2c CMakeFiles/test.dir/home/franklin/Git/770/capstone-project-team_05/project/compsys/pico-sdk/lib/cyw43-driver/src/cyw43_ll.c.obj
                0x00000000100114c0                cyw43_ll_wifi_set_wpa_auth
 .text.cyw43_ll_wifi_rejoin
                0x00000000100114ec       0x1c CMakeFiles/test.dir/home/franklin/Git/770/capstone-project-team_05/project/compsys/pico-sdk/lib/cyw43-driver/src/cyw43_ll.c.obj
                0x00000000100114ec                cyw43_ll_wifi_rejoin
 .text.cyw43_ll_wifi_ap_init
                0x0000000010011508      0x2c4 CMakeFiles/test.dir/home/franklin/Git/770/capstone-project-team_05/project/compsys/pico-sdk/lib/cyw43-driver/src/cyw43_ll.c.obj
                0x0000000010011508                cyw43_ll_wifi_ap_init
 .text.cyw43_ll_wifi_ap_set_up
                0x00000000100117cc       0x54 CMakeFiles/test.dir/home/franklin/Git/770/capstone-project-team_05/project/compsys/pico-sdk/lib/cyw43-driver/src/cyw43_ll.c.obj
                0x00000000100117cc                cyw43_ll_wifi_ap_set_up
 .text.cyw43_ll_gpio_set
                0x0000000010011820       0x6c CMakeFiles/test.dir/home/franklin/Git/770/capstone-project-team_05/project/compsys/pico-sdk/lib/cyw43-driver/src/cyw43_ll.c.obj
                0x0000000010011820                cyw43_ll_gpio_set
 .text.cyw43_ll_has_work
                0x000000001001188c       0x14 CMakeFiles/test.dir/home/franklin/Git/770/capstone-project-team_05/project/compsys/pico-sdk/lib/cyw43-driver/src/cyw43_ll.c.obj
                0x000000001001188c                cyw43_ll_has_work
 .text.cyw43_netif_init
                0x00000000100118a0       0x3c CMakeFiles/test.dir/home/franklin/Git/770/capstone-project-team_05/project/compsys/pico-sdk/lib/cyw43-driver/src/cyw43_lwip.c.obj
 .text.cyw43_netif_output
                0x00000000100118dc       0x34 CMakeFiles/test.dir/home/franklin/Git/770/capstone-project-team_05/project/compsys/pico-sdk/lib/cyw43-driver/src/cyw43_lwip.c.obj
 .text.cyw43_cb_tcpip_init
                0x0000000010011910       0xfc CMakeFiles/test.dir/home/franklin/Git/770/capstone-project-team_05/project/compsys/pico-sdk/lib/cyw43-driver/src/cyw43_lwip.c.obj
                0x0000000010011910                cyw43_cb_tcpip_init
 .text.cyw43_cb_tcpip_deinit
                0x0000000010011a0c       0x4c CMakeFiles/test.dir/home/franklin/Git/770/capstone-project-team_05/project/compsys/pico-sdk/lib/cyw43-driver/src/cyw43_lwip.c.obj
                0x0000000010011a0c                cyw43_cb_tcpip_deinit
 .text.cyw43_cb_process_ethernet
                0x0000000010011a58       0x68 CMakeFiles/test.dir/home/franklin/Git/770/capstone-project-team_05/project/compsys/pico-sdk/lib/cyw43-driver/src/cyw43_lwip.c.obj
                0x0000000010011a58                cyw43_cb_process_ethernet
 .text.cyw43_cb_tcpip_set_link_up
                0x0000000010011ac0       0x18 CMakeFiles/test.dir/home/franklin/Git/770/capstone-project-team_05/project/compsys/pico-sdk/lib/cyw43-driver/src/cyw43_lwip.c.obj
                0x0000000010011ac0                cyw43_cb_tcpip_set_link_up
 .text.cyw43_cb_tcpip_set_link_down
                0x0000000010011ad8       0x18 CMakeFiles/test.dir/home/franklin/Git/770/capstone-project-team_05/project/compsys/pico-sdk/lib/cyw43-driver/src/cyw43_lwip.c.obj
                0x0000000010011ad8                cyw43_cb_tcpip_set_link_down
 .text.cyw43_tcpip_link_status
                0x0000000010011af0       0x34 CMakeFiles/test.dir/home/franklin/Git/770/capstone-project-team_05/project/compsys/pico-sdk/lib/cyw43-driver/src/cyw43_lwip.c.obj
                0x0000000010011af0                cyw43_tcpip_link_status
 .text.cyw43_poll_func
                0x0000000010011b24       0xc0 CMakeFiles/test.dir/home/franklin/Git/770/capstone-project-team_05/project/compsys/pico-sdk/lib/cyw43-driver/src/cyw43_ctrl.c.obj
 .text.cyw43_init
                0x0000000010011be4       0x6c CMakeFiles/test.dir/home/franklin/Git/770/capstone-project-team_05/project/compsys/pico-sdk/lib/cyw43-driver/src/cyw43_ctrl.c.obj
                0x0000000010011be4                cyw43_init
 .text.cyw43_deinit
                0x0000000010011c50       0x90 CMakeFiles/test.dir/home/franklin/Git/770/capstone-project-team_05/project/compsys/pico-sdk/lib/cyw43-driver/src/cyw43_ctrl.c.obj
                0x0000000010011c50                cyw43_deinit
 .text.cyw43_cb_read_host_interrupt_pin
                0x0000000010011ce0        0xc CMakeFiles/test.dir/home/franklin/Git/770/capstone-project-team_05/project/compsys/pico-sdk/lib/cyw43-driver/src/cyw43_ctrl.c.obj
                0x0000000010011ce0                cyw43_cb_read_host_interrupt_pin
 .text.cyw43_cb_ensure_awake
                0x0000000010011cec        0xc CMakeFiles/test.dir/home/franklin/Git/770/capstone-project-team_05/project/compsys/pico-sdk/lib/cyw43-driver/src/cyw43_ctrl.c.obj
                0x0000000010011cec                cyw43_cb_ensure_awake
 .text.cyw43_cb_process_async_event
                0x0000000010011cf8      0x228 CMakeFiles/test.dir/home/franklin/Git/770/capstone-project-team_05/project/compsys/pico-sdk/lib/cyw43-driver/src/cyw43_ctrl.c.obj
                0x0000000010011cf8                cyw43_cb_process_async_event
 .text.cyw43_send_ethernet
                0x0000000010011f20       0xc0 CMakeFiles/test.dir/home/franklin/Git/770/capstone-project-team_05/project/compsys/pico-sdk/lib/cyw43-driver/src/cyw43_ctrl.c.obj
                0x0000000010011f20                cyw43_send_ethernet
 .text.cyw43_wifi_get_mac
                0x0000000010011fe0       0x10 CMakeFiles/test.dir/home/franklin/Git/770/capstone-project-team_05/project/compsys/pico-sdk/lib/cyw43-driver/src/cyw43_ctrl.c.obj
                0x0000000010011fe0                cyw43_wifi_get_mac
 .text.cyw43_wifi_set_up
                0x0000000010011ff0      0x308 CMakeFiles/test.dir/home/franklin/Git/770/capstone-project-team_05/project/compsys/pico-sdk/lib/cyw43-driver/src/cyw43_ctrl.c.obj
                0x0000000010011ff0                cyw43_wifi_set_up
 .text.cyw43_wifi_link_status
                0x00000000100122f8       0x3c CMakeFiles/test.dir/home/franklin/Git/770/capstone-project-team_05/project/compsys/pico-sdk/lib/cyw43-driver/src/cyw43_ctrl.c.obj
                0x00000000100122f8                cyw43_wifi_link_status
 .text.cyw43_wifi_join
                0x0000000010012334       0xf4 CMakeFiles/test.dir/home/franklin/Git/770/capstone-project-team_05/project/compsys/pico-sdk/lib/cyw43-driver/src/cyw43_ctrl.c.obj
                0x0000000010012334                cyw43_wifi_join
 .text.cyw43_gpio_set
                0x0000000010012428       0xa0 CMakeFiles/test.dir/home/franklin/Git/770/capstone-project-team_05/project/compsys/pico-sdk/lib/cyw43-driver/src/cyw43_ctrl.c.obj
                0x0000000010012428                cyw43_gpio_set
 .text.pio_sm_unclaim
                0x00000000100124c8       0x20 CMakeFiles/test.dir/home/franklin/Git/770/capstone-project-team_05/project/compsys/pico-sdk/src/rp2_common/hardware_pio/pio.c.obj
                0x00000000100124c8                pio_sm_unclaim
 .text.pio_claim_unused_sm
                0x00000000100124e8       0x3c CMakeFiles/test.dir/home/franklin/Git/770/capstone-project-team_05/project/compsys/pico-sdk/src/rp2_common/hardware_pio/pio.c.obj
                0x00000000100124e8                pio_claim_unused_sm
 .text.pio_can_add_program
                0x0000000010012524       0x68 CMakeFiles/test.dir/home/franklin/Git/770/capstone-project-team_05/project/compsys/pico-sdk/src/rp2_common/hardware_pio/pio.c.obj
                0x0000000010012524                pio_can_add_program
 .text.pio_add_program
                0x000000001001258c       0xc8 CMakeFiles/test.dir/home/franklin/Git/770/capstone-project-team_05/project/compsys/pico-sdk/src/rp2_common/hardware_pio/pio.c.obj
                0x000000001001258c                pio_add_program
 .text.pio_remove_program
                0x0000000010012654       0x34 CMakeFiles/test.dir/home/franklin/Git/770/capstone-project-team_05/project/compsys/pico-sdk/src/rp2_common/hardware_pio/pio.c.obj
                0x0000000010012654                pio_remove_program
 .text.pio_sm_set_pindirs_with_mask
                0x0000000010012688       0xa4 CMakeFiles/test.dir/home/franklin/Git/770/capstone-project-team_05/project/compsys/pico-sdk/src/rp2_common/hardware_pio/pio.c.obj
                0x0000000010012688                pio_sm_set_pindirs_with_mask
 .text.pio_sm_set_consecutive_pindirs
                0x000000001001272c       0xb0 CMakeFiles/test.dir/home/franklin/Git/770/capstone-project-team_05/project/compsys/pico-sdk/src/rp2_common/hardware_pio/pio.c.obj
                0x000000001001272c                pio_sm_set_consecutive_pindirs
 .text.dma_channel_unclaim
                0x00000000100127dc       0x10 CMakeFiles/test.dir/home/franklin/Git/770/capstone-project-team_05/project/compsys/pico-sdk/src/rp2_common/hardware_dma/dma.c.obj
                0x00000000100127dc                dma_channel_unclaim
 .text.dma_claim_unused_channel
                0x00000000100127ec       0x20 CMakeFiles/test.dir/home/franklin/Git/770/capstone-project-team_05/project/compsys/pico-sdk/src/rp2_common/hardware_dma/dma.c.obj
                0x00000000100127ec                dma_claim_unused_channel
 .text.dma_channel_cleanup
                0x000000001001280c       0x60 CMakeFiles/test.dir/home/franklin/Git/770/capstone-project-team_05/project/compsys/pico-sdk/src/rp2_common/hardware_dma/dma.c.obj
                0x000000001001280c                dma_channel_cleanup
 .text.cyw43_sleep_timeout_reached
                0x000000001001286c       0x10 CMakeFiles/test.dir/home/franklin/Git/770/capstone-project-team_05/project/compsys/pico-sdk/src/rp2_common/pico_cyw43_driver/cyw43_driver.c.obj
 .text.cyw43_irq_init
                0x000000001001287c       0x28 CMakeFiles/test.dir/home/franklin/Git/770/capstone-project-team_05/project/compsys/pico-sdk/src/rp2_common/pico_cyw43_driver/cyw43_driver.c.obj
                0x000000001001287c                cyw43_irq_init
 .text.cyw43_irq_deinit
                0x00000000100128a4       0x20 CMakeFiles/test.dir/home/franklin/Git/770/capstone-project-team_05/project/compsys/pico-sdk/src/rp2_common/pico_cyw43_driver/cyw43_driver.c.obj
                0x00000000100128a4                cyw43_irq_deinit
 .text.cyw43_gpio_irq_handler
                0x00000000100128c4       0x44 CMakeFiles/test.dir/home/franklin/Git/770/capstone-project-team_05/project/compsys/pico-sdk/src/rp2_common/pico_cyw43_driver/cyw43_driver.c.obj
 .text.cyw43_do_poll
                0x0000000010012908       0x6c CMakeFiles/test.dir/home/franklin/Git/770/capstone-project-team_05/project/compsys/pico-sdk/src/rp2_common/pico_cyw43_driver/cyw43_driver.c.obj
 .text.cyw43_post_poll_hook
                0x0000000010012974       0x10 CMakeFiles/test.dir/home/franklin/Git/770/capstone-project-team_05/project/compsys/pico-sdk/src/rp2_common/pico_cyw43_driver/cyw43_driver.c.obj
                0x0000000010012974                cyw43_post_poll_hook
 .text.cyw43_schedule_internal_poll_dispatch
                0x0000000010012984       0x18 CMakeFiles/test.dir/home/franklin/Git/770/capstone-project-team_05/project/compsys/pico-sdk/src/rp2_common/pico_cyw43_driver/cyw43_driver.c.obj
                0x0000000010012984                cyw43_schedule_internal_poll_dispatch
 .text.cyw43_driver_init
                0x000000001001299c       0x38 CMakeFiles/test.dir/home/franklin/Git/770/capstone-project-team_05/project/compsys/pico-sdk/src/rp2_common/pico_cyw43_driver/cyw43_driver.c.obj
                0x000000001001299c                cyw43_driver_init
 .text.cyw43_driver_deinit
                0x00000000100129d4       0x44 CMakeFiles/test.dir/home/franklin/Git/770/capstone-project-team_05/project/compsys/pico-sdk/src/rp2_common/pico_cyw43_driver/cyw43_driver.c.obj
                0x00000000100129d4                cyw43_driver_deinit
 .text.cyw43_hal_generate_laa_mac
                0x0000000010012a18       0x28 CMakeFiles/test.dir/home/franklin/Git/770/capstone-project-team_05/project/compsys/pico-sdk/src/rp2_common/pico_cyw43_driver/cyw43_driver.c.obj
                0x0000000010012a18                cyw43_hal_generate_laa_mac
 .text.cyw43_hal_get_mac
                0x0000000010012a40       0x1c CMakeFiles/test.dir/home/franklin/Git/770/capstone-project-team_05/project/compsys/pico-sdk/src/rp2_common/pico_cyw43_driver/cyw43_driver.c.obj
                0x0000000010012a40                cyw43_hal_get_mac
 .text.cyw43_thread_enter
                0x0000000010012a5c       0x14 CMakeFiles/test.dir/home/franklin/Git/770/capstone-project-team_05/project/compsys/pico-sdk/src/rp2_common/pico_cyw43_driver/cyw43_driver.c.obj
                0x0000000010012a5c                cyw43_thread_enter
 .text.cyw43_thread_exit
                0x0000000010012a70       0x14 CMakeFiles/test.dir/home/franklin/Git/770/capstone-project-team_05/project/compsys/pico-sdk/src/rp2_common/pico_cyw43_driver/cyw43_driver.c.obj
                0x0000000010012a70                cyw43_thread_exit
 .text.cyw43_await_background_or_timeout_us
                0x0000000010012a84       0x34 CMakeFiles/test.dir/home/franklin/Git/770/capstone-project-team_05/project/compsys/pico-sdk/src/rp2_common/pico_cyw43_driver/cyw43_driver.c.obj
                0x0000000010012a84                cyw43_await_background_or_timeout_us
 .text.cyw43_delay_ms