Archive member included to satisfy reference by file (symbol)

/Applications/ArmGNUToolchain/13.2.Rel1/arm-none-eabi/bin/../lib/gcc/arm-none-eabi/13.2.1/thumb/v6-m/nofp/libgcc.a(_dvmd_tls.o)
                              CMakeFiles/test.dir/Users/iankuik/Documents/GitHub/capstone-project-team_05/project/compsys/pico-sdk/src/rp2_common/pico_divider/divider.S.obj (__aeabi_idiv0)
/Applications/ArmGNUToolchain/13.2.Rel1/arm-none-eabi/bin/../lib/gcc/arm-none-eabi/13.2.1/../../../../arm-none-eabi/lib/thumb/v6-m/nofp/libc.a(libc_a-atoi.o)
                              CMakeFiles/test.dir/Users/iankuik/Documents/GitHub/capstone-project-team_05/project/compsys/pico-sdk/lib/lwip/src/core/netif.c.obj (atoi)
/Applications/ArmGNUToolchain/13.2.Rel1/arm-none-eabi/bin/../lib/gcc/arm-none-eabi/13.2.1/../../../../arm-none-eabi/lib/thumb/v6-m/nofp/libc.a(libc_a-calloc.o)
                              CMakeFiles/test.dir/Users/iankuik/Documents/GitHub/capstone-project-team_05/project/compsys/pico-sdk/src/rp2_common/pico_malloc/pico_malloc.c.obj (calloc)
/Applications/ArmGNUToolchain/13.2.Rel1/arm-none-eabi/bin/../lib/gcc/arm-none-eabi/13.2.1/../../../../arm-none-eabi/lib/thumb/v6-m/nofp/libc.a(libc_a-callocr.o)
                              /Applications/ArmGNUToolchain/13.2.Rel1/arm-none-eabi/bin/../lib/gcc/arm-none-eabi/13.2.1/../../../../arm-none-eabi/lib/thumb/v6-m/nofp/libc.a(libc_a-calloc.o) (_calloc_r)
/Applications/ArmGNUToolchain/13.2.Rel1/arm-none-eabi/bin/../lib/gcc/arm-none-eabi/13.2.1/../../../../arm-none-eabi/lib/thumb/v6-m/nofp/libc.a(libc_a-malloc.o)
                              CMakeFiles/test.dir/Users/iankuik/Documents/GitHub/capstone-project-team_05/project/compsys/pico-sdk/src/rp2_common/pico_malloc/pico_malloc.c.obj (malloc)
/Applications/ArmGNUToolchain/13.2.Rel1/arm-none-eabi/bin/../lib/gcc/arm-none-eabi/13.2.1/../../../../arm-none-eabi/lib/thumb/v6-m/nofp/libc.a(libc_a-mallocr.o)
                              /Applications/ArmGNUToolchain/13.2.Rel1/arm-none-eabi/bin/../lib/gcc/arm-none-eabi/13.2.1/../../../../arm-none-eabi/lib/thumb/v6-m/nofp/libc.a(libc_a-callocr.o) (_malloc_r)
/Applications/ArmGNUToolchain/13.2.Rel1/arm-none-eabi/bin/../lib/gcc/arm-none-eabi/13.2.1/../../../../arm-none-eabi/lib/thumb/v6-m/nofp/libc.a(libc_a-mlock.o)
                              /Applications/ArmGNUToolchain/13.2.Rel1/arm-none-eabi/bin/../lib/gcc/arm-none-eabi/13.2.1/../../../../arm-none-eabi/lib/thumb/v6-m/nofp/libc.a(libc_a-mallocr.o) (__malloc_lock)
/Applications/ArmGNUToolchain/13.2.Rel1/arm-none-eabi/bin/../lib/gcc/arm-none-eabi/13.2.1/../../../../arm-none-eabi/lib/thumb/v6-m/nofp/libc.a(libc_a-realloc.o)
                              CMakeFiles/test.dir/Users/iankuik/Documents/GitHub/capstone-project-team_05/project/compsys/pico-sdk/src/rp2_common/pico_malloc/pico_malloc.c.obj (realloc)
/Applications/ArmGNUToolchain/13.2.Rel1/arm-none-eabi/bin/../lib/gcc/arm-none-eabi/13.2.1/../../../../arm-none-eabi/lib/thumb/v6-m/nofp/libc.a(libc_a-reallocr.o)
                              /Applications/ArmGNUToolchain/13.2.Rel1/arm-none-eabi/bin/../lib/gcc/arm-none-eabi/13.2.1/../../../../arm-none-eabi/lib/thumb/v6-m/nofp/libc.a(libc_a-realloc.o) (_realloc_r)
/Applications/ArmGNUToolchain/13.2.Rel1/arm-none-eabi/bin/../lib/gcc/arm-none-eabi/13.2.1/../../../../arm-none-eabi/lib/thumb/v6-m/nofp/libc.a(libc_a-strtol.o)
                              /Applications/ArmGNUToolchain/13.2.Rel1/arm-none-eabi/bin/../lib/gcc/arm-none-eabi/13.2.1/../../../../arm-none-eabi/lib/thumb/v6-m/nofp/libc.a(libc_a-atoi.o) (_strtol_r)
/Applications/ArmGNUToolchain/13.2.Rel1/arm-none-eabi/bin/../lib/gcc/arm-none-eabi/13.2.1/../../../../arm-none-eabi/lib/thumb/v6-m/nofp/libc.a(libc_a-memcmp.o)
                              CMakeFiles/test.dir/Users/iankuik/Documents/GitHub/capstone-project-team_05/project/compsys/pico-sdk/lib/lwip/src/netif/ethernet.c.obj (memcmp)
/Applications/ArmGNUToolchain/13.2.Rel1/arm-none-eabi/bin/../lib/gcc/arm-none-eabi/13.2.1/../../../../arm-none-eabi/lib/thumb/v6-m/nofp/libc.a(libc_a-memmove.o)
                              CMakeFiles/test.dir/Users/iankuik/Documents/GitHub/capstone-project-team_05/project/compsys/pico-sdk/lib/lwip/src/core/def.c.obj (memmove)
/Applications/ArmGNUToolchain/13.2.Rel1/arm-none-eabi/bin/../lib/gcc/arm-none-eabi/13.2.1/../../../../arm-none-eabi/lib/thumb/v6-m/nofp/libc.a(libc_a-strncmp.o)
                              CMakeFiles/test.dir/Users/iankuik/Documents/GitHub/capstone-project-team_05/project/compsys/pico-sdk/lib/lwip/src/core/def.c.obj (strncmp)
/Applications/ArmGNUToolchain/13.2.Rel1/arm-none-eabi/bin/../lib/gcc/arm-none-eabi/13.2.1/../../../../arm-none-eabi/lib/thumb/v6-m/nofp/libc.a(libc_a-impure.o)
                              /Applications/ArmGNUToolchain/13.2.Rel1/arm-none-eabi/bin/../lib/gcc/arm-none-eabi/13.2.1/../../../../arm-none-eabi/lib/thumb/v6-m/nofp/libc.a(libc_a-calloc.o) (_impure_ptr)
[...]
Memory Configuration

Name             Origin             Length             Attributes
FLASH            0x10000000         0x00200000         xr
RAM              0x20000000         0x00040000         xrw
SCRATCH_X        0x20040000         0x00001000         xrw
SCRATCH_Y        0x20041000         0x00001000         xrw
*default*        0x00000000         0xffffffff

Linker script and memory map

LOAD /Applications/ArmGNUToolchain/13.2.Rel1/arm-none-eabi/bin/../lib/gcc/arm-none-eabi/13.2.1/thumb/v6-m/nofp/crti.o
LOAD /Applications/ArmGNUToolchain/13.2.Rel1/arm-none-eabi/bin/../lib/gcc/arm-none-eabi/13.2.1/thumb/v6-m/nofp/crtbegin.o
LOAD /Applications/ArmGNUToolchain/13.2.Rel1/arm-none-eabi/bin/../lib/gcc/arm-none-eabi/13.2.1/../../../../arm-none-eabi/lib/thumb/v6-m/nofp/crt0.o

.flash_begin    0x10000000        0x0
                0x10000000                        __flash_binary_start = .

.boot2          0x10000000      0x100
                0x10000000                        __boot2_start__ = .
 *(.boot2)
 .boot2         0x10000000      0x100 /var/folders/0z/yt_0r6b93_vfjxd3ftplk93w0000gp/T//ccOWTehL.o
                0x10000100                        __boot2_end__ = .
                0x00000001                        ASSERT (((__boot2_end__ - __boot2_start__) == 0x100), ERROR: Pico second stage bootloader must be 256 bytes in size)

.text           0x10000100    0x159c0
                0x10000100                        __logical_binary_start = .
 *(.vectors)
 .vectors       0x10000100       0xd4 CMakeFiles/test.dir/Users/iankuik/Documents/GitHub/capstone-project-team_05/project/compsys/pico-sdk/src/rp2_common/pico_standard_link/crt0.S.obj
                0x10000100                __VECTOR_TABLE
                0x10000100                __vectors
                0x100001c0                __default_isrs_start
                0x100001c0                isr_invalid
                0x100001c2                isr_nmi
                0x100001c4                isr_hardfault
                0x100001c6                isr_svcall
                0x100001c8                isr_pendsv
                0x100001ca                isr_systick
                0x100001cc                isr_irq28
                0x100001cc                isr_irq19
                0x100001cc                isr_irq0
                0x100001cc                isr_irq6
                0x100001cc                isr_irq22
                0x100001cc                isr_irq17
                0x100001cc                isr_irq14
                0x100001cc                isr_irq2
                0x100001cc                isr_irq10
                0x100001cc                isr_irq8
                0x100001cc                isr_irq24
                0x100001cc                isr_irq1
                0x100001cc                isr_irq7
                0x100001cc                isr_irq21
                0x100001cc                isr_irq20
                0x100001cc                isr_irq15
                0x100001cc                isr_irq25
                0x100001cc                isr_irq4
                0x100001cc                isr_irq16
                0x100001cc                isr_irq29
                0x100001cc                isr_irq26
                0x100001cc                __default_isrs_end
                0x100001cc                isr_irq3
                0x100001cc                isr_irq9
                0x100001cc                __unhandled_user_irq
                0x100001cc                isr_irq13
                0x100001cc                isr_irq27
                0x100001cc                isr_irq31
                0x100001cc                isr_irq5
                0x100001cc                isr_irq11
                0x100001cc                isr_irq23
                0x100001cc                isr_irq18
                0x100001cc                isr_irq30
                0x100001cc                isr_irq12
                0x100001d2                unhandled_user_irq_num_in_r0
 *(.binary_info_header)
 .binary_info_header
                0x100001d4       0x14 CMakeFiles/test.dir/Users/iankuik/Documents/GitHub/capstone-project-team_05/project/compsys/pico-sdk/src/rp2_common/pico_standard_link/crt0.S.obj
                0x100001e8                        __binary_info_header_end = .
 *(.reset)
 .reset         0x100001e8       0xa0 CMakeFiles/test.dir/Users/iankuik/Documents/GitHub/capstone-project-team_05/project/compsys/pico-sdk/src/rp2_common/pico_standard_link/crt0.S.obj
                0x100001e8                _entry_point
 .reset         0x10000288       0x30 CMakeFiles/test.dir/Users/iankuik/Documents/GitHub/capstone-project-team_05/project/compsys/pico-sdk/src/rp2_common/pico_standard_link/binary_info.c.obj
 *(.init)
 .init          0x100002b8        0x4 /Applications/ArmGNUToolchain/13.2.Rel1/arm-none-eabi/bin/../lib/gcc/arm-none-eabi/13.2.1/thumb/v6-m/nofp/crti.o
                0x100002b8                _init
 *(EXCLUDE_FILE(*libm.a: *libc.a:*lib_a-mem*.o *libgcc.a:) .text*)
 .text.register_tm_clones
                0x100002bc       0x28 /Applications/ArmGNUToolchain/13.2.Rel1/arm-none-eabi/bin/../lib/gcc/arm-none-eabi/13.2.1/thumb/v6-m/nofp/crtbegin.o
 .text.frame_dummy
                0x100002e4       0x24 /Applications/ArmGNUToolchain/13.2.Rel1/arm-none-eabi/bin/../lib/gcc/arm-none-eabi/13.2.1/thumb/v6-m/nofp/crtbegin.o
 .text.startup.main
                0x10000308       0x7c CMakeFiles/test.dir/test.c.obj
                0x10000308                main
 .text.lwip_timeout_reached
                0x10000384        0x8 CMakeFiles/test.dir/Users/iankuik/Documents/GitHub/capstone-project-team_05/project/compsys/pico-sdk/src/rp2_common/pico_lwip/lwip_nosys.c.obj
 .text.update_next_timeout
                0x1000038c       0x60 CMakeFiles/test.dir/Users/iankuik/Documents/GitHub/capstone-project-team_05/project/compsys/pico-sdk/src/rp2_common/pico_lwip/lwip_nosys.c.obj
 .text.lwip_nosys_init
                0x100003ec       0x30 CMakeFiles/test.dir/Users/iankuik/Documents/GitHub/capstone-project-team_05/project/compsys/pico-sdk/src/rp2_common/pico_lwip/lwip_nosys.c.obj
                0x100003ec                lwip_nosys_init
 .text.lwip_nosys_deinit
                0x1000041c       0x20 CMakeFiles/test.dir/Users/iankuik/Documents/GitHub/capstone-project-team_05/project/compsys/pico-sdk/src/rp2_common/pico_lwip/lwip_nosys.c.obj
                0x1000041c                lwip_nosys_deinit
 .text.sys_arch_protect
                0x1000043c        0x4 CMakeFiles/test.dir/Users/iankuik/Documents/GitHub/capstone-project-team_05/project/compsys/pico-sdk/src/rp2_common/pico_lwip/lwip_nosys.c.obj
                0x1000043c                sys_arch_protect
 .text.sys_arch_unprotect
                0x10000440        0x4 CMakeFiles/test.dir/Users/iankuik/Documents/GitHub/capstone-project-team_05/project/compsys/pico-sdk/src/rp2_common/pico_lwip/lwip_nosys.c.obj
                0x10000440                sys_arch_unprotect
 .text.sys_now  0x10000444       0x20 CMakeFiles/test.dir/Users/iankuik/Documents/GitHub/capstone-project-team_05/project/compsys/pico-sdk/src/rp2_common/pico_lwip/lwip_nosys.c.obj
                0x10000444                sys_now
 .text.async_context_base_add_at_time_worker
                0x10000464       0x24 CMakeFiles/test.dir/Users/iankuik/Documents/GitHub/capstone-project-team_05/project/compsys/pico-sdk/src/rp2_common/pico_async_context/async_context_base.c.obj
                0x10000464                async_context_base_add_at_time_worker
 .text.async_context_base_remove_at_time_worker
                0x10000488       0x28 CMakeFiles/test.dir/Users/iankuik/Documents/GitHub/capstone-project-team_05/project/compsys/pico-sdk/src/rp2_common/pico_async_context/async_context_base.c.obj
                0x10000488                async_context_base_remove_at_time_worker
 .text.async_context_base_add_when_pending_worker
                0x100004b0       0x24 CMakeFiles/test.dir/Users/iankuik/Documents/GitHub/capstone-project-team_05/project/compsys/pico-sdk/src/rp2_common/pico_async_context/async_context_base.c.obj
                0x100004b0                async_context_base_add_when_pending_worker
 .text.async_context_base_remove_when_pending_worker
                0x100004d4       0x28 CMakeFiles/test.dir/Users/iankuik/Documents/GitHub/capstone-project-team_05/project/compsys/pico-sdk/src/rp2_common/pico_async_context/async_context_base.c.obj
                0x100004d4                async_context_base_remove_when_pending_worker
 .text.async_context_base_execute_once
                0x100004fc      0x108 CMakeFiles/test.dir/Users/iankuik/Documents/GitHub/capstone-project-team_05/project/compsys/pico-sdk/src/rp2_common/pico_async_context/async_context_base.c.obj
                0x100004fc                async_context_base_execute_once
 .text.running_on_fpga
                0x10000604       0x10 CMakeFiles/test.dir/Users/iankuik/Documents/GitHub/capstone-project-team_05/project/compsys/pico-sdk/src/rp2_common/pico_platform/platform.c.obj
                0x10000604                running_on_fpga
 .text.splitmix64
                0x10000614       0x58 CMakeFiles/test.dir/Users/iankuik/Documents/GitHub/capstone-project-team_05/project/compsys/pico-sdk/src/rp2_common/pico_rand/rand.c.obj
 .text.xoroshiro128ss
                0x1000066c       0x90 CMakeFiles/test.dir/Users/iankuik/Documents/GitHub/capstone-project-team_05/project/compsys/pico-sdk/src/rp2_common/pico_rand/rand.c.obj
 .text.get_rand_64
                0x100006fc      0x4a4 CMakeFiles/test.dir/Users/iankuik/Documents/GitHub/capstone-project-team_05/project/compsys/pico-sdk/src/rp2_common/pico_rand/rand.c.obj
                0x100006fc                get_rand_64
 .text.get_rand_32
                0x10000ba0        0x8 CMakeFiles/test.dir/Users/iankuik/Documents/GitHub/capstone-project-team_05/project/compsys/pico-sdk/src/rp2_common/pico_rand/rand.c.obj
                0x10000ba0                get_rand_32
 .text.startup._retrieve_unique_id_on_boot
                0x10000ba8       0x10 CMakeFiles/test.dir/Users/iankuik/Documents/GitHub/capstone-project-team_05/project/compsys/pico-sdk/src/rp2_common/pico_unique_id/unique_id.c.obj
 .text.pico_get_unique_board_id
                0x10000bb8       0x10 CMakeFiles/test.dir/Users/iankuik/Documents/GitHub/capstone-project-team_05/project/compsys/pico-sdk/src/rp2_common/pico_unique_id/unique_id.c.obj
                0x10000bb8                pico_get_unique_board_id
 .text.pico_get_unique_board_id_string
                0x10000bc8      0x1a8 CMakeFiles/test.dir/Users/iankuik/Documents/GitHub/capstone-project-team_05/project/compsys/pico-sdk/src/rp2_common/pico_unique_id/unique_id.c.obj
                0x10000bc8                pico_get_unique_board_id_string
 .text.flash_get_unique_id
                0x10000d70       0x3c CMakeFiles/test.dir/Users/iankuik/Documents/GitHub/capstone-project-team_05/project/compsys/pico-sdk/src/rp2_common/hardware_flash/flash.c.obj
                0x10000d70                flash_get_unique_id
 .text.hw_claim_lock
                0x10000dac       0x18 CMakeFiles/test.dir/Users/iankuik/Documents/GitHub/capstone-project-team_05/project/compsys/pico-sdk/src/rp2_common/hardware_claim/claim.c.obj
                0x10000dac                hw_claim_lock
 .text.hw_claim_unlock
                0x10000dc4       0x14 CMakeFiles/test.dir/Users/iankuik/Documents/GitHub/capstone-project-team_05/project/compsys/pico-sdk/src/rp2_common/hardware_claim/claim.c.obj
                0x10000dc4                hw_claim_unlock
 .text.hw_claim_or_assert
                0x10000dd8       0x44 CMakeFiles/test.dir/Users/iankuik/Documents/GitHub/capstone-project-team_05/project/compsys/pico-sdk/src/rp2_common/hardware_claim/claim.c.obj
                0x10000dd8                hw_claim_or_assert
 .text.hw_claim_unused_from_range
                0x10000e1c       0x9c CMakeFiles/test.dir/Users/iankuik/Documents/GitHub/capstone-project-team_05/project/compsys/pico-sdk/src/rp2_common/hardware_claim/claim.c.obj
                0x10000e1c                hw_claim_unused_from_range
 .text.hw_claim_clear
                0x10000eb8       0x38 CMakeFiles/test.dir/Users/iankuik/Documents/GitHub/capstone-project-team_05/project/compsys/pico-sdk/src/rp2_common/hardware_claim/claim.c.obj
                0x10000eb8                hw_claim_clear
 .text.spin_locks_reset
                0x10000ef0       0x1c CMakeFiles/test.dir/Users/iankuik/Documents/GitHub/capstone-project-team_05/project/compsys/pico-sdk/src/rp2_common/hardware_sync/sync.c.obj
                0x10000ef0                spin_locks_reset
 .text.next_striped_spin_lock_num
                0x10000f0c       0x18 CMakeFiles/test.dir/Users/iankuik/Documents/GitHub/capstone-project-team_05/project/compsys/pico-sdk/src/rp2_common/hardware_sync/sync.c.obj
                0x10000f0c                next_striped_spin_lock_num
 .text.spin_lock_claim_unused
                0x10000f24       0x24 CMakeFiles/test.dir/Users/iankuik/Documents/GitHub/capstone-project-team_05/project/compsys/pico-sdk/src/rp2_common/hardware_sync/sync.c.obj
                0x10000f24                spin_lock_claim_unused
 .text.rom_func_lookup
                0x10000f48       0x10 CMakeFiles/test.dir/Users/iankuik/Documents/GitHub/capstone-project-team_05/project/compsys/pico-sdk/src/rp2_common/pico_bootrom/bootrom.c.obj
                0x10000f48                rom_func_lookup
 .text.rom_data_lookup
                0x10000f58       0x10 CMakeFiles/test.dir/Users/iankuik/Documents/GitHub/capstone-project-team_05/project/compsys/pico-sdk/src/rp2_common/pico_bootrom/bootrom.c.obj
                0x10000f58                rom_data_lookup
 .text.rom_funcs_lookup
                0x10000f68       0x44 CMakeFiles/test.dir/Users/iankuik/Documents/GitHub/capstone-project-team_05/project/compsys/pico-sdk/src/rp2_common/pico_bootrom/bootrom.c.obj
                0x10000f68                rom_funcs_lookup
 .text.clocks_init
                0x10000fac      0x2c8 CMakeFiles/test.dir/Users/iankuik/Documents/GitHub/capstone-project-team_05/project/compsys/pico-sdk/src/rp2_common/hardware_clocks/clocks.c.obj
                0x10000fac                clocks_init
 .text.clock_get_hz
                0x10001274        0xc CMakeFiles/test.dir/Users/iankuik/Documents/GitHub/capstone-project-team_05/project/compsys/pico-sdk/src/rp2_common/hardware_clocks/clocks.c.obj
                0x10001274                clock_get_hz
 .text.gpio_set_function
                0x10001280       0x30 CMakeFiles/test.dir/Users/iankuik/Documents/GitHub/capstone-project-team_05/project/compsys/pico-sdk/src/rp2_common/hardware_gpio/gpio.c.obj
                0x10001280                gpio_set_function
 .text.gpio_set_pulls
                0x100012b0       0x24 CMakeFiles/test.dir/Users/iankuik/Documents/GitHub/capstone-project-team_05/project/compsys/pico-sdk/src/rp2_common/hardware_gpio/gpio.c.obj
                0x100012b0                gpio_set_pulls
 .text.gpio_set_input_hysteresis_enabled
                0x100012d4       0x28 CMakeFiles/test.dir/Users/iankuik/Documents/GitHub/capstone-project-team_05/project/compsys/pico-sdk/src/rp2_common/hardware_gpio/gpio.c.obj
                0x100012d4                gpio_set_input_hysteresis_enabled
 .text.gpio_set_irq_enabled
                0x100012fc       0x54 CMakeFiles/test.dir/Users/iankuik/Documents/GitHub/capstone-project-team_05/project/compsys/pico-sdk/src/rp2_common/hardware_gpio/gpio.c.obj
                0x100012fc                gpio_set_irq_enabled
 .text.gpio_add_raw_irq_handler_with_order_priority_masked
                0x10001350       0x44 CMakeFiles/test.dir/Users/iankuik/Documents/GitHub/capstone-project-team_05/project/compsys/pico-sdk/src/rp2_common/hardware_gpio/gpio.c.obj
                0x10001350                gpio_add_raw_irq_handler_with_order_priority_masked
 .text.gpio_remove_raw_irq_handler_masked
                0x10001394       0x20 CMakeFiles/test.dir/Users/iankuik/Documents/GitHub/capstone-project-team_05/project/compsys/pico-sdk/src/rp2_common/hardware_gpio/gpio.c.obj
                0x10001394                gpio_remove_raw_irq_handler_masked
 .text.gpio_init
                0x100013b4       0x3c CMakeFiles/test.dir/Users/iankuik/Documents/GitHub/capstone-project-team_05/project/compsys/pico-sdk/src/rp2_common/hardware_gpio/gpio.c.obj
                0x100013b4                gpio_init
 .text.irq_set_enabled
                0x100013f0       0x24 CMakeFiles/test.dir/Users/iankuik/Documents/GitHub/capstone-project-team_05/project/compsys/pico-sdk/src/rp2_common/hardware_irq/irq.c.obj
                0x100013f0                irq_set_enabled
 .text.irq_set_pending
                0x10001414       0x10 CMakeFiles/test.dir/Users/iankuik/Documents/GitHub/capstone-project-team_05/project/compsys/pico-sdk/src/rp2_common/hardware_irq/irq.c.obj
                0x10001414                irq_set_pending
 .text.irq_has_shared_handler
                0x10001424       0x2c CMakeFiles/test.dir/Users/iankuik/Documents/GitHub/capstone-project-team_05/project/compsys/pico-sdk/src/rp2_common/hardware_irq/irq.c.obj
                0x10001424                irq_has_shared_handler
 .text.irq_get_vtable_handler
                0x10001450       0x10 CMakeFiles/test.dir/Users/iankuik/Documents/GitHub/capstone-project-team_05/project/compsys/pico-sdk/src/rp2_common/hardware_irq/irq.c.obj
                0x10001450                irq_get_vtable_handler
 .text.irq_set_exclusive_handler
                0x10001460       0x54 CMakeFiles/test.dir/Users/iankuik/Documents/GitHub/capstone-project-team_05/project/compsys/pico-sdk/src/rp2_common/hardware_irq/irq.c.obj
                0x10001460                irq_set_exclusive_handler
 .text.irq_add_shared_handler
                0x100014b4      0x1f4 CMakeFiles/test.dir/Users/iankuik/Documents/GitHub/capstone-project-team_05/project/compsys/pico-sdk/src/rp2_common/hardware_irq/irq.c.obj
                0x100014b4                irq_add_shared_handler
 .text.irq_remove_handler
                0x100016a8      0x1c4 CMakeFiles/test.dir/Users/iankuik/Documents/GitHub/capstone-project-team_05/project/compsys/pico-sdk/src/rp2_common/hardware_irq/irq.c.obj
                0x100016a8                irq_remove_handler
 .text.irq_set_priority
                0x1000186c       0x28 CMakeFiles/test.dir/Users/iankuik/Documents/GitHub/capstone-project-team_05/project/compsys/pico-sdk/src/rp2_common/hardware_irq/irq.c.obj
                0x1000186c                irq_set_priority
 .text.irq_add_tail_to_free_list
                0x10001894       0xb4 CMakeFiles/test.dir/Users/iankuik/Documents/GitHub/capstone-project-team_05/project/compsys/pico-sdk/src/rp2_common/hardware_irq/irq.c.obj
                0x10001894                irq_add_tail_to_free_list
 .text.irq_init_priorities
                0x10001948       0x24 CMakeFiles/test.dir/Users/iankuik/Documents/GitHub/capstone-project-team_05/project/compsys/pico-sdk/src/rp2_common/hardware_irq/irq.c.obj
                0x10001948                irq_init_priorities
 .text.user_irq_unclaim
                0x1000196c       0x14 CMakeFiles/test.dir/Users/iankuik/Documents/GitHub/capstone-project-team_05/project/compsys/pico-sdk/src/rp2_common/hardware_irq/irq.c.obj
                0x1000196c                user_irq_unclaim
 .text.user_irq_claim_unused
                0x10001980       0x2c CMakeFiles/test.dir/Users/iankuik/Documents/GitHub/capstone-project-team_05/project/compsys/pico-sdk/src/rp2_common/hardware_irq/irq.c.obj
                0x10001980                user_irq_claim_unused
 .text.sem_init
                0x100019ac       0x20 CMakeFiles/test.dir/Users/iankuik/Documents/GitHub/capstone-project-team_05/project/compsys/pico-sdk/src/common/pico_sync/sem.c.obj
                0x100019ac                sem_init
 .text.lock_init
                0x100019cc       0x10 CMakeFiles/test.dir/Users/iankuik/Documents/GitHub/capstone-project-team_05/project/compsys/pico-sdk/src/common/pico_sync/lock_core.c.obj
                0x100019cc                lock_init
 .text.mutex_init
                0x100019dc       0x1c CMakeFiles/test.dir/Users/iankuik/Documents/GitHub/capstone-project-team_05/project/compsys/pico-sdk/src/common/pico_sync/mutex.c.obj
                0x100019dc                mutex_init
 .text.recursive_mutex_init
                0x100019f8       0x1c CMakeFiles/test.dir/Users/iankuik/Documents/GitHub/capstone-project-team_05/project/compsys/pico-sdk/src/common/pico_sync/mutex.c.obj
                0x100019f8                recursive_mutex_init
 .text.critical_section_init
                0x10001a14       0x1c CMakeFiles/test.dir/Users/iankuik/Documents/GitHub/capstone-project-team_05/project/compsys/pico-sdk/src/common/pico_sync/critical_section.c.obj
                0x10001a14                critical_section_init
 .text.critical_section_init_with_lock_num
                0x10001a30       0x14 CMakeFiles/test.dir/Users/iankuik/Documents/GitHub/capstone-project-team_05/project/compsys/pico-sdk/src/common/pico_sync/critical_section.c.obj
                0x10001a30                critical_section_init_with_lock_num
 .text.timer_pool_entry_comparator
                0x10001a44       0x34 CMakeFiles/test.dir/Users/iankuik/Documents/GitHub/capstone-project-team_05/project/compsys/pico-sdk/src/common/pico_time/time.c.obj
                0x10001a44                timer_pool_entry_comparator
 .text.sleep_until_callback
                0x10001a78       0x30 CMakeFiles/test.dir/Users/iankuik/Documents/GitHub/capstone-project-team_05/project/compsys/pico-sdk/src/common/pico_time/time.c.obj
 .text.add_alarm_under_lock.isra.0
                0x10001aa8      0x100 CMakeFiles/test.dir/Users/iankuik/Documents/GitHub/capstone-project-team_05/project/compsys/pico-sdk/src/common/pico_time/time.c.obj
 .text.alarm_pool_alarm_callback
                0x10001ba8      0x1c0 CMakeFiles/test.dir/Users/iankuik/Documents/GitHub/capstone-project-team_05/project/compsys/pico-sdk/src/common/pico_time/time.c.obj
 .text.alarm_pool_init_default
                0x10001d68       0x6c CMakeFiles/test.dir/Users/iankuik/Documents/GitHub/capstone-project-team_05/project/compsys/pico-sdk/src/common/pico_time/time.c.obj
                0x10001d68                alarm_pool_init_default
 .text.alarm_pool_get_default
                0x10001dd4        0x8 CMakeFiles/test.dir/Users/iankuik/Documents/GitHub/capstone-project-team_05/project/compsys/pico-sdk/src/common/pico_time/time.c.obj
                0x10001dd4                alarm_pool_get_default
 .text.alarm_pool_add_alarm_at
                0x10001ddc      0x17c CMakeFiles/test.dir/Users/iankuik/Documents/GitHub/capstone-project-team_05/project/compsys/pico-sdk/src/common/pico_time/time.c.obj
                0x10001ddc                alarm_pool_add_alarm_at
 .text.alarm_pool_cancel_alarm
                0x10001f58       0x70 CMakeFiles/test.dir/Users/iankuik/Documents/GitHub/capstone-project-team_05/project/compsys/pico-sdk/src/common/pico_time/time.c.obj
                0x10001f58                alarm_pool_cancel_alarm
 .text.alarm_pool_core_num
                0x10001fc8        0x4 CMakeFiles/test.dir/Users/iankuik/Documents/GitHub/capstone-project-team_05/project/compsys/pico-sdk/src/common/pico_time/time.c.obj
                0x10001fc8                alarm_pool_core_num
 .text.sleep_until
                0x10001fcc       0xc4 CMakeFiles/test.dir/Users/iankuik/Documents/GitHub/capstone-project-team_05/project/compsys/pico-sdk/src/common/pico_time/time.c.obj
                0x10001fcc                sleep_until
 .text.sleep_ms
                0x10002090       0x38 CMakeFiles/test.dir/Users/iankuik/Documents/GitHub/capstone-project-team_05/project/compsys/pico-sdk/src/common/pico_time/time.c.obj
                0x10002090                sleep_ms
 .text.best_effort_wfe_or_timeout
                0x100020c8       0xcc CMakeFiles/test.dir/Users/iankuik/Documents/GitHub/capstone-project-team_05/project/compsys/pico-sdk/src/common/pico_time/time.c.obj
                0x100020c8                best_effort_wfe_or_timeout
 .text.hardware_alarm_irq_handler
                0x10002194       0xbc CMakeFiles/test.dir/Users/iankuik/Documents/GitHub/capstone-project-team_05/project/compsys/pico-sdk/src/rp2_common/hardware_timer/timer.c.obj
 .text.hardware_alarm_claim
                0x10002250       0x18 CMakeFiles/test.dir/Users/iankuik/Documents/GitHub/capstone-project-team_05/project/compsys/pico-sdk/src/rp2_common/hardware_timer/timer.c.obj
                0x10002250                hardware_alarm_claim
 .text.time_us_64
                0x10002268       0x14 CMakeFiles/test.dir/Users/iankuik/Documents/GitHub/capstone-project-team_05/project/compsys/pico-sdk/src/rp2_common/hardware_timer/timer.c.obj
                0x10002268                time_us_64
 .text.busy_wait_us
                0x1000227c       0x68 CMakeFiles/test.dir/Users/iankuik/Documents/GitHub/capstone-project-team_05/project/compsys/pico-sdk/src/rp2_common/hardware_timer/timer.c.obj
                0x1000227c                busy_wait_us
 .text.busy_wait_until
                0x100022e4       0x20 CMakeFiles/test.dir/Users/iankuik/Documents/GitHub/capstone-project-team_05/project/compsys/pico-sdk/src/rp2_common/hardware_timer/timer.c.obj
                0x100022e4                busy_wait_until
 .text.hardware_alarm_set_callback
                0x10002304       0x8c CMakeFiles/test.dir/Users/iankuik/Documents/GitHub/capstone-project-team_05/project/compsys/pico-sdk/src/rp2_common/hardware_timer/timer.c.obj
                0x10002304                hardware_alarm_set_callback
 .text.hardware_alarm_set_target
                0x10002390       0xd0 CMakeFiles/test.dir/Users/iankuik/Documents/GitHub/capstone-project-team_05/project/compsys/pico-sdk/src/rp2_common/hardware_timer/timer.c.obj
                0x10002390                hardware_alarm_set_target
 .text.hardware_alarm_cancel
                0x10002460       0x3c CMakeFiles/test.dir/Users/iankuik/Documents/GitHub/capstone-project-team_05/project/compsys/pico-sdk/src/rp2_common/hardware_timer/timer.c.obj
                0x10002460                hardware_alarm_cancel
 .text.ph_merge_nodes
                0x1000249c       0x58 CMakeFiles/test.dir/Users/iankuik/Documents/GitHub/capstone-project-team_05/project/compsys/pico-sdk/src/common/pico_util/pheap.c.obj
 .text.ph_post_alloc_init
                0x100024f4       0x3c CMakeFiles/test.dir/Users/iankuik/Documents/GitHub/capstone-project-team_05/project/compsys/pico-sdk/src/common/pico_util/pheap.c.obj
                0x100024f4                ph_post_alloc_init
 .text.ph_merge_two_pass
                0x10002530       0x8c CMakeFiles/test.dir/Users/iankuik/Documents/GitHub/capstone-project-team_05/project/compsys/pico-sdk/src/common/pico_util/pheap.c.obj
                0x10002530                ph_merge_two_pass
 .text.ph_remove_any_head
                0x100025bc      0x100 CMakeFiles/test.dir/Users/iankuik/Documents/GitHub/capstone-project-team_05/project/compsys/pico-sdk/src/common/pico_util/pheap.c.obj
 .text.ph_remove_head
                0x100026bc      0x104 CMakeFiles/test.dir/Users/iankuik/Documents/GitHub/capstone-project-team_05/project/compsys/pico-sdk/src/common/pico_util/pheap.c.obj
                0x100026bc                ph_remove_head
 .text.ph_remove_and_free_node
                0x100027c0       0x78 CMakeFiles/test.dir/Users/iankuik/Documents/GitHub/capstone-project-team_05/project/compsys/pico-sdk/src/common/pico_util/pheap.c.obj
                0x100027c0                ph_remove_and_free_node
 .text.pll_init
                0x10002838       0xa4 CMakeFiles/test.dir/Users/iankuik/Documents/GitHub/capstone-project-team_05/project/compsys/pico-sdk/src/rp2_common/hardware_pll/pll.c.obj
                0x10002838                pll_init
 .text.watchdog_start_tick
                0x100028dc       0x10 CMakeFiles/test.dir/Users/iankuik/Documents/GitHub/capstone-project-team_05/project/compsys/pico-sdk/src/rp2_common/hardware_watchdog/watchdog.c.obj
                0x100028dc                watchdog_start_tick
 .text.watchdog_reboot
                0x100028ec       0x9c CMakeFiles/test.dir/Users/iankuik/Documents/GitHub/capstone-project-team_05/project/compsys/pico-sdk/src/rp2_common/hardware_watchdog/watchdog.c.obj
                0x100028ec                watchdog_reboot
 .text.xosc_init
                0x10002988       0x28 CMakeFiles/test.dir/Users/iankuik/Documents/GitHub/capstone-project-team_05/project/compsys/pico-sdk/src/rp2_common/hardware_xosc/xosc.c.obj
                0x10002988                xosc_init
 .text.lwip_init
                0x100029b0       0x24 CMakeFiles/test.dir/Users/iankuik/Documents/GitHub/capstone-project-team_05/project/compsys/pico-sdk/lib/lwip/src/core/init.c.obj
                0x100029b0                lwip_init
 .text.lwip_htons
                0x100029d4        0x8 CMakeFiles/test.dir/Users/iankuik/Documents/GitHub/capstone-project-team_05/project/compsys/pico-sdk/lib/lwip/src/core/def.c.obj
                0x100029d4                lwip_htons
 .text.lwip_htonl
                0x100029dc        0x4 CMakeFiles/test.dir/Users/iankuik/Documents/GitHub/capstone-project-team_05/project/compsys/pico-sdk/lib/lwip/src/core/def.c.obj
                0x100029dc                lwip_htonl
 .text.dns_call_found
                0x100029e0      0x184 CMakeFiles/test.dir/Users/iankuik/Documents/GitHub/capstone-project-team_05/project/compsys/pico-sdk/lib/lwip/src/core/dns.c.obj
 .text.dns_send.isra.0
                0x10002b64      0x174 CMakeFiles/test.dir/Users/iankuik/Documents/GitHub/capstone-project-team_05/project/compsys/pico-sdk/lib/lwip/src/core/dns.c.obj
 .text.dns_init
                0x10002cd8        0x4 CMakeFiles/test.dir/Users/iankuik/Documents/GitHub/capstone-project-team_05/project/compsys/pico-sdk/lib/lwip/src/core/dns.c.obj
                0x10002cd8                dns_init
 .text.dns_setserver
                0x10002cdc       0x24 CMakeFiles/test.dir/Users/iankuik/Documents/GitHub/capstone-project-team_05/project/compsys/pico-sdk/lib/lwip/src/core/dns.c.obj
                0x10002cdc                dns_setserver
 .text.dns_tmr  0x10002d00      0x140 CMakeFiles/test.dir/Users/iankuik/Documents/GitHub/capstone-project-team_05/project/compsys/pico-sdk/lib/lwip/src/core/dns.c.obj
                0x10002d00                dns_tmr
 .text.lwip_standard_chksum
                0x10002e40       0xdc CMakeFiles/test.dir/Users/iankuik/Documents/GitHub/capstone-project-team_05/project/compsys/pico-sdk/lib/lwip/src/core/inet_chksum.c.obj
                0x10002e40                lwip_standard_chksum
 .text.inet_chksum_pseudo
                0x10002f1c       0xbc CMakeFiles/test.dir/Users/iankuik/Documents/GitHub/capstone-project-team_05/project/compsys/pico-sdk/lib/lwip/src/core/inet_chksum.c.obj
                0x10002f1c                inet_chksum_pseudo
 .text.ip_chksum_pseudo
                0x10002fd8       0x10 CMakeFiles/test.dir/Users/iankuik/Documents/GitHub/capstone-project-team_05/project/compsys/pico-sdk/lib/lwip/src/core/inet_chksum.c.obj
                0x10002fd8                ip_chksum_pseudo
 .text.inet_chksum
                0x10002fe8        0xc CMakeFiles/test.dir/Users/iankuik/Documents/GitHub/capstone-project-team_05/project/compsys/pico-sdk/lib/lwip/src/core/inet_chksum.c.obj
                0x10002fe8                inet_chksum
 .text.inet_chksum_pbuf
                0x10002ff4       0x78 CMakeFiles/test.dir/Users/iankuik/Documents/GitHub/capstone-project-team_05/project/compsys/pico-sdk/lib/lwip/src/core/inet_chksum.c.obj
                0x10002ff4                inet_chksum_pbuf
 .text.mem_init
                0x1000306c       0x3c CMakeFiles/test.dir/Users/iankuik/Documents/GitHub/capstone-project-team_05/project/compsys/pico-sdk/lib/lwip/src/core/mem.c.obj
                0x1000306c                mem_init
 .text.mem_free
                0x100030a8      0x130 CMakeFiles/test.dir/Users/iankuik/Documents/GitHub/capstone-project-team_05/project/compsys/pico-sdk/lib/lwip/src/core/mem.c.obj
                0x100030a8                mem_free
 .text.mem_trim
                0x100031d8      0x104 CMakeFiles/test.dir/Users/iankuik/Documents/GitHub/capstone-project-team_05/project/compsys/pico-sdk/lib/lwip/src/core/mem.c.obj
                0x100031d8                mem_trim
 .text.mem_malloc
                0x100032dc      0x124 CMakeFiles/test.dir/Users/iankuik/Documents/GitHub/capstone-project-team_05/project/compsys/pico-sdk/lib/lwip/src/core/mem.c.obj
                0x100032dc                mem_malloc
 .text.memp_init
                0x10003400       0x6c CMakeFiles/test.dir/Users/iankuik/Documents/GitHub/capstone-project-team_05/project/compsys/pico-sdk/lib/lwip/src/core/memp.c.obj
                0x10003400                memp_init
 .text.memp_malloc
                0x1000346c       0x40 CMakeFiles/test.dir/Users/iankuik/Documents/GitHub/capstone-project-team_05/project/compsys/pico-sdk/lib/lwip/src/core/memp.c.obj
                0x1000346c                memp_malloc
 .text.memp_free
                0x100034ac       0x38 CMakeFiles/test.dir/Users/iankuik/Documents/GitHub/capstone-project-team_05/project/compsys/pico-sdk/lib/lwip/src/core/memp.c.obj
                0x100034ac                memp_free
 .text.netif_null_output_ip4
                0x100034e4        0x8 CMakeFiles/test.dir/Users/iankuik/Documents/GitHub/capstone-project-team_05/project/compsys/pico-sdk/lib/lwip/src/core/netif.c.obj
 .text.netif_do_set_ipaddr.isra.0
                0x100034ec       0x60 CMakeFiles/test.dir/Users/iankuik/Documents/GitHub/capstone-project-team_05/project/compsys/pico-sdk/lib/lwip/src/core/netif.c.obj
 .text.netif_init
                0x1000354c        0x4 CMakeFiles/test.dir/Users/iankuik/Documents/GitHub/capstone-project-team_05/project/compsys/pico-sdk/lib/lwip/src/core/netif.c.obj
                0x1000354c                netif_init
 .text.netif_add
                0x10003550      0x16c CMakeFiles/test.dir/Users/iankuik/Documents/GitHub/capstone-project-team_05/project/compsys/pico-sdk/lib/lwip/src/core/netif.c.obj
                0x10003550                netif_add
 .text.netif_set_addr
                0x100036bc       0xb4 CMakeFiles/test.dir/Users/iankuik/Documents/GitHub/capstone-project-team_05/project/compsys/pico-sdk/lib/lwip/src/core/netif.c.obj
                0x100036bc                netif_set_addr
 .text.netif_remove
                0x10003770       0x94 CMakeFiles/test.dir/Users/iankuik/Documents/GitHub/capstone-project-team_05/project/compsys/pico-sdk/lib/lwip/src/core/netif.c.obj
                0x10003770                netif_remove
 .text.netif_set_default
                0x10003804        0xc CMakeFiles/test.dir/Users/iankuik/Documents/GitHub/capstone-project-team_05/project/compsys/pico-sdk/lib/lwip/src/core/netif.c.obj
                0x10003804                netif_set_default
 .text.netif_set_up
                0x10003810       0x40 CMakeFiles/test.dir/Users/iankuik/Documents/GitHub/capstone-project-team_05/project/compsys/pico-sdk/lib/lwip/src/core/netif.c.obj
                0x10003810                netif_set_up
 .text.netif_set_link_up
                0x10003850       0x44 CMakeFiles/test.dir/Users/iankuik/Documents/GitHub/capstone-project-team_05/project/compsys/pico-sdk/lib/lwip/src/core/netif.c.obj
                0x10003850                netif_set_link_up
 .text.netif_set_link_down
                0x10003894       0x20 CMakeFiles/test.dir/Users/iankuik/Documents/GitHub/capstone-project-team_05/project/compsys/pico-sdk/lib/lwip/src/core/netif.c.obj
                0x10003894                netif_set_link_down
 .text.netif_get_by_index
                0x100038b4       0x2c CMakeFiles/test.dir/Users/iankuik/Documents/GitHub/capstone-project-team_05/project/compsys/pico-sdk/lib/lwip/src/core/netif.c.obj
                0x100038b4                netif_get_by_index
 .text.pbuf_free.part.0
                0x100038e0       0x7c CMakeFiles/test.dir/Users/iankuik/Documents/GitHub/capstone-project-team_05/project/compsys/pico-sdk/lib/lwip/src/core/pbuf.c.obj
 .text.pbuf_free_ooseq
                0x1000395c       0x34 CMakeFiles/test.dir/Users/iankuik/Documents/GitHub/capstone-project-team_05/project/compsys/pico-sdk/lib/lwip/src/core/pbuf.c.obj
                0x1000395c                pbuf_free_ooseq
 .text.pbuf_alloc
                0x10003990      0x134 CMakeFiles/test.dir/Users/iankuik/Documents/GitHub/capstone-project-team_05/project/compsys/pico-sdk/lib/lwip/src/core/pbuf.c.obj
                0x10003990                pbuf_alloc
 .text.pbuf_realloc
                0x10003ac4       0x84 CMakeFiles/test.dir/Users/iankuik/Documents/GitHub/capstone-project-team_05/project/compsys/pico-sdk/lib/lwip/src/core/pbuf.c.obj
                0x10003ac4                pbuf_realloc
 .text.pbuf_add_header
                0x10003b48       0x50 CMakeFiles/test.dir/Users/iankuik/Documents/GitHub/capstone-project-team_05/project/compsys/pico-sdk/lib/lwip/src/core/pbuf.c.obj
                0x10003b48                pbuf_add_header
 .text.pbuf_remove_header
                0x10003b98       0x3c CMakeFiles/test.dir/Users/iankuik/Documents/GitHub/capstone-project-team_05/project/compsys/pico-sdk/lib/lwip/src/core/pbuf.c.obj
                0x10003b98                pbuf_remove_header
 .text.pbuf_header_force
                0x10003bd4       0x68 CMakeFiles/test.dir/Users/iankuik/Documents/GitHub/capstone-project-team_05/project/compsys/pico-sdk/lib/lwip/src/core/pbuf.c.obj
                0x10003bd4                pbuf_header_force
 .text.pbuf_free
                0x10003c3c       0x18 CMakeFiles/test.dir/Users/iankuik/Documents/GitHub/capstone-project-team_05/project/compsys/pico-sdk/lib/lwip/src/core/pbuf.c.obj
                0x10003c3c                pbuf_free
 .text.pbuf_clen
                0x10003c54       0x14 CMakeFiles/test.dir/Users/iankuik/Documents/GitHub/capstone-project-team_05/project/compsys/pico-sdk/lib/lwip/src/core/pbuf.c.obj
                0x10003c54                pbuf_clen
 .text.pbuf_ref
                0x10003c68       0x28 CMakeFiles/test.dir/Users/iankuik/Documents/GitHub/capstone-project-team_05/project/compsys/pico-sdk/lib/lwip/src/core/pbuf.c.obj
                0x10003c68                pbuf_ref
 .text.pbuf_cat
                0x10003c90       0x44 CMakeFiles/test.dir/Users/iankuik/Documents/GitHub/capstone-project-team_05/project/compsys/pico-sdk/lib/lwip/src/core/pbuf.c.obj
                0x10003c90                pbuf_cat
 .text.pbuf_chain
                0x10003cd4       0x64 CMakeFiles/test.dir/Users/iankuik/Documents/GitHub/capstone-project-team_05/project/compsys/pico-sdk/lib/lwip/src/core/pbuf.c.obj
                0x10003cd4                pbuf_chain
 .text.pbuf_copy_partial_pbuf
                0x10003d38      0x148 CMakeFiles/test.dir/Users/iankuik/Documents/GitHub/capstone-project-team_05/project/compsys/pico-sdk/lib/lwip/src/core/pbuf.c.obj
                0x10003d38                pbuf_copy_partial_pbuf
 .text.pbuf_copy
                0x10003e80       0x18 CMakeFiles/test.dir/Users/iankuik/Documents/GitHub/capstone-project-team_05/project/compsys/pico-sdk/lib/lwip/src/core/pbuf.c.obj
                0x10003e80                pbuf_copy
 .text.pbuf_copy_partial
                0x10003e98       0x68 CMakeFiles/test.dir/Users/iankuik/Documents/GitHub/capstone-project-team_05/project/compsys/pico-sdk/lib/lwip/src/core/pbuf.c.obj
                0x10003e98                pbuf_copy_partial
 .text.pbuf_take
                0x10003f00       0x78 CMakeFiles/test.dir/Users/iankuik/Documents/GitHub/capstone-project-team_05/project/compsys/pico-sdk/lib/lwip/src/core/pbuf.c.obj
                0x10003f00                pbuf_take
 .text.pbuf_take_at
                0x10003f78       0xcc CMakeFiles/test.dir/Users/iankuik/Documents/GitHub/capstone-project-team_05/project/compsys/pico-sdk/lib/lwip/src/core/pbuf.c.obj
                0x10003f78                pbuf_take_at
 .text.pbuf_clone
                0x10004044       0x30 CMakeFiles/test.dir/Users/iankuik/Documents/GitHub/capstone-project-team_05/project/compsys/pico-sdk/lib/lwip/src/core/pbuf.c.obj
                0x10004044                pbuf_clone
 .text.pbuf_put_at
                0x10004074       0x1c CMakeFiles/test.dir/Users/iankuik/Documents/GitHub/capstone-project-team_05/project/compsys/pico-sdk/lib/lwip/src/core/pbuf.c.obj
                0x10004074                pbuf_put_at
 .text.raw_input
                0x10004090      0x164 CMakeFiles/test.dir/Users/iankuik/Documents/GitHub/capstone-project-team_05/project/compsys/pico-sdk/lib/lwip/src/core/raw.c.obj
                0x10004090                raw_input
 .text.raw_netif_ip_addr_changed
                0x100041f4       0x40 CMakeFiles/test.dir/Users/iankuik/Documents/GitHub/capstone-project-team_05/project/compsys/pico-sdk/lib/lwip/src/core/raw.c.obj
                0x100041f4                raw_netif_ip_addr_changed
 .text.stats_init
                0x10004234        0x4 CMakeFiles/test.dir/Users/iankuik/Documents/GitHub/capstone-project-team_05/project/compsys/pico-sdk/lib/lwip/src/core/stats.c.obj
                0x10004234                stats_init
 .text.tcp_close_shutdown_fin
                0x10004238       0x54 CMakeFiles/test.dir/Users/iankuik/Documents/GitHub/capstone-project-team_05/project/compsys/pico-sdk/lib/lwip/src/core/tcp.c.obj
 .text.tcp_pcb_purge.part.0
                0x1000428c       0xc4 CMakeFiles/test.dir/Users/iankuik/Documents/GitHub/capstone-project-team_05/project/compsys/pico-sdk/lib/lwip/src/core/tcp.c.obj
 .text.tcp_init
                0x10004350       0x20 CMakeFiles/test.dir/Users/iankuik/Documents/GitHub/capstone-project-team_05/project/compsys/pico-sdk/lib/lwip/src/core/tcp.c.obj
                0x10004350                tcp_init
 .text.tcp_free
                0x10004370       0x1c CMakeFiles/test.dir/Users/iankuik/Documents/GitHub/capstone-project-team_05/project/compsys/pico-sdk/lib/lwip/src/core/tcp.c.obj
                0x10004370                tcp_free
 .text.tcp_update_rcv_ann_wnd
                0x1000438c       0x58 CMakeFiles/test.dir/Users/iankuik/Documents/GitHub/capstone-project-team_05/project/compsys/pico-sdk/lib/lwip/src/core/tcp.c.obj
                0x1000438c                tcp_update_rcv_ann_wnd
 .text.tcp_recved
                0x100043e4       0x98 CMakeFiles/test.dir/Users/iankuik/Documents/GitHub/capstone-project-team_05/project/compsys/pico-sdk/lib/lwip/src/core/tcp.c.obj
                0x100043e4                tcp_recved
 .text.tcp_slowtmr
                0x1000447c      0x524 CMakeFiles/test.dir/Users/iankuik/Documents/GitHub/capstone-project-team_05/project/compsys/pico-sdk/lib/lwip/src/core/tcp.c.obj
                0x1000447c                tcp_slowtmr
 .text.tcp_segs_free
                0x100049a0       0x38 CMakeFiles/test.dir/Users/iankuik/Documents/GitHub/capstone-project-team_05/project/compsys/pico-sdk/lib/lwip/src/core/tcp.c.obj
                0x100049a0                tcp_segs_free
 .text.tcp_seg_free
                0x100049d8       0x1c CMakeFiles/test.dir/Users/iankuik/Documents/GitHub/capstone-project-team_05/project/compsys/pico-sdk/lib/lwip/src/core/tcp.c.obj
                0x100049d8                tcp_seg_free
 .text.tcp_seg_copy
                0x100049f4       0x2c CMakeFiles/test.dir/Users/iankuik/Documents/GitHub/capstone-project-team_05/project/compsys/pico-sdk/lib/lwip/src/core/tcp.c.obj
                0x100049f4                tcp_seg_copy
 .text.tcp_pcb_purge
                0x10004a20       0x18 CMakeFiles/test.dir/Users/iankuik/Documents/GitHub/capstone-project-team_05/project/compsys/pico-sdk/lib/lwip/src/core/tcp.c.obj
                0x10004a20                tcp_pcb_purge
 .text.tcp_pcb_remove
                0x10004a38       0xc8 CMakeFiles/test.dir/Users/iankuik/Documents/GitHub/capstone-project-team_05/project/compsys/pico-sdk/lib/lwip/src/core/tcp.c.obj
                0x10004a38                tcp_pcb_remove
 .text.tcp_abandon
                0x10004b00      0x1a0 CMakeFiles/test.dir/Users/iankuik/Documents/GitHub/capstone-project-team_05/project/compsys/pico-sdk/lib/lwip/src/core/tcp.c.obj
                0x10004b00                tcp_abandon
 .text.tcp_abort
                0x10004ca0        0xc CMakeFiles/test.dir/Users/iankuik/Documents/GitHub/capstone-project-team_05/project/compsys/pico-sdk/lib/lwip/src/core/tcp.c.obj
                0x10004ca0                tcp_abort
 .text.tcp_alloc
                0x10004cac      0x1d4 CMakeFiles/test.dir/Users/iankuik/Documents/GitHub/capstone-project-team_05/project/compsys/pico-sdk/lib/lwip/src/core/tcp.c.obj
                0x10004cac                tcp_alloc
 .text.tcp_close_shutdown
                0x10004e80      0x188 CMakeFiles/test.dir/Users/iankuik/Documents/GitHub/capstone-project-team_05/project/compsys/pico-sdk/lib/lwip/src/core/tcp.c.obj
 .text.tcp_recv_null
                0x10005008       0xcc CMakeFiles/test.dir/Users/iankuik/Documents/GitHub/capstone-project-team_05/project/compsys/pico-sdk/lib/lwip/src/core/tcp.c.obj
                0x10005008                tcp_recv_null
 .text.tcp_process_refused_data
                0x100050d4       0x78 CMakeFiles/test.dir/Users/iankuik/Documents/GitHub/capstone-project-team_05/project/compsys/pico-sdk/lib/lwip/src/core/tcp.c.obj
                0x100050d4                tcp_process_refused_data
 .text.tcp_fasttmr
                0x1000514c       0x98 CMakeFiles/test.dir/Users/iankuik/Documents/GitHub/capstone-project-team_05/project/compsys/pico-sdk/lib/lwip/src/core/tcp.c.obj
                0x1000514c                tcp_fasttmr
 .text.tcp_tmr  0x100051e4       0x20 CMakeFiles/test.dir/Users/iankuik/Documents/GitHub/capstone-project-team_05/project/compsys/pico-sdk/lib/lwip/src/core/tcp.c.obj
                0x100051e4                tcp_tmr
 .text.tcp_next_iss
                0x10005204       0x28 CMakeFiles/test.dir/Users/iankuik/Documents/GitHub/capstone-project-team_05/project/compsys/pico-sdk/lib/lwip/src/core/tcp.c.obj
                0x10005204                tcp_next_iss
 .text.tcp_eff_send_mss_netif
                0x1000522c       0x34 CMakeFiles/test.dir/Users/iankuik/Documents/GitHub/capstone-project-team_05/project/compsys/pico-sdk/lib/lwip/src/core/tcp.c.obj
                0x1000522c                tcp_eff_send_mss_netif
 .text.tcp_netif_ip_addr_changed
                0x10005260       0x94 CMakeFiles/test.dir/Users/iankuik/Documents/GitHub/capstone-project-team_05/project/compsys/pico-sdk/lib/lwip/src/core/tcp.c.obj
                0x10005260                tcp_netif_ip_addr_changed
 .text.tcp_free_ooseq
                0x100052f4       0x40 CMakeFiles/test.dir/Users/iankuik/Documents/GitHub/capstone-project-team_05/project/compsys/pico-sdk/lib/lwip/src/core/tcp.c.obj
                0x100052f4                tcp_free_ooseq
 .text.tcp_parseopt
                0x10005334      0x1bc CMakeFiles/test.dir/Users/iankuik/Documents/GitHub/capstone-project-team_05/project/compsys/pico-sdk/lib/lwip/src/core/tcp_in.c.obj
 .text.tcp_oos_insert_segment
                0x100054f0       0xdc CMakeFiles/test.dir/Users/iankuik/Documents/GitHub/capstone-project-team_05/project/compsys/pico-sdk/lib/lwip/src/core/tcp_in.c.obj
 .text.tcp_free_acked_segments.isra.0
                0x100055cc       0xdc CMakeFiles/test.dir/Users/iankuik/Documents/GitHub/capstone-project-team_05/project/compsys/pico-sdk/lib/lwip/src/core/tcp_in.c.obj
 .text.tcp_receive
                0x100056a8      0xa00 CMakeFiles/test.dir/Users/iankuik/Documents/GitHub/capstone-project-team_05/project/compsys/pico-sdk/lib/lwip/src/core/tcp_in.c.obj
 .text.tcp_input
                0x100060a8      0xe54 CMakeFiles/test.dir/Users/iankuik/Documents/GitHub/capstone-project-team_05/project/compsys/pico-sdk/lib/lwip/src/core/tcp_in.c.obj
                0x100060a8                tcp_input
 .text.tcp_trigger_input_pcb_close
                0x10006efc       0x10 CMakeFiles/test.dir/Users/iankuik/Documents/GitHub/capstone-project-team_05/project/compsys/pico-sdk/lib/lwip/src/core/tcp_in.c.obj
                0x10006efc                tcp_trigger_input_pcb_close
 .text.tcp_create_segment
                0x10006f0c       0xf8 CMakeFiles/test.dir/Users/iankuik/Documents/GitHub/capstone-project-team_05/project/compsys/pico-sdk/lib/lwip/src/core/tcp_out.c.obj
 .text.tcp_output_control_segment
                0x10007004       0xc0 CMakeFiles/test.dir/Users/iankuik/Documents/GitHub/capstone-project-team_05/project/compsys/pico-sdk/lib/lwip/src/core/tcp_out.c.obj
 .text.tcp_output_alloc_header.constprop.0
                0x100070c4       0xc8 CMakeFiles/test.dir/Users/iankuik/Documents/GitHub/capstone-project-team_05/project/compsys/pico-sdk/lib/lwip/src/core/tcp_out.c.obj
 .text.tcp_split_unsent_seg
                0x1000718c      0x1b4 CMakeFiles/test.dir/Users/iankuik/Documents/GitHub/capstone-project-team_05/project/compsys/pico-sdk/lib/lwip/src/core/tcp_out.c.obj
                0x1000718c                tcp_split_unsent_seg
 .text.tcp_send_fin
                0x10007340      0x118 CMakeFiles/test.dir/Users/iankuik/Documents/GitHub/capstone-project-team_05/project/compsys/pico-sdk/lib/lwip/src/core/tcp_out.c.obj
                0x10007340                tcp_send_fin
 .text.tcp_enqueue_flags
                0x10007458      0x108 CMakeFiles/test.dir/Users/iankuik/Documents/GitHub/capstone-project-team_05/project/compsys/pico-sdk/lib/lwip/src/core/tcp_out.c.obj
                0x10007458                tcp_enqueue_flags
 .text.tcp_rexmit_rto_prepare
                0x10007560       0x9c CMakeFiles/test.dir/Users/iankuik/Documents/GitHub/capstone-project-team_05/project/compsys/pico-sdk/lib/lwip/src/core/tcp_out.c.obj
                0x10007560                tcp_rexmit_rto_prepare
 .text.tcp_rexmit
                0x100075fc       0x9c CMakeFiles/test.dir/Users/iankuik/Documents/GitHub/capstone-project-team_05/project/compsys/pico-sdk/lib/lwip/src/core/tcp_out.c.obj
                0x100075fc                tcp_rexmit
 .text.tcp_rexmit_fast
                0x10007698       0x64 CMakeFiles/test.dir/Users/iankuik/Documents/GitHub/capstone-project-team_05/project/compsys/pico-sdk/lib/lwip/src/core/tcp_out.c.obj
                0x10007698                tcp_rexmit_fast
 .text.tcp_rst  0x100076fc       0xe8 CMakeFiles/test.dir/Users/iankuik/Documents/GitHub/capstone-project-team_05/project/compsys/pico-sdk/lib/lwip/src/core/tcp_out.c.obj
                0x100076fc                tcp_rst
 .text.tcp_rst_netif
                0x100077e4      0x130 CMakeFiles/test.dir/Users/iankuik/Documents/GitHub/capstone-project-team_05/project/compsys/pico-sdk/lib/lwip/src/core/tcp_out.c.obj
                0x100077e4                tcp_rst_netif
 .text.tcp_send_empty_ack
                0x10007914       0x4c CMakeFiles/test.dir/Users/iankuik/Documents/GitHub/capstone-project-team_05/project/compsys/pico-sdk/lib/lwip/src/core/tcp_out.c.obj
                0x10007914                tcp_send_empty_ack
 .text.tcp_output
                0x10007960      0x454 CMakeFiles/test.dir/Users/iankuik/Documents/GitHub/capstone-project-team_05/project/compsys/pico-sdk/lib/lwip/src/core/tcp_out.c.obj
                0x10007960                tcp_output
 .text.tcp_rexmit_rto_commit
                0x10007db4       0x24 CMakeFiles/test.dir/Users/iankuik/Documents/GitHub/capstone-project-team_05/project/compsys/pico-sdk/lib/lwip/src/core/tcp_out.c.obj
                0x10007db4                tcp_rexmit_rto_commit
 .text.tcp_rexmit_rto
                0x10007dd8       0xa4 CMakeFiles/test.dir/Users/iankuik/Documents/GitHub/capstone-project-team_05/project/compsys/pico-sdk/lib/lwip/src/core/tcp_out.c.obj
                0x10007dd8                tcp_rexmit_rto
 .text.tcp_keepalive
                0x10007e7c       0xdc CMakeFiles/test.dir/Users/iankuik/Documents/GitHub/capstone-project-team_05/project/compsys/pico-sdk/lib/lwip/src/core/tcp_out.c.obj
                0x10007e7c                tcp_keepalive
 .text.tcp_zero_window_probe
                0x10007f58      0x110 CMakeFiles/test.dir/Users/iankuik/Documents/GitHub/capstone-project-team_05/project/compsys/pico-sdk/lib/lwip/src/core/tcp_out.c.obj
                0x10007f58                tcp_zero_window_probe
 .text.tcpip_tcp_timer
                0x10008068       0x78 CMakeFiles/test.dir/Users/iankuik/Documents/GitHub/capstone-project-team_05/project/compsys/pico-sdk/lib/lwip/src/core/timeouts.c.obj
 .text.lwip_cyclic_timer
                0x100080e0       0x98 CMakeFiles/test.dir/Users/iankuik/Documents/GitHub/capstone-project-team_05/project/compsys/pico-sdk/lib/lwip/src/core/timeouts.c.obj
 .text.tcp_timer_needed
                0x10008178       0x7c CMakeFiles/test.dir/Users/iankuik/Documents/GitHub/capstone-project-team_05/project/compsys/pico-sdk/lib/lwip/src/core/timeouts.c.obj
                0x10008178                tcp_timer_needed
 .text.sys_timeouts_init
                0x100081f4       0x8c CMakeFiles/test.dir/Users/iankuik/Documents/GitHub/capstone-project-team_05/project/compsys/pico-sdk/lib/lwip/src/core/timeouts.c.obj
                0x100081f4                sys_timeouts_init
 .text.sys_check_timeouts
                0x10008280       0x68 CMakeFiles/test.dir/Users/iankuik/Documents/GitHub/capstone-project-team_05/project/compsys/pico-sdk/lib/lwip/src/core/timeouts.c.obj
                0x10008280                sys_check_timeouts
 .text.sys_timeouts_sleeptime
                0x100082e8       0x28 CMakeFiles/test.dir/Users/iankuik/Documents/GitHub/capstone-project-team_05/project/compsys/pico-sdk/lib/lwip/src/core/timeouts.c.obj
                0x100082e8                sys_timeouts_sleeptime
 .text.udp_init
                0x10008310       0x20 CMakeFiles/test.dir/Users/iankuik/Documents/GitHub/capstone-project-team_05/project/compsys/pico-sdk/lib/lwip/src/core/udp.c.obj
                0x10008310                udp_init
 .text.udp_input
                0x10008330      0x320 CMakeFiles/test.dir/Users/iankuik/Documents/GitHub/capstone-project-team_05/project/compsys/pico-sdk/lib/lwip/src/core/udp.c.obj
                0x10008330                udp_input
 .text.udp_bind
                0x10008650      0x118 CMakeFiles/test.dir/Users/iankuik/Documents/GitHub/capstone-project-team_05/project/compsys/pico-sdk/lib/lwip/src/core/udp.c.obj
                0x10008650                udp_bind
 .text.udp_sendto_if_src
                0x10008768      0x130 CMakeFiles/test.dir/Users/iankuik/Documents/GitHub/capstone-project-team_05/project/compsys/pico-sdk/lib/lwip/src/core/udp.c.obj
                0x10008768                udp_sendto_if_src
 .text.udp_sendto_if
                0x10008898       0x48 CMakeFiles/test.dir/Users/iankuik/Documents/GitHub/capstone-project-team_05/project/compsys/pico-sdk/lib/lwip/src/core/udp.c.obj
                0x10008898                udp_sendto_if
 .text.udp_sendto
                0x100088e0       0x78 CMakeFiles/test.dir/Users/iankuik/Documents/GitHub/capstone-project-team_05/project/compsys/pico-sdk/lib/lwip/src/core/udp.c.obj
                0x100088e0                udp_sendto
 .text.udp_connect
                0x10008958       0x60 CMakeFiles/test.dir/Users/iankuik/Documents/GitHub/capstone-project-team_05/project/compsys/pico-sdk/lib/lwip/src/core/udp.c.obj
                0x10008958                udp_connect
 .text.udp_recv
                0x100089b8        0xc CMakeFiles/test.dir/Users/iankuik/Documents/GitHub/capstone-project-team_05/project/compsys/pico-sdk/lib/lwip/src/core/udp.c.obj
                0x100089b8                udp_recv
 .text.udp_remove
                0x100089c4       0x3c CMakeFiles/test.dir/Users/iankuik/Documents/GitHub/capstone-project-team_05/project/compsys/pico-sdk/lib/lwip/src/core/udp.c.obj
                0x100089c4                udp_remove
 .text.udp_new  0x10008a00       0x1c CMakeFiles/test.dir/Users/iankuik/Documents/GitHub/capstone-project-team_05/project/compsys/pico-sdk/lib/lwip/src/core/udp.c.obj
                0x10008a00                udp_new
 .text.udp_netif_ip_addr_changed
                0x10008a1c       0x40 CMakeFiles/test.dir/Users/iankuik/Documents/GitHub/capstone-project-team_05/project/compsys/pico-sdk/lib/lwip/src/core/udp.c.obj
                0x10008a1c                udp_netif_ip_addr_changed
 .text.dhcp_create_msg
                0x10008a5c      0x164 CMakeFiles/test.dir/Users/iankuik/Documents/GitHub/capstone-project-team_05/project/compsys/pico-sdk/lib/lwip/src/core/ipv4/dhcp.c.obj
 .text.dhcp_inc_pcb_refcount
                0x10008bc0       0x6c CMakeFiles/test.dir/Users/iankuik/Documents/GitHub/capstone-project-team_05/project/compsys/pico-sdk/lib/lwip/src/core/ipv4/dhcp.c.obj
 .text.dhcp_bind
                0x10008c2c      0x154 CMakeFiles/test.dir/Users/iankuik/Documents/GitHub/capstone-project-team_05/project/compsys/pico-sdk/lib/lwip/src/core/ipv4/dhcp.c.obj
 .text.dhcp_option_hostname.isra.0
                0x10008d80       0x84 CMakeFiles/test.dir/Users/iankuik/Documents/GitHub/capstone-project-team_05/project/compsys/pico-sdk/lib/lwip/src/core/ipv4/dhcp.c.obj
 .text.dhcp_handle_ack.isra.0
                0x10008e04       0xcc CMakeFiles/test.dir/Users/iankuik/Documents/GitHub/capstone-project-team_05/project/compsys/pico-sdk/lib/lwip/src/core/ipv4/dhcp.c.obj
 .text.dhcp_reboot.isra.0
                0x10008ed0      0x178 CMakeFiles/test.dir/Users/iankuik/Documents/GitHub/capstone-project-team_05/project/compsys/pico-sdk/lib/lwip/src/core/ipv4/dhcp.c.obj
 .text.dhcp_discover
                0x10009048      0x140 CMakeFiles/test.dir/Users/iankuik/Documents/GitHub/capstone-project-team_05/project/compsys/pico-sdk/lib/lwip/src/core/ipv4/dhcp.c.obj
 .text.dhcp_select.isra.0
                0x10009188      0x1e0 CMakeFiles/test.dir/Users/iankuik/Documents/GitHub/capstone-project-team_05/project/compsys/pico-sdk/lib/lwip/src/core/ipv4/dhcp.c.obj
 .text.dhcp_recv
                0x10009368      0x47c CMakeFiles/test.dir/Users/iankuik/Documents/GitHub/capstone-project-team_05/project/compsys/pico-sdk/lib/lwip/src/core/ipv4/dhcp.c.obj
 .text.dhcp_set_struct
                0x100097e4       0x44 CMakeFiles/test.dir/Users/iankuik/Documents/GitHub/capstone-project-team_05/project/compsys/pico-sdk/lib/lwip/src/core/ipv4/dhcp.c.obj
                0x100097e4                dhcp_set_struct
 .text.dhcp_network_changed_link_up
                0x10009828       0x40 CMakeFiles/test.dir/Users/iankuik/Documents/GitHub/capstone-project-team_05/project/compsys/pico-sdk/lib/lwip/src/core/ipv4/dhcp.c.obj
                0x10009828                dhcp_network_changed_link_up
 .text.dhcp_renew
                0x10009868      0x138 CMakeFiles/test.dir/Users/iankuik/Documents/GitHub/capstone-project-team_05/project/compsys/pico-sdk/lib/lwip/src/core/ipv4/dhcp.c.obj
                0x10009868                dhcp_renew
 .text.dhcp_release_and_stop
                0x100099a0      0x158 CMakeFiles/test.dir/Users/iankuik/Documents/GitHub/capstone-project-team_05/project/compsys/pico-sdk/lib/lwip/src/core/ipv4/dhcp.c.obj
                0x100099a0                dhcp_release_and_stop
 .text.dhcp_start
                0x10009af8       0xb0 CMakeFiles/test.dir/Users/iankuik/Documents/GitHub/capstone-project-team_05/project/compsys/pico-sdk/lib/lwip/src/core/ipv4/dhcp.c.obj
                0x10009af8                dhcp_start
 .text.dhcp_coarse_tmr
                0x10009ba8      0x1d8 CMakeFiles/test.dir/Users/iankuik/Documents/GitHub/capstone-project-team_05/project/compsys/pico-sdk/lib/lwip/src/core/ipv4/dhcp.c.obj
                0x10009ba8                dhcp_coarse_tmr
 .text.dhcp_fine_tmr
                0x10009d80       0x78 CMakeFiles/test.dir/Users/iankuik/Documents/GitHub/capstone-project-team_05/project/compsys/pico-sdk/lib/lwip/src/core/ipv4/dhcp.c.obj
                0x10009d80                dhcp_fine_tmr
 .text.dhcp_stop
                0x10009df8      0x158 CMakeFiles/test.dir/Users/iankuik/Documents/GitHub/capstone-project-team_05/project/compsys/pico-sdk/lib/lwip/src/core/ipv4/dhcp.c.obj
                0x10009df8                dhcp_stop
 .text.etharp_find_entry
                0x10009f50      0x3c0 CMakeFiles/test.dir/Users/iankuik/Documents/GitHub/capstone-project-team_05/project/compsys/pico-sdk/lib/lwip/src/core/ipv4/etharp.c.obj
 .text.etharp_raw
                0x1000a310       0xec CMakeFiles/test.dir/Users/iankuik/Documents/GitHub/capstone-project-team_05/project/compsys/pico-sdk/lib/lwip/src/core/ipv4/etharp.c.obj
 .text.etharp_output_to_arp_index
                0x1000a3fc       0xd0 CMakeFiles/test.dir/Users/iankuik/Documents/GitHub/capstone-project-team_05/project/compsys/pico-sdk/lib/lwip/src/core/ipv4/etharp.c.obj
 .text.etharp_tmr
                0x1000a4cc       0x94 CMakeFiles/test.dir/Users/iankuik/Documents/GitHub/capstone-project-team_05/project/compsys/pico-sdk/lib/lwip/src/core/ipv4/etharp.c.obj
                0x1000a4cc                etharp_tmr
 .text.etharp_cleanup_netif
                0x1000a560      0x188 CMakeFiles/test.dir/Users/iankuik/Documents/GitHub/capstone-project-team_05/project/compsys/pico-sdk/lib/lwip/src/core/ipv4/etharp.c.obj
                0x1000a560                etharp_cleanup_netif
 .text.etharp_input
                0x1000a6e8      0x1b8 CMakeFiles/test.dir/Users/iankuik/Documents/GitHub/capstone-project-team_05/project/compsys/pico-sdk/lib/lwip/src/core/ipv4/etharp.c.obj
                0x1000a6e8                etharp_input
 .text.etharp_query
                0x1000a8a0      0x1b8 CMakeFiles/test.dir/Users/iankuik/Documents/GitHub/capstone-project-team_05/project/compsys/pico-sdk/lib/lwip/src/core/ipv4/etharp.c.obj
                0x1000a8a0                etharp_query
 .text.etharp_output
                0x1000aa58      0x24c CMakeFiles/test.dir/Users/iankuik/Documents/GitHub/capstone-project-team_05/project/compsys/pico-sdk/lib/lwip/src/core/ipv4/etharp.c.obj
                0x1000aa58                etharp_output
 .text.etharp_request
                0x1000aca4       0x2c CMakeFiles/test.dir/Users/iankuik/Documents/GitHub/capstone-project-team_05/project/compsys/pico-sdk/lib/lwip/src/core/ipv4/etharp.c.obj
                0x1000aca4                etharp_request
 .text.icmp_input
                0x1000acd0      0x1ec CMakeFiles/test.dir/Users/iankuik/Documents/GitHub/capstone-project-team_05/project/compsys/pico-sdk/lib/lwip/src/core/ipv4/icmp.c.obj
                0x1000acd0                icmp_input
 .text.icmp_dest_unreach
                0x1000aebc       0xcc CMakeFiles/test.dir/Users/iankuik/Documents/GitHub/capstone-project-team_05/project/compsys/pico-sdk/lib/lwip/src/core/ipv4/icmp.c.obj
                0x1000aebc                icmp_dest_unreach
 .text.icmp_time_exceeded
                0x1000af88       0xcc CMakeFiles/test.dir/Users/iankuik/Documents/GitHub/capstone-project-team_05/project/compsys/pico-sdk/lib/lwip/src/core/ipv4/icmp.c.obj
                0x1000af88                icmp_time_exceeded
 .text.ip_reass_free_complete_datagram
                0x1000b054      0x11c CMakeFiles/test.dir/Users/iankuik/Documents/GitHub/capstone-project-team_05/project/compsys/pico-sdk/lib/lwip/src/core/ipv4/ip4_frag.c.obj
 .text.ip_reass_remove_oldest_datagram
                0x1000b170       0xd8 CMakeFiles/test.dir/Users/iankuik/Documents/GitHub/capstone-project-team_05/project/compsys/pico-sdk/lib/lwip/src/core/ipv4/ip4_frag.c.obj
 .text.ip_reass_tmr
                0x1000b248       0x30 CMakeFiles/test.dir/Users/iankuik/Documents/GitHub/capstone-project-team_05/project/compsys/pico-sdk/lib/lwip/src/core/ipv4/ip4_frag.c.obj
                0x1000b248                ip_reass_tmr
 .text.ip4_reass
                0x1000b278      0x560 CMakeFiles/test.dir/Users/iankuik/Documents/GitHub/capstone-project-team_05/project/compsys/pico-sdk/lib/lwip/src/core/ipv4/ip4_frag.c.obj
                0x1000b278                ip4_reass
 .text.ip4_frag
                0x1000b7d8      0x254 CMakeFiles/test.dir/Users/iankuik/Documents/GitHub/capstone-project-team_05/project/compsys/pico-sdk/lib/lwip/src/core/ipv4/ip4_frag.c.obj
                0x1000b7d8                ip4_frag
 .text.ip4_route
                0x1000ba2c       0x7c CMakeFiles/test.dir/Users/iankuik/Documents/GitHub/capstone-project-team_05/project/compsys/pico-sdk/lib/lwip/src/core/ipv4/ip4.c.obj
                0x1000ba2c                ip4_route
 .text.ip4_input
                0x1000baa8      0x300 CMakeFiles/test.dir/Users/iankuik/Documents/GitHub/capstone-project-team_05/project/compsys/pico-sdk/lib/lwip/src/core/ipv4/ip4.c.obj
                0x1000baa8                ip4_input
 .text.ip4_output_if
                0x1000bda8      0x190 CMakeFiles/test.dir/Users/iankuik/Documents/GitHub/capstone-project-team_05/project/compsys/pico-sdk/lib/lwip/src/core/ipv4/ip4.c.obj
                0x1000bda8                ip4_output_if
 .text.ip4_output_if_src
                0x1000bf38      0x184 CMakeFiles/test.dir/Users/iankuik/Documents/GitHub/capstone-project-team_05/project/compsys/pico-sdk/lib/lwip/src/core/ipv4/ip4.c.obj
                0x1000bf38                ip4_output_if_src
 .text.ip4_addr_isbroadcast_u32
                0x1000c0bc       0x3c CMakeFiles/test.dir/Users/iankuik/Documents/GitHub/capstone-project-team_05/project/compsys/pico-sdk/lib/lwip/src/core/ipv4/ip4_addr.c.obj
                0x1000c0bc                ip4_addr_isbroadcast_u32
 .text.ethernet_input
                0x1000c0f8       0xd0 CMakeFiles/test.dir/Users/iankuik/Documents/GitHub/capstone-project-team_05/project/compsys/pico-sdk/lib/lwip/src/netif/ethernet.c.obj
                0x1000c0f8                ethernet_input
 .text.ethernet_output
                0x1000c1c8       0x6c CMakeFiles/test.dir/Users/iankuik/Documents/GitHub/capstone-project-team_05/project/compsys/pico-sdk/lib/lwip/src/netif/ethernet.c.obj
                0x1000c1c8                ethernet_output
 .text.cyw43_arch_wifi_connect_bssid_until.part.0
                0x1000c234      0x150 CMakeFiles/test.dir/Users/iankuik/Documents/GitHub/capstone-project-team_05/project/compsys/pico-sdk/src/rp2_common/pico_cyw43_arch/cyw43_arch.c.obj
 .text.cyw43_arch_set_async_context
                0x1000c384        0xc CMakeFiles/test.dir/Users/iankuik/Documents/GitHub/capstone-project-team_05/project/compsys/pico-sdk/src/rp2_common/pico_cyw43_arch/cyw43_arch.c.obj
                0x1000c384                cyw43_arch_set_async_context
 .text.cyw43_arch_enable_sta_mode
                0x1000c390       0x1c CMakeFiles/test.dir/Users/iankuik/Documents/GitHub/capstone-project-team_05/project/compsys/pico-sdk/src/rp2_common/pico_cyw43_arch/cyw43_arch.c.obj
                0x1000c390                cyw43_arch_enable_sta_mode
 .text.cyw43_arch_wifi_connect_timeout_ms
                0x1000c3ac       0xa0 CMakeFiles/test.dir/Users/iankuik/Documents/GitHub/capstone-project-team_05/project/compsys/pico-sdk/src/rp2_common/pico_cyw43_arch/cyw43_arch.c.obj
                0x1000c3ac                cyw43_arch_wifi_connect_timeout_ms
 .text.cyw43_arch_init_with_country
                0x1000c44c       0x10 CMakeFiles/test.dir/Users/iankuik/Documents/GitHub/capstone-project-team_05/project/compsys/pico-sdk/src/rp2_common/pico_cyw43_arch/cyw43_arch.c.obj
                0x1000c44c                cyw43_arch_init_with_country
 .text.cyw43_arch_gpio_put
                0x1000c45c       0x14 CMakeFiles/test.dir/Users/iankuik/Documents/GitHub/capstone-project-team_05/project/compsys/pico-sdk/src/rp2_common/pico_cyw43_arch/cyw43_arch.c.obj
                0x1000c45c                cyw43_arch_gpio_put
 .text.cyw43_arch_async_context
                0x1000c470        0xc CMakeFiles/test.dir/Users/iankuik/Documents/GitHub/capstone-project-team_05/project/compsys/pico-sdk/src/rp2_common/pico_cyw43_arch/cyw43_arch.c.obj
                0x1000c470                cyw43_arch_async_context
 .text.cyw43_arch_init
                0x1000c47c       0x74 CMakeFiles/test.dir/Users/iankuik/Documents/GitHub/capstone-project-team_05/project/compsys/pico-sdk/src/rp2_common/pico_cyw43_arch/cyw43_arch_threadsafe_background.c.obj
                0x1000c47c                cyw43_arch_init
 .text.ns_delay.constprop.0
                0x1000c4f0       0x20 CMakeFiles/test.dir/Users/iankuik/Documents/GitHub/capstone-project-team_05/project/compsys/pico-sdk/src/rp2_common/pico_cyw43_driver/cyw43_bus_pio_spi.c.obj
 .text.cyw43_spi_deinit
                0x1000c510       0x7c CMakeFiles/test.dir/Users/iankuik/Documents/GitHub/capstone-project-team_05/project/compsys/pico-sdk/src/rp2_common/pico_cyw43_driver/cyw43_bus_pio_spi.c.obj
                0x1000c510                cyw43_spi_deinit
 .text.cyw43_spi_init
                0x1000c58c      0x14c CMakeFiles/test.dir/Users/iankuik/Documents/GitHub/capstone-project-team_05/project/compsys/pico-sdk/src/rp2_common/pico_cyw43_driver/cyw43_bus_pio_spi.c.obj
                0x1000c58c                cyw43_spi_init
 .text.cyw43_spi_transfer
                0x1000c6d8      0x3e0 CMakeFiles/test.dir/Users/iankuik/Documents/GitHub/capstone-project-team_05/project/compsys/pico-sdk/src/rp2_common/pico_cyw43_driver/cyw43_bus_pio_spi.c.obj
                0x1000c6d8                cyw43_spi_transfer
 .text.cyw43_spi_gpio_setup
                0x1000cab8       0x3c CMakeFiles/test.dir/Users/iankuik/Documents/GitHub/capstone-project-team_05/project/compsys/pico-sdk/src/rp2_common/pico_cyw43_driver/cyw43_bus_pio_spi.c.obj
                0x1000cab8                cyw43_spi_gpio_setup
 .text.cyw43_spi_reset
                0x1000caf4       0x28 CMakeFiles/test.dir/Users/iankuik/Documents/GitHub/capstone-project-team_05/project/compsys/pico-sdk/src/rp2_common/pico_cyw43_driver/cyw43_bus_pio_spi.c.obj
                0x1000caf4                cyw43_spi_reset
 .text.read_reg_u32_swap
                0x1000cb1c       0x3c CMakeFiles/test.dir/Users/iankuik/Documents/GitHub/capstone-project-team_05/project/compsys/pico-sdk/src/rp2_common/pico_cyw43_driver/cyw43_bus_pio_spi.c.obj
                0x1000cb1c                read_reg_u32_swap
 .text.cyw43_read_reg_u32
                0x1000cb58       0x50 CMakeFiles/test.dir/Users/iankuik/Documents/GitHub/capstone-project-team_05/project/compsys/pico-sdk/src/rp2_common/pico_cyw43_driver/cyw43_bus_pio_spi.c.obj
                0x1000cb58                cyw43_read_reg_u32
 .text.cyw43_read_reg_u16
                0x1000cba8       0x50 CMakeFiles/test.dir/Users/iankuik/Documents/GitHub/capstone-project-team_05/project/compsys/pico-sdk/src/rp2_common/pico_cyw43_driver/cyw43_bus_pio_spi.c.obj
                0x1000cba8                cyw43_read_reg_u16
 .text.cyw43_read_reg_u8
                0x1000cbf8       0x50 CMakeFiles/test.dir/Users/iankuik/Documents/GitHub/capstone-project-team_05/project/compsys/pico-sdk/src/rp2_common/pico_cyw43_driver/cyw43_bus_pio_spi.c.obj
                0x1000cbf8                cyw43_read_reg_u8
 .text.write_reg_u32_swap
                0x1000cc48      0x1e8 CMakeFiles/test.dir/Users/iankuik/Documents/GitHub/capstone-project-team_05/project/compsys/pico-sdk/src/rp2_common/pico_cyw43_driver/cyw43_bus_pio_spi.c.obj
                0x1000cc48                write_reg_u32_swap
 .text.cyw43_write_reg_u32
                0x1000ce30      0x208 CMakeFiles/test.dir/Users/iankuik/Documents/GitHub/capstone-project-team_05/project/compsys/pico-sdk/src/rp2_common/pico_cyw43_driver/cyw43_bus_pio_spi.c.obj
                0x1000ce30                cyw43_write_reg_u32
 .text.cyw43_write_reg_u16
                0x1000d038      0x208 CMakeFiles/test.dir/Users/iankuik/Documents/GitHub/capstone-project-team_05/project/compsys/pico-sdk/src/rp2_common/pico_cyw43_driver/cyw43_bus_pio_spi.c.obj
                0x1000d038                cyw43_write_reg_u16
 .text.cyw43_write_reg_u8
                0x1000d240      0x208 CMakeFiles/test.dir/Users/iankuik/Documents/GitHub/capstone-project-team_05/project/compsys/pico-sdk/src/rp2_common/pico_cyw43_driver/cyw43_bus_pio_spi.c.obj
                0x1000d240                cyw43_write_reg_u8
 .text.cyw43_read_bytes
                0x1000d448       0x78 CMakeFiles/test.dir/Users/iankuik/Documents/GitHub/capstone-project-team_05/project/compsys/pico-sdk/src/rp2_common/pico_cyw43_driver/cyw43_bus_pio_spi.c.obj
                0x1000d448                cyw43_read_bytes
 .text.cyw43_write_bytes
                0x1000d4c0       0xc0 CMakeFiles/test.dir/Users/iankuik/Documents/GitHub/capstone-project-team_05/project/compsys/pico-sdk/src/rp2_common/pico_cyw43_driver/cyw43_bus_pio_spi.c.obj
                0x1000d4c0                cyw43_write_bytes
 .text.cyw43_set_backplane_window
                0x1000d580       0x68 CMakeFiles/test.dir/Users/iankuik/Documents/GitHub/capstone-project-team_05/project/compsys/pico-sdk/lib/cyw43-driver/src/cyw43_ll.c.obj
 .text.cyw43_ll_parse_async_event
                0x1000d5e8      0x134 CMakeFiles/test.dir/Users/iankuik/Documents/GitHub/capstone-project-team_05/project/compsys/pico-sdk/lib/cyw43-driver/src/cyw43_ll.c.obj
 .text.cyw43_kso_set
                0x1000d71c       0x80 CMakeFiles/test.dir/Users/iankuik/Documents/GitHub/capstone-project-team_05/project/compsys/pico-sdk/lib/cyw43-driver/src/cyw43_ll.c.obj
 .text.cyw43_ll_sdpcm_poll_device
                0x1000d79c      0x238 CMakeFiles/test.dir/Users/iankuik/Documents/GitHub/capstone-project-team_05/project/compsys/pico-sdk/lib/cyw43-driver/src/cyw43_ll.c.obj
 .text.cyw43_sdpcm_send_common
                0x1000d9d4       0xf4 CMakeFiles/test.dir/Users/iankuik/Documents/GitHub/capstone-project-team_05/project/compsys/pico-sdk/lib/cyw43-driver/src/cyw43_ll.c.obj
 .text.cyw43_do_ioctl
                0x1000dac8      0x110 CMakeFiles/test.dir/Users/iankuik/Documents/GitHub/capstone-project-team_05/project/compsys/pico-sdk/lib/cyw43-driver/src/cyw43_ll.c.obj
 .text.cyw43_do_ioctl.constprop.0
                0x1000dbd8      0x108 CMakeFiles/test.dir/Users/iankuik/Documents/GitHub/capstone-project-team_05/project/compsys/pico-sdk/lib/cyw43-driver/src/cyw43_ll.c.obj
 .text.cyw43_read_backplane.constprop.0
                0x1000dce0       0xe4 CMakeFiles/test.dir/Users/iankuik/Documents/GitHub/capstone-project-team_05/project/compsys/pico-sdk/lib/cyw43-driver/src/cyw43_ll.c.obj
 .text.reset_device_core.constprop.0
                0x1000ddc4      0x410 CMakeFiles/test.dir/Users/iankuik/Documents/GitHub/capstone-project-team_05/project/compsys/pico-sdk/lib/cyw43-driver/src/cyw43_ll.c.obj
 .text.cyw43_ll_init
                0x1000e1d4       0x1c CMakeFiles/test.dir/Users/iankuik/Documents/GitHub/capstone-project-team_05/project/compsys/pico-sdk/lib/cyw43-driver/src/cyw43_ll.c.obj
                0x1000e1d4                cyw43_ll_init
 .text.cyw43_ll_deinit
                0x1000e1f0        0x8 CMakeFiles/test.dir/Users/iankuik/Documents/GitHub/capstone-project-team_05/project/compsys/pico-sdk/lib/cyw43-driver/src/cyw43_ll.c.obj
                0x1000e1f0                cyw43_ll_deinit
 .text.cyw43_ll_send_ethernet
                0x1000e1f8       0x60 CMakeFiles/test.dir/Users/iankuik/Documents/GitHub/capstone-project-team_05/project/compsys/pico-sdk/lib/cyw43-driver/src/cyw43_ll.c.obj
                0x1000e1f8                cyw43_ll_send_ethernet
 .text.cyw43_ll_process_packets
                0x1000e258       0x54 CMakeFiles/test.dir/Users/iankuik/Documents/GitHub/capstone-project-team_05/project/compsys/pico-sdk/lib/cyw43-driver/src/cyw43_ll.c.obj
                0x1000e258                cyw43_ll_process_packets
 .text.cyw43_ll_ioctl
                0x1000e2ac       0x20 CMakeFiles/test.dir/Users/iankuik/Documents/GitHub/capstone-project-team_05/project/compsys/pico-sdk/lib/cyw43-driver/src/cyw43_ll.c.obj
                0x1000e2ac                cyw43_ll_ioctl
 .text.cyw43_ll_bus_sleep
                0x1000e2cc       0x34 CMakeFiles/test.dir/Users/iankuik/Documents/GitHub/capstone-project-team_05/project/compsys/pico-sdk/lib/cyw43-driver/src/cyw43_ll.c.obj
                0x1000e2cc                cyw43_ll_bus_sleep
 .text.cyw43_ll_bus_init
                0x1000e300      0xb6c CMakeFiles/test.dir/Users/iankuik/Documents/GitHub/capstone-project-team_05/project/compsys/pico-sdk/lib/cyw43-driver/src/cyw43_ll.c.obj
                0x1000e300                cyw43_ll_bus_init
 .text.cyw43_ll_wifi_on
                0x1000ee6c      0x238 CMakeFiles/test.dir/Users/iankuik/Documents/GitHub/capstone-project-team_05/project/compsys/pico-sdk/lib/cyw43-driver/src/cyw43_ll.c.obj
                0x1000ee6c                cyw43_ll_wifi_on
 .text.cyw43_ll_wifi_get_mac
                0x1000f0a4       0x40 CMakeFiles/test.dir/Users/iankuik/Documents/GitHub/capstone-project-team_05/project/compsys/pico-sdk/lib/cyw43-driver/src/cyw43_ll.c.obj
                0x1000f0a4                cyw43_ll_wifi_get_mac
 .text.cyw43_ll_wifi_pm
                0x1000f0e4      0x19c CMakeFiles/test.dir/Users/iankuik/Documents/GitHub/capstone-project-team_05/project/compsys/pico-sdk/lib/cyw43-driver/src/cyw43_ll.c.obj
                0x1000f0e4                cyw43_ll_wifi_pm
 .text.cyw43_ll_wifi_join
                0x1000f280      0x2ec CMakeFiles/test.dir/Users/iankuik/Documents/GitHub/capstone-project-team_05/project/compsys/pico-sdk/lib/cyw43-driver/src/cyw43_ll.c.obj
                0x1000f280                cyw43_ll_wifi_join
 .text.cyw43_ll_wifi_set_wpa_auth
                0x1000f56c       0x2c CMakeFiles/test.dir/Users/iankuik/Documents/GitHub/capstone-project-team_05/project/compsys/pico-sdk/lib/cyw43-driver/src/cyw43_ll.c.obj
                0x1000f56c                cyw43_ll_wifi_set_wpa_auth
 .text.cyw43_ll_wifi_rejoin
                0x1000f598       0x1c CMakeFiles/test.dir/Users/iankuik/Documents/GitHub/capstone-project-team_05/project/compsys/pico-sdk/lib/cyw43-driver/src/cyw43_ll.c.obj
                0x1000f598                cyw43_ll_wifi_rejoin
 .text.cyw43_ll_wifi_ap_init
                0x1000f5b4      0x2c0 CMakeFiles/test.dir/Users/iankuik/Documents/GitHub/capstone-project-team_05/project/compsys/pico-sdk/lib/cyw43-driver/src/cyw43_ll.c.obj
                0x1000f5b4                cyw43_ll_wifi_ap_init
 .text.cyw43_ll_wifi_ap_set_up
                0x1000f874       0x54 CMakeFiles/test.dir/Users/iankuik/Documents/GitHub/capstone-project-team_05/project/compsys/pico-sdk/lib/cyw43-driver/src/cyw43_ll.c.obj
                0x1000f874                cyw43_ll_wifi_ap_set_up
 .text.cyw43_ll_gpio_set
                0x1000f8c8       0x68 CMakeFiles/test.dir/Users/iankuik/Documents/GitHub/capstone-project-team_05/project/compsys/pico-sdk/lib/cyw43-driver/src/cyw43_ll.c.obj
                0x1000f8c8                cyw43_ll_gpio_set
 .text.cyw43_ll_has_work
                0x1000f930       0x14 CMakeFiles/test.dir/Users/iankuik/Documents/GitHub/capstone-project-team_05/project/compsys/pico-sdk/lib/cyw43-driver/src/cyw43_ll.c.obj
                0x1000f930                cyw43_ll_has_work
 .text.cyw43_netif_init
                0x1000f944       0x3c CMakeFiles/test.dir/Users/iankuik/Documents/GitHub/capstone-project-team_05/project/compsys/pico-sdk/lib/cyw43-driver/src/cyw43_lwip.c.obj
 .text.cyw43_netif_output
                0x1000f980       0x34 CMakeFiles/test.dir/Users/iankuik/Documents/GitHub/capstone-project-team_05/project/compsys/pico-sdk/lib/cyw43-driver/src/cyw43_lwip.c.obj
 .text.cyw43_cb_tcpip_init
                0x1000f9b4       0xf0 CMakeFiles/test.dir/Users/iankuik/Documents/GitHub/capstone-project-team_05/project/compsys/pico-sdk/lib/cyw43-driver/src/cyw43_lwip.c.obj
                0x1000f9b4                cyw43_cb_tcpip_init
 .text.cyw43_cb_tcpip_deinit
                0x1000faa4       0x4c CMakeFiles/test.dir/Users/iankuik/Documents/GitHub/capstone-project-team_05/project/compsys/pico-sdk/lib/cyw43-driver/src/cyw43_lwip.c.obj
                0x1000faa4                cyw43_cb_tcpip_deinit
 .text.cyw43_cb_process_ethernet
                0x1000faf0       0x6c CMakeFiles/test.dir/Users/iankuik/Documents/GitHub/capstone-project-team_05/project/compsys/pico-sdk/lib/cyw43-driver/src/cyw43_lwip.c.obj
                0x1000faf0                cyw43_cb_process_ethernet
 .text.cyw43_cb_tcpip_set_link_up
                0x1000fb5c       0x18 CMakeFiles/test.dir/Users/iankuik/Documents/GitHub/capstone-project-team_05/project/compsys/pico-sdk/lib/cyw43-driver/src/cyw43_lwip.c.obj
                0x1000fb5c                cyw43_cb_tcpip_set_link_up
 .text.cyw43_cb_tcpip_set_link_down
                0x1000fb74       0x18 CMakeFiles/test.dir/Users/iankuik/Documents/GitHub/capstone-project-team_05/project/compsys/pico-sdk/lib/cyw43-driver/src/cyw43_lwip.c.obj
                0x1000fb74                cyw43_cb_tcpip_set_link_down
 .text.cyw43_tcpip_link_status
                0x1000fb8c       0x34 CMakeFiles/test.dir/Users/iankuik/Documents/GitHub/capstone-project-team_05/project/compsys/pico-sdk/lib/cyw43-driver/src/cyw43_lwip.c.obj
                0x1000fb8c                cyw43_tcpip_link_status
 .text.cyw43_poll_func
                0x1000fbc0       0xc0 CMakeFiles/test.dir/Users/iankuik/Documents/GitHub/capstone-project-team_05/project/compsys/pico-sdk/lib/cyw43-driver/src/cyw43_ctrl.c.obj
 .text.cyw43_init
                0x1000fc80       0x6c CMakeFiles/test.dir/Users/iankuik/Documents/GitHub/capstone-project-team_05/project/compsys/pico-sdk/lib/cyw43-driver/src/cyw43_ctrl.c.obj
                0x1000fc80                cyw43_init
 .text.cyw43_deinit
                0x1000fcec       0x90 CMakeFiles/test.dir/Users/iankuik/Documents/GitHub/capstone-project-team_05/project/compsys/pico-sdk/lib/cyw43-driver/src/cyw43_ctrl.c.obj
                0x1000fcec                cyw43_deinit
 .text.cyw43_cb_read_host_interrupt_pin
                0x1000fd7c        0xc CMakeFiles/test.dir/Users/iankuik/Documents/GitHub/capstone-project-team_05/project/compsys/pico-sdk/lib/cyw43-driver/src/cyw43_ctrl.c.obj
                0x1000fd7c                cyw43_cb_read_host_interrupt_pin
 .text.cyw43_cb_ensure_awake
                0x1000fd88        0xc CMakeFiles/test.dir/Users/iankuik/Documents/GitHub/capstone-project-team_05/project/compsys/pico-sdk/lib/cyw43-driver/src/cyw43_ctrl.c.obj
                0x1000fd88                cyw43_cb_ensure_awake
 .text.cyw43_cb_process_async_event
                0x1000fd94      0x214 CMakeFiles/test.dir/Users/iankuik/Documents/GitHub/capstone-project-team_05/project/compsys/pico-sdk/lib/cyw43-driver/src/cyw43_ctrl.c.obj
                0x1000fd94                cyw43_cb_process_async_event
 .text.cyw43_send_ethernet
                0x1000ffa8       0xc0 CMakeFiles/test.dir/Users/iankuik/Documents/GitHub/capstone-project-team_05/project/compsys/pico-sdk/lib/cyw43-driver/src/cyw43_ctrl.c.obj
                0x1000ffa8                cyw43_send_ethernet
 .text.cyw43_wifi_get_mac
                0x10010068       0x10 CMakeFiles/test.dir/Users/iankuik/Documents/GitHub/capstone-project-team_05/project/compsys/pico-sdk/lib/cyw43-driver/src/cyw43_ctrl.c.obj
                0x10010068                cyw43_wifi_get_mac
 .text.cyw43_wifi_set_up
                0x10010078      0x308 CMakeFiles/test.dir/Users/iankuik/Documents/GitHub/capstone-project-team_05/project/compsys/pico-sdk/lib/cyw43-driver/src/cyw43_ctrl.c.obj
                0x10010078                cyw43_wifi_set_up
 .text.cyw43_wifi_link_status
                0x10010380       0x40 CMakeFiles/test.dir/Users/iankuik/Documents/GitHub/capstone-project-team_05/project/compsys/pico-sdk/lib/cyw43-driver/src/cyw43_ctrl.c.obj
                0x10010380                cyw43_wifi_link_status
 .text.cyw43_wifi_join
                0x100103c0       0xf4 CMakeFiles/test.dir/Users/iankuik/Documents/GitHub/capstone-project-team_05/project/compsys/pico-sdk/lib/cyw43-driver/src/cyw43_ctrl.c.obj
                0x100103c0                cyw43_wifi_join
 .text.cyw43_gpio_set
                0x100104b4       0xa0 CMakeFiles/test.dir/Users/iankuik/Documents/GitHub/capstone-project-team_05/project/compsys/pico-sdk/lib/cyw43-driver/src/cyw43_ctrl.c.obj
                0x100104b4                cyw43_gpio_set
 .text.pio_sm_unclaim
                0x10010554       0x20 CMakeFiles/test.dir/Users/iankuik/Documents/GitHub/capstone-project-team_05/project/compsys/pico-sdk/src/rp2_common/hardware_pio/pio.c.obj
                0x10010554                pio_sm_unclaim
 .text.pio_claim_unused_sm
                0x10010574       0x3c CMakeFiles/test.dir/Users/iankuik/Documents/GitHub/capstone-project-team_05/project/compsys/pico-sdk/src/rp2_common/hardware_pio/pio.c.obj
                0x10010574                pio_claim_unused_sm
 .text.pio_can_add_program
                0x100105b0       0x68 CMakeFiles/test.dir/Users/iankuik/Documents/GitHub/capstone-project-team_05/project/compsys/pico-sdk/src/rp2_common/hardware_pio/pio.c.obj
                0x100105b0                pio_can_add_program
 .text.pio_add_program
                0x10010618       0xf0 CMakeFiles/test.dir/Users/iankuik/Documents/GitHub/capstone-project-team_05/project/compsys/pico-sdk/src/rp2_common/hardware_pio/pio.c.obj
                0x10010618                pio_add_program
 .text.pio_remove_program
                0x10010708       0x34 CMakeFiles/test.dir/Users/iankuik/Documents/GitHub/capstone-project-team_05/project/compsys/pico-sdk/src/rp2_common/hardware_pio/pio.c.obj
                0x10010708                pio_remove_program
 .text.pio_sm_set_pindirs_with_mask
                0x1001073c       0xa8 CMakeFiles/test.dir/Users/iankuik/Documents/GitHub/capstone-project-team_05/project/compsys/pico-sdk/src/rp2_common/hardware_pio/pio.c.obj
                0x1001073c                pio_sm_set_pindirs_with_mask
 .text.pio_sm_set_consecutive_pindirs
                0x100107e4       0xa8 CMakeFiles/test.dir/Users/iankuik/Documents/GitHub/capstone-project-team_05/project/compsys/pico-sdk/src/rp2_common/hardware_pio/pio.c.obj
                0x100107e4                pio_sm_set_consecutive_pindirs
 .text.dma_channel_unclaim
                0x1001088c       0x14 CMakeFiles/test.dir/Users/iankuik/Documents/GitHub/capstone-project-team_05/project/compsys/pico-sdk/src/rp2_common/hardware_dma/dma.c.obj
                0x1001088c                dma_channel_unclaim
 .text.dma_claim_unused_channel
                0x100108a0       0x24 CMakeFiles/test.dir/Users/iankuik/Documents/GitHub/capstone-project-team_05/project/compsys/pico-sdk/src/rp2_common/hardware_dma/dma.c.obj
                0x100108a0                dma_claim_unused_channel
 .text.dma_channel_cleanup
                0x100108c4       0x60 CMakeFiles/test.dir/Users/iankuik/Documents/GitHub/capstone-project-team_05/project/compsys/pico-sdk/src/rp2_common/hardware_dma/dma.c.obj
                0x100108c4                dma_channel_cleanup
 .text.cyw43_sleep_timeout_reached
                0x10010924       0x10 CMakeFiles/test.dir/Users/iankuik/Documents/GitHub/capstone-project-team_05/project/compsys/pico-sdk/src/rp2_common/pico_cyw43_driver/cyw43_driver.c.obj
 .text.cyw43_irq_init
                0x10010934       0x28 CMakeFiles/test.dir/Users/iankuik/Documents/GitHub/capstone-project-team_05/project/compsys/pico-sdk/src/rp2_common/pico_cyw43_driver/cyw43_driver.c.obj
                0x10010934                cyw43_irq_init
 .text.cyw43_irq_deinit
                0x1001095c       0x20 CMakeFiles/test.dir/Users/iankuik/Documents/GitHub/capstone-project-team_05/project/compsys/pico-sdk/src/rp2_common/pico_cyw43_driver/cyw43_driver.c.obj
                0x1001095c                cyw43_irq_deinit
 .text.cyw43_gpio_irq_handler
                0x1001097c       0x44 CMakeFiles/test.dir/Users/iankuik/Documents/GitHub/capstone-project-team_05/project/compsys/pico-sdk/src/rp2_common/pico_cyw43_driver/cyw43_driver.c.obj
 .text.cyw43_do_poll
                0x100109c0       0x70 CMakeFiles/test.dir/Users/iankuik/Documents/GitHub/capstone-project-team_05/project/compsys/pico-sdk/src/rp2_common/pico_cyw43_driver/cyw43_driver.c.obj
 .text.cyw43_post_poll_hook
                0x10010a30       0x10 CMakeFiles/test.dir/Users/iankuik/Documents/GitHub/capstone-project-team_05/project/compsys/pico-sdk/src/rp2_common/pico_cyw43_driver/cyw43_driver.c.obj
                0x10010a30                cyw43_post_poll_hook
 .text.cyw43_schedule_internal_poll_dispatch
                0x10010a40       0x18 CMakeFiles/test.dir/Users/iankuik/Documents/GitHub/capstone-project-team_05/project/compsys/pico-sdk/src/rp2_common/pico_cyw43_driver/cyw43_driver.c.obj
                0x10010a40                cyw43_schedule_internal_poll_dispatch
 .text.cyw43_driver_init
                0x10010a58       0x38 CMakeFiles/test.dir/Users/iankuik/Documents/GitHub/capstone-project-team_05/project/compsys/pico-sdk/src/rp2_common/pico_cyw43_driver/cyw43_driver.c.obj
                0x10010a58                cyw43_driver_init
 .text.cyw43_driver_deinit
                0x10010a90       0x44 CMakeFiles/test.dir/Users/iankuik/Documents/GitHub/capstone-project-team_05/project/compsys/pico-sdk/src/rp2_common/pico_cyw43_driver/cyw43_driver.c.obj
                0x10010a90                cyw43_driver_deinit
 .text.cyw43_hal_generate_laa_mac
                0x10010ad4       0x28 CMakeFiles/test.dir/Users/iankuik/Documents/GitHub/capstone-project-team_05/project/compsys/pico-sdk/src/rp2_common/pico_cyw43_driver/cyw43_driver.c.obj
                0x10010ad4                cyw43_hal_generate_laa_mac
 .text.cyw43_hal_get_mac
                0x10010afc       0x14 CMakeFiles/test.dir/Users/iankuik/Documents/GitHub/capstone-project-team_05/project/compsys/pico-sdk/src/rp2_common/pico_cyw43_driver/cyw43_driver.c.obj
                0x10010afc                cyw43_hal_get_mac
 .text.cyw43_thread_enter
                0x10010b10       0x14 CMakeFiles/test.dir/Users/iankuik/Documents/GitHub/capstone-project-team_05/project/compsys/pico-sdk/src/rp2_common/pico_cyw43_driver/cyw43_driver.c.obj
                0x10010b10                cyw43_thread_enter
 .text.cyw43_thread_exit
                0x10010b24       0x14 CMakeFiles/test.dir/Users/iankuik/Documents/GitHub/capstone-project-team_05/project/compsys/pico-sdk/src/rp2_common/pico_cyw43_driver/cyw43_driver.c.obj
                0x10010b24                cyw43_thread_exit
 .text.cyw43_await_background_or_timeout_us
                0x10010b38       0x34 CMakeFiles/test.dir/Users/iankuik/Documents/GitHub/capstone-project-team_05/project/compsys/pico-sdk/src/rp2_common/pico_cyw43_driver/cyw43_driver.c.obj
                0x10010b38                cyw43_await_background_or_timeout_us
 .text.cyw43_delay_ms
                0x10010b6c       0x48 CMakeFiles/test.dir/Users/iankuik/Documents/GitHub/capstone-project-team_05/project/compsys/pico-sdk/src/rp2_common/pico_cyw43_driver/cyw43_driver.c.obj
                0x10010b6c                cyw43_delay_ms
 .text.cyw43_delay_us
                0x10010bb4       0x34 CMakeFiles/test.dir/Users/iankuik/Documents/GitHub/capstone-project-team_05/project/compsys/pico-sdk/src/rp2_common/pico_cyw43_driver/cyw43_driver.c.obj
                0x10010bb4                cyw43_delay_us
 .text.async_context_threadsafe_background_acquire_lock_blocking
                0x10010be8        0xc CMakeFiles/test.dir/Users/iankuik/Documents/GitHub/capstone-project-team_05/project/compsys/pico-sdk/src/rp2_common/pico_async_context/async_context_threadsafe_background.c.obj
 .text.alarm_handler
                0x10010bf4       0x20 CMakeFiles/test.dir/Users/iankuik/Documents/GitHub/capstone-project-team_05/project/compsys/pico-sdk/src/rp2_common/pico_async_context/async_context_threadsafe_background.c.obj
 .text.async_context_threadsafe_background_set_work_pending
                0x10010c14       0x1c CMakeFiles/test.dir/Users/iankuik/Documents/GitHub/capstone-project-team_05/project/compsys/pico-sdk/src/rp2_common/pico_async_context/async_context_threadsafe_background.c.obj
 .text.process_under_lock
                0x10010c30       0xcc CMakeFiles/test.dir/Users/iankuik/Documents/GitHub/capstone-project-team_05/project/compsys/pico-sdk/src/rp2_common/pico_async_context/async_context_threadsafe_background.c.obj
 .text.async_context_threadsafe_background_execute_sync
                0x10010cfc       0x30 CMakeFiles/test.dir/Users/iankuik/Documents/GitHub/capstone-project-team_05/project/compsys/pico-sdk/src/rp2_common/pico_async_context/async_context_threadsafe_background.c.obj
                0x10010cfc                async_context_threadsafe_background_execute_sync
 .text.async_context_threadsafe_background_deinit
                0x10010d2c       0x54 CMakeFiles/test.dir/Users/iankuik/Documents/GitHub/capstone-project-team_05/project/compsys/pico-sdk/src/rp2_common/pico_async_context/async_context_threadsafe_background.c.obj
 .text.low_priority_irq_handler
                0x10010d80       0x3c CMakeFiles/test.dir/Users/iankuik/Documents/GitHub/capstone-project-team_05/project/compsys/pico-sdk/src/rp2_common/pico_async_context/async_context_threadsafe_background.c.obj
 .text.async_context_threadsafe_background_wait_for_work_until
                0x10010dbc        0xc CMakeFiles/test.dir/Users/iankuik/Documents/GitHub/capstone-project-team_05/project/compsys/pico-sdk/src/rp2_common/pico_async_context/async_context_threadsafe_background.c.obj
 .text.async_context_threadsafe_background_wait_until
                0x10010dc8       0x1c CMakeFiles/test.dir/Users/iankuik/Documents/GitHub/capstone-project-team_05/project/compsys/pico-sdk/src/rp2_common/pico_async_context/async_context_threadsafe_background.c.obj
 .text.async_context_threadsafe_background_lock_check
                0x10010de4       0x28 CMakeFiles/test.dir/Users/iankuik/Documents/GitHub/capstone-project-team_05/project/compsys/pico-sdk/src/rp2_common/pico_async_context/async_context_threadsafe_background.c.obj
 .text.async_context_threadsafe_background_release_lock
                0x10010e0c       0x1c CMakeFiles/test.dir/Users/iankuik/Documents/GitHub/capstone-project-team_05/project/compsys/pico-sdk/src/rp2_common/pico_async_context/async_context_threadsafe_background.c.obj
 .text.async_context_threadsafe_background_add_at_time_worker
                0x10010e28       0x34 CMakeFiles/test.dir/Users/iankuik/Documents/GitHub/capstone-project-team_05/project/compsys/pico-sdk/src/rp2_common/pico_async_context/async_context_threadsafe_background.c.obj
 .text.async_context_threadsafe_background_remove_at_time_worker